==========================================
Start: Sat Jul  4 14:41:22 MST 2026
==========================================
Running inference on /xdisk/rgutenk/sgibbon/SLiM/High_r_production/Allotetraploids//simulations/trees/final/allo_final_Q_10_REP_2_ID_1.trees
Running inference for config: three_epoch_1
593.929128901555 593.9292254617437 593.9295463464526
Optimization 10 converged within tolerance of 0.001
Finished inference in 8487.421934366226 seconds
Finished optimization for /xdisk/rgutenk/sgibbon/SLiM/High_r_production/Allotetraploids//simulations/trees/final/allo_final_Q_10_REP_2_ID_1.trees
Success: True
Optimization results saved to 3epoch_large_collapsed/optimization_allo_final_Q_10_REP_2_ID_1.txt
Error: None
Running inference for config: three_epoch_2
101.9786785621439 101.97889774461649 101.97941365991002
Optimization 10 converged within tolerance of 0.001
Finished inference in 1168.041693687439 seconds
Finished optimization for /xdisk/rgutenk/sgibbon/SLiM/High_r_production/Allotetraploids//simulations/trees/final/allo_final_Q_10_REP_2_ID_1.trees
Success: True
Optimization results saved to 3epoch_small_collapsed/optimization_allo_final_Q_10_REP_2_ID_1.txt
Error: None
Running inference for config: three_epoch_3
548.1842606088645 548.2714111300932 549.3273443993121
548.1842606088645 548.2714111300932 549.3273443993121
548.1842606088645 548.2714111300932 549.3273443993121
548.1842606088645 548.2714111300932 549.3273443993121
548.1842606088645 548.1861617693951 548.2714111300932
Optimization 14 converged within tolerance of 0.001
Finished inference in 6269.931560516357 seconds
Finished optimization for /xdisk/rgutenk/sgibbon/SLiM/High_r_production/Allotetraploids//simulations/trees/final/allo_final_Q_10_REP_2_ID_1.trees
Success: True
Optimization results saved to 3epoch_misid_large_collapsed/optimization_allo_final_Q_10_REP_2_ID_1.txt
Error: None
Running inference for config: three_epoch_4
197.67424444031053 209.27376035523017 229.1560105903312
175.6248750679375 197.67424444031053 209.27376035523017
175.6248750679375 197.67424444031053 209.27376035523017
152.03820999544206 175.6248750679375 197.67424444031053
152.03820999544206 175.6248750679375 197.67424444031053
152.03820999544206 175.6248750679375 197.67424444031053
152.03820999544206 175.6248750679375 197.67424444031053
152.03820999544206 175.6248750679375 197.67424444031053
152.03820999544206 175.6248750679375 197.67424444031053
152.03820999544206 175.6248750679375 197.67424444031053
152.03820999544206 175.6248750679375 197.67424444031053
152.03820999544206 159.53655379988825 175.6248750679375
152.03820999544206 159.53655379988825 175.6248750679375
152.03820999544206 159.53655379988825 175.6248750679375
152.03820999544206 159.53655379988825 175.6248750679375
152.03820999544206 159.53655379988825 162.3344245173146
152.03820999544206 159.53655379988825 162.3344245173146
152.03820999544206 159.53655379988825 162.3344245173146
152.03820999544206 159.53655379988825 162.3344245173146
132.57284641118224 152.03820999544206 159.53655379988825
132.57284641118224 145.51454647963982 152.03820999544206
132.57284641118224 145.51454647963982 152.03820999544206
132.57284641118224 145.51454647963982 152.03820999544206
132.57284641118224 145.51454647963982 152.03820999544206
132.57284641118224 145.51454647963982 152.03820999544206
132.57284641118224 145.51454647963982 152.03820999544206
132.57284641118224 145.51454647963982 152.03820999544206
132.57284641118224 145.51454647963982 152.03820999544206
132.57284641118224 145.51454647963982 152.03820999544206
132.57284641118224 145.51454647963982 152.03820999544206
132.57284641118224 145.51454647963982 152.03820999544206
132.57284641118224 145.51454647963982 152.03820999544206
132.57284641118224 145.51454647963982 152.03820999544206
132.57284641118224 145.51454647963982 152.03820999544206
132.57284641118224 145.51454647963982 152.03820999544206
132.57284641118224 145.51454647963982 152.03820999544206
132.57284641118224 145.51454647963982 152.03820999544206
132.57284641118224 145.51454647963982 152.03820999544206
132.57284641118224 145.51454647963982 152.03820999544206
132.57284641118224 145.51454647963982 152.03820999544206
Finished inference in 673.0224554538727 seconds
Finished optimization for /xdisk/rgutenk/sgibbon/SLiM/High_r_production/Allotetraploids//simulations/trees/final/allo_final_Q_10_REP_2_ID_1.trees
Success: True
Optimization results saved to 3epoch_misid_small_collapsed/optimization_allo_final_Q_10_REP_2_ID_1.txt
Error: None
==========================================
Job completed at: Sat Jul  4 19:18:02 MST 2026
==========================================
