==========================================
Start: Sat Jul  4 14:39:23 MST 2026
==========================================
Running inference on /xdisk/rgutenk/sgibbon/SLiM/High_r_production/Allotetraploids//simulations/trees/final/allo_final_Q_10_REP_5_ID_1.trees
Running inference for config: three_epoch_1
1700.9722264036154 1700.9722265072328 1700.9723444518193
Optimization 10 converged within tolerance of 0.001
Finished inference in 6060.63142824173 seconds
Finished optimization for /xdisk/rgutenk/sgibbon/SLiM/High_r_production/Allotetraploids//simulations/trees/final/allo_final_Q_10_REP_5_ID_1.trees
Success: True
Optimization results saved to 3epoch_large/optimization_allo_final_Q_10_REP_5_ID_1.txt
Error: None
Running inference for config: three_epoch_2
342.0241562582314 342.02470389854227 342.02603484058795
Optimization 10 converged within tolerance of 0.001
Finished inference in 1123.4007279872894 seconds
Finished optimization for /xdisk/rgutenk/sgibbon/SLiM/High_r_production/Allotetraploids//simulations/trees/final/allo_final_Q_10_REP_5_ID_1.trees
Success: True
Optimization results saved to 3epoch_small/optimization_allo_final_Q_10_REP_5_ID_1.txt
Error: None
Running inference for config: three_epoch_3
1662.22742974897 1662.3081105141523 1663.3020018156108
Optimization 10 converged within tolerance of 0.001
Finished inference in 4214.7076189517975 seconds
Finished optimization for /xdisk/rgutenk/sgibbon/SLiM/High_r_production/Allotetraploids//simulations/trees/final/allo_final_Q_10_REP_5_ID_1.trees
Success: True
Optimization results saved to 3epoch_misid_large/optimization_allo_final_Q_10_REP_5_ID_1.txt
Error: None
Running inference for config: three_epoch_4
427.6965757327849 455.00318425027046 525.4113483289283
427.6965757327849 455.00318425027046 520.6459376440356
427.6965757327849 455.00318425027046 520.6459376440356
427.6965757327849 455.00318425027046 520.6459376440356
427.6965757327849 455.00318425027046 520.6459376440356
427.6965757327849 455.00318425027046 520.6459376440356
427.6965757327849 455.00318425027046 520.6459376440356
386.85435821687577 427.6965757327849 455.00318425027046
386.85435821687577 427.6965757327849 455.00318425027046
386.85435821687577 427.6965757327849 455.00318425027046
386.85435821687577 427.6965757327849 455.00318425027046
386.85435821687577 427.6965757327849 455.00318425027046
386.85435821687577 427.6965757327849 455.00318425027046
386.85435821687577 427.6965757327849 455.00318425027046
386.85435821687577 427.6965757327849 455.00318425027046
386.85435821687577 427.6965757327849 455.00318425027046
386.85435821687577 427.6965757327849 455.00318425027046
386.85435821687577 427.6965757327849 455.00318425027046
386.85435821687577 427.6965757327849 455.00318425027046
386.85435821687577 427.6965757327849 455.00318425027046
386.85435821687577 427.6965757327849 455.00318425027046
386.85435821687577 427.6965757327849 455.00318425027046
386.85435821687577 427.6965757327849 455.00318425027046
386.85435821687577 427.6965757327849 455.00318425027046
386.85435821687577 427.6965757327849 455.00318425027046
386.85435821687577 427.6965757327849 455.00318425027046
386.85435821687577 427.6965757327849 455.00318425027046
386.85435821687577 427.6965757327849 455.00318425027046
386.85435821687577 427.6965757327849 455.00318425027046
386.85435821687577 403.5492026491463 427.6965757327849
386.85435821687577 403.5492026491463 427.6965757327849
386.85435821687577 403.5492026491463 427.6965757327849
386.85435821687577 403.5492026491463 427.6965757327849
386.85435821687577 403.5492026491463 427.6965757327849
386.85435821687577 403.5492026491463 427.6965757327849
386.85435821687577 403.5492026491463 427.6965757327849
386.85435821687577 403.5492026491463 427.6965757327849
386.85435821687577 403.5492026491463 427.6965757327849
386.85435821687577 403.5492026491463 427.6965757327849
386.85435821687577 403.5492026491463 427.6965757327849
Finished inference in 677.6863803863525 seconds
Finished optimization for /xdisk/rgutenk/sgibbon/SLiM/High_r_production/Allotetraploids//simulations/trees/final/allo_final_Q_10_REP_5_ID_1.trees
Success: True
Optimization results saved to 3epoch_misid_small/optimization_allo_final_Q_10_REP_5_ID_1.txt
Error: None
==========================================
Job completed at: Sat Jul  4 18:00:42 MST 2026
==========================================
