==========================================
Start: Sat Jul  4 14:39:23 MST 2026
==========================================
Running inference on /xdisk/rgutenk/sgibbon/SLiM/High_r_production/Allotetraploids//simulations/trees/final/allo_final_Q_10_REP_6_ID_1.trees
Running inference for config: three_epoch_1
1715.437753534212 1715.4377573483762 1715.4378210302716
Optimization 10 converged within tolerance of 0.001
Finished inference in 5291.3847489356995 seconds
Finished optimization for /xdisk/rgutenk/sgibbon/SLiM/High_r_production/Allotetraploids//simulations/trees/final/allo_final_Q_10_REP_6_ID_1.trees
Success: True
Optimization results saved to 3epoch_large/optimization_allo_final_Q_10_REP_6_ID_1.txt
Error: None
Running inference for config: three_epoch_2
334.0686049829428 334.0686559511386 334.0688912591954
Optimization 10 converged within tolerance of 0.001
Finished inference in 1055.512791633606 seconds
Finished optimization for /xdisk/rgutenk/sgibbon/SLiM/High_r_production/Allotetraploids//simulations/trees/final/allo_final_Q_10_REP_6_ID_1.trees
Success: True
Optimization results saved to 3epoch_small/optimization_allo_final_Q_10_REP_6_ID_1.txt
Error: None
Running inference for config: three_epoch_3
1687.6646540818265 1690.5752406627585 1691.150149977756
1687.6646540818265 1688.148252059358 1690.5752406627585
1686.9253628983301 1687.6646540818265 1688.148252059358
Optimization 12 converged within tolerance of 0.001
Finished inference in 4111.062489032745 seconds
Finished optimization for /xdisk/rgutenk/sgibbon/SLiM/High_r_production/Allotetraploids//simulations/trees/final/allo_final_Q_10_REP_6_ID_1.trees
Success: True
Optimization results saved to 3epoch_misid_large/optimization_allo_final_Q_10_REP_6_ID_1.txt
Error: None
Running inference for config: three_epoch_4
412.99697966404733 443.6767979830141 506.62063723952826
412.99697966404733 443.6767979830141 506.62063723952826
407.32061914950737 412.99697966404733 443.6767979830141
407.32061914950737 412.99697966404733 443.6767979830141
407.32061914950737 412.99697966404733 443.6767979830141
407.32061914950737 412.99697966404733 443.6767979830141
407.32061914950737 412.99697966404733 443.6767979830141
407.32061914950737 412.99697966404733 443.6767979830141
407.32061914950737 412.99697966404733 443.6767979830141
407.32061914950737 412.99697966404733 443.6767979830141
407.32061914950737 412.99697966404733 443.6767979830141
407.32061914950737 412.99697966404733 443.6767979830141
407.32061914950737 412.99697966404733 443.6767979830141
407.32061914950737 412.99697966404733 443.6767979830141
407.32061914950737 412.99697966404733 443.6767979830141
407.32061914950737 412.99697966404733 443.6767979830141
407.32061914950737 412.99697966404733 420.43795633898424
407.32061914950737 412.99697966404733 420.43795633898424
407.32061914950737 412.99697966404733 420.43795633898424
407.32061914950737 412.99697966404733 420.43795633898424
407.32061914950737 412.99697966404733 420.43795633898424
407.32061914950737 412.99697966404733 420.43795633898424
407.32061914950737 412.99697966404733 420.43795633898424
407.32061914950737 412.99697966404733 420.43795633898424
407.32061914950737 412.99697966404733 420.43795633898424
407.32061914950737 412.99697966404733 420.43795633898424
407.32061914950737 412.99697966404733 420.43795633898424
407.32061914950737 412.99697966404733 420.43795633898424
407.32061914950737 412.99697966404733 420.43795633898424
407.32061914950737 412.99697966404733 420.43795633898424
407.32061914950737 412.99697966404733 420.43795633898424
407.32061914950737 412.99697966404733 420.43795633898424
407.32061914950737 412.99697966404733 420.43795633898424
407.32061914950737 412.99697966404733 420.43795633898424
407.32061914950737 412.99697966404733 420.43795633898424
407.32061914950737 412.99697966404733 420.43795633898424
407.32061914950737 412.99697966404733 420.43795633898424
407.32061914950737 412.99697966404733 420.43795633898424
403.3337268174447 407.32061914950737 412.99697966404733
403.3337268174447 407.32061914950737 412.99697966404733
Finished inference in 669.4667088985443 seconds
Finished optimization for /xdisk/rgutenk/sgibbon/SLiM/High_r_production/Allotetraploids//simulations/trees/final/allo_final_Q_10_REP_6_ID_1.trees
Success: True
Optimization results saved to 3epoch_misid_small/optimization_allo_final_Q_10_REP_6_ID_1.txt
Error: None
==========================================
Job completed at: Sat Jul  4 17:44:53 MST 2026
==========================================
