==========================================
Start: Sat Jul  4 14:39:24 MST 2026
==========================================
Running inference on /xdisk/rgutenk/sgibbon/SLiM/High_r_production/Allotetraploids//simulations/trees/final/allo_final_Q_10_REP_9_ID_1.trees
Running inference for config: three_epoch_1
1594.27289225137 1594.2729082867013 1594.2729130267503
Optimization 10 converged within tolerance of 0.001
Finished inference in 6063.481112718582 seconds
Finished optimization for /xdisk/rgutenk/sgibbon/SLiM/High_r_production/Allotetraploids//simulations/trees/final/allo_final_Q_10_REP_9_ID_1.trees
Success: True
Optimization results saved to 3epoch_large/optimization_allo_final_Q_10_REP_9_ID_1.txt
Error: None
Running inference for config: three_epoch_2
318.14768767786 318.1477422435697 318.1480573738563
Optimization 10 converged within tolerance of 0.001
Finished inference in 1190.736009836197 seconds
Finished optimization for /xdisk/rgutenk/sgibbon/SLiM/High_r_production/Allotetraploids//simulations/trees/final/allo_final_Q_10_REP_9_ID_1.trees
Success: True
Optimization results saved to 3epoch_small/optimization_allo_final_Q_10_REP_9_ID_1.txt
Error: None
Running inference for config: three_epoch_3
1565.740058370078 1567.9383206390125 1567.9920368192284
1565.740058370078 1566.0382678917906 1567.9383206390125
1565.740058370078 1566.0382678917906 1567.9383206390125
1565.740058370078 1566.0382678917906 1566.6250790409767
Optimization 13 converged within tolerance of 0.001
Finished inference in 4804.656348228455 seconds
Finished optimization for /xdisk/rgutenk/sgibbon/SLiM/High_r_production/Allotetraploids//simulations/trees/final/allo_final_Q_10_REP_9_ID_1.trees
Success: True
Optimization results saved to 3epoch_misid_large/optimization_allo_final_Q_10_REP_9_ID_1.txt
Error: None
Running inference for config: three_epoch_4
370.109294764022 416.68445696967274 431.03505857428803
370.109294764022 416.68445696967274 431.03505857428803
370.109294764022 416.68445696967274 431.03505857428803
370.109294764022 414.3341395446654 416.68445696967274
370.109294764022 414.3341395446654 416.68445696967274
370.109294764022 414.3341395446654 416.68445696967274
370.109294764022 414.3341395446654 416.68445696967274
370.109294764022 414.3341395446654 416.68445696967274
370.109294764022 414.3341395446654 416.68445696967274
370.109294764022 390.7980464852143 414.3341395446654
370.109294764022 390.7980464852143 414.3341395446654
370.109294764022 390.7980464852143 414.3341395446654
370.109294764022 390.7980464852143 414.3341395446654
370.109294764022 390.7980464852143 414.3341395446654
370.109294764022 390.7980464852143 414.3341395446654
370.109294764022 390.7980464852143 414.3341395446654
370.109294764022 390.7980464852143 414.3341395446654
370.109294764022 390.7980464852143 414.3341395446654
370.109294764022 390.7980464852143 414.3341395446654
370.109294764022 390.7980464852143 414.3341395446654
370.109294764022 390.7980464852143 414.3341395446654
370.109294764022 373.52554993598164 390.7980464852143
370.109294764022 373.52554993598164 390.7980464852143
370.109294764022 373.52554993598164 390.7980464852143
370.109294764022 373.52554993598164 390.7980464852143
370.109294764022 373.52554993598164 390.7980464852143
370.109294764022 373.52554993598164 390.7980464852143
370.109294764022 373.52554993598164 390.7980464852143
370.109294764022 373.52554993598164 390.7980464852143
370.109294764022 373.52554993598164 376.3336014726764
370.109294764022 373.52554993598164 376.3336014726764
370.109294764022 373.52554993598164 376.3336014726764
370.109294764022 373.52554993598164 376.3336014726764
370.109294764022 373.52554993598164 376.3336014726764
370.109294764022 373.52554993598164 376.3336014726764
370.109294764022 373.52554993598164 376.3336014726764
370.109294764022 373.52554993598164 376.3336014726764
370.109294764022 373.52554993598164 376.3336014726764
370.109294764022 373.52554993598164 376.3336014726764
370.109294764022 373.52554993598164 376.3336014726764
Finished inference in 661.3557209968567 seconds
Finished optimization for /xdisk/rgutenk/sgibbon/SLiM/High_r_production/Allotetraploids//simulations/trees/final/allo_final_Q_10_REP_9_ID_1.trees
Success: True
Optimization results saved to 3epoch_misid_small/optimization_allo_final_Q_10_REP_9_ID_1.txt
Error: None
==========================================
Job completed at: Sat Jul  4 18:11:26 MST 2026
==========================================
