==========================================
Start: Sat Jul  4 14:39:24 MST 2026
==========================================
Running inference on /xdisk/rgutenk/sgibbon/SLiM/High_r_production/Allotetraploids//simulations/trees/final/allo_final_Q_10_REP_4_ID_1.trees
Running inference for config: three_epoch_1
1726.0257103853717 1726.029371819739 1726.0322170602847
Optimization 10 converged within tolerance of 0.001
Finished inference in 5756.516723155975 seconds
Finished optimization for /xdisk/rgutenk/sgibbon/SLiM/High_r_production/Allotetraploids//simulations/trees/final/allo_final_Q_10_REP_4_ID_1.trees
Success: True
Optimization results saved to 3epoch_large/optimization_allo_final_Q_10_REP_4_ID_1.txt
Error: None
Running inference for config: three_epoch_2
323.83195084602795 323.8323127234654 323.8331382463575
Optimization 10 converged within tolerance of 0.001
Finished inference in 1143.067322731018 seconds
Finished optimization for /xdisk/rgutenk/sgibbon/SLiM/High_r_production/Allotetraploids//simulations/trees/final/allo_final_Q_10_REP_4_ID_1.trees
Success: True
Optimization results saved to 3epoch_small/optimization_allo_final_Q_10_REP_4_ID_1.txt
Error: None
Running inference for config: three_epoch_3
1682.4997891695073 1682.5000317467948 1682.8163424552622
Optimization 10 converged within tolerance of 0.001
Finished inference in 4398.447503328323 seconds
Finished optimization for /xdisk/rgutenk/sgibbon/SLiM/High_r_production/Allotetraploids//simulations/trees/final/allo_final_Q_10_REP_4_ID_1.trees
Success: True
Optimization results saved to 3epoch_misid_large/optimization_allo_final_Q_10_REP_4_ID_1.txt
Error: None
Running inference for config: three_epoch_4
389.3247593193407 409.27508509782444 462.91810878025456
389.3247593193407 409.27508509782444 462.91810878025456
382.3640589026563 389.3247593193407 409.27508509782444
382.3640589026563 389.3247593193407 409.27508509782444
382.3640589026563 389.3247593193407 409.27508509782444
382.3640589026563 389.3247593193407 409.27508509782444
382.3640589026563 389.3247593193407 409.27508509782444
382.3640589026563 389.3247593193407 409.27508509782444
382.3640589026563 389.3247593193407 409.27508509782444
382.3640589026563 389.3247593193407 409.27508509782444
382.3640589026563 389.3247593193407 409.27508509782444
382.3640589026563 389.3247593193407 409.27508509782444
382.3640589026563 389.3247593193407 409.27508509782444
382.3640589026563 389.3247593193407 409.27508509782444
382.3640589026563 389.3247593193407 409.27508509782444
382.3640589026563 389.3247593193407 409.27508509782444
382.3640589026563 389.3247593193407 409.27508509782444
382.3640589026563 389.3247593193407 409.27508509782444
382.3640589026563 389.3247593193407 409.27508509782444
382.3640589026563 389.3247593193407 409.27508509782444
382.3640589026563 389.3247593193407 409.27508509782444
382.3640589026563 389.3247593193407 409.27508509782444
382.3640589026563 389.3247593193407 409.27508509782444
382.3640589026563 389.3247593193407 409.27508509782444
382.3640589026563 389.3247593193407 409.27508509782444
382.3640589026563 389.3247593193407 409.27508509782444
382.3640589026563 389.3247593193407 409.27508509782444
382.3640589026563 389.3247593193407 409.27508509782444
382.3640589026563 389.3247593193407 409.27508509782444
382.3640589026563 389.3247593193407 409.27508509782444
382.3640589026563 389.3247593193407 409.27508509782444
382.3640589026563 389.3247593193407 409.27508509782444
377.35087385849454 382.3640589026563 389.3247593193407
377.35087385849454 382.3640589026563 389.3247593193407
377.35087385849454 382.3640589026563 387.98454167567354
377.35087385849454 382.3640589026563 387.98454167567354
377.35087385849454 382.3640589026563 387.98454167567354
377.35087385849454 382.3640589026563 387.98454167567354
377.35087385849454 382.3640589026563 387.98454167567354
377.35087385849454 382.3640589026563 387.98454167567354
Finished inference in 661.9093022346497 seconds
Finished optimization for /xdisk/rgutenk/sgibbon/SLiM/High_r_production/Allotetraploids//simulations/trees/final/allo_final_Q_10_REP_4_ID_1.trees
Success: True
Optimization results saved to 3epoch_misid_small/optimization_allo_final_Q_10_REP_4_ID_1.txt
Error: None
==========================================
Job completed at: Sat Jul  4 17:58:45 MST 2026
==========================================
