==========================================
Start: Sat Jul  4 14:41:22 MST 2026
==========================================
Running inference on /xdisk/rgutenk/sgibbon/SLiM/High_r_production/Allotetraploids//simulations/trees/final/allo_final_Q_10_REP_6_ID_1.trees
Running inference for config: three_epoch_1
572.545172230055 572.5451928378034 572.5453192305619
Optimization 10 converged within tolerance of 0.001
Finished inference in 6249.2022132873535 seconds
Finished optimization for /xdisk/rgutenk/sgibbon/SLiM/High_r_production/Allotetraploids//simulations/trees/final/allo_final_Q_10_REP_6_ID_1.trees
Success: True
Optimization results saved to 3epoch_large_collapsed/optimization_allo_final_Q_10_REP_6_ID_1.txt
Error: None
Running inference for config: three_epoch_2
99.78401090783294 99.78422155754546 99.785818564176
Optimization 10 converged within tolerance of 0.001
Finished inference in 870.7763705253601 seconds
Finished optimization for /xdisk/rgutenk/sgibbon/SLiM/High_r_production/Allotetraploids//simulations/trees/final/allo_final_Q_10_REP_6_ID_1.trees
Success: True
Optimization results saved to 3epoch_small_collapsed/optimization_allo_final_Q_10_REP_6_ID_1.txt
Error: None
Running inference for config: three_epoch_3
544.2104416395732 544.8346971434098 546.0401081995037
544.2104416395732 544.8346971434098 546.0401081995037
544.2104416395732 544.8346971434098 546.0401081995037
544.2104416395732 544.8120231094969 544.8346971434098
544.2104416395732 544.8120231094969 544.8346971434098
544.2104416395732 544.8120231094969 544.8346971434098
543.7209512859445 544.2104416395732 544.8120231094969
543.7209512859445 544.2104416395732 544.6050432819803
543.7209512859445 544.2104416395732 544.6050432819803
543.7209512859445 544.2104416395732 544.6050432819803
543.7209512859445 544.2104416395732 544.6050432819803
543.653455203462 543.7209512859445 544.2104416395732
543.653455203462 543.7209512859445 544.2104416395732
543.653455203462 543.7209512859445 544.2104416395732
543.653455203462 543.7209512859445 543.8380814880284
Optimization 24 converged within tolerance of 0.001
Finished inference in 8051.893440485001 seconds
Finished optimization for /xdisk/rgutenk/sgibbon/SLiM/High_r_production/Allotetraploids//simulations/trees/final/allo_final_Q_10_REP_6_ID_1.trees
Success: True
Optimization results saved to 3epoch_misid_large_collapsed/optimization_allo_final_Q_10_REP_6_ID_1.txt
Error: None
Running inference for config: three_epoch_4
190.2992593976696 207.43137769514524 219.8029500905579
190.2992593976696 207.43137769514524 219.8029500905579
190.2992593976696 207.43137769514524 219.8029500905579
190.2992593976696 207.43137769514524 219.8029500905579
190.2992593976696 207.43137769514524 219.8029500905579
190.2992593976696 207.43137769514524 219.8029500905579
190.2992593976696 207.43137769514524 219.8029500905579
154.23182136000005 190.2992593976696 207.43137769514524
154.23182136000005 163.88070135835096 190.2992593976696
154.23182136000005 163.88070135835096 190.2992593976696
154.23182136000005 163.88070135835096 190.2992593976696
154.23182136000005 163.88070135835096 180.22201742845047
154.23182136000005 163.88070135835096 180.22201742845047
154.23182136000005 163.88070135835096 180.22201742845047
154.23182136000005 163.88070135835096 180.22201742845047
154.23182136000005 163.88070135835096 180.22201742845047
154.23182136000005 163.88070135835096 173.22355185784645
154.23182136000005 163.88070135835096 173.22355185784645
154.23182136000005 163.88070135835096 173.22355185784645
154.23182136000005 163.88070135835096 173.22355185784645
154.23182136000005 163.88070135835096 173.22355185784645
154.23182136000005 163.88070135835096 173.22355185784645
154.23182136000005 163.88070135835096 173.22355185784645
154.23182136000005 163.88070135835096 173.22355185784645
154.23182136000005 163.88070135835096 173.22355185784645
154.23182136000005 163.88070135835096 173.22355185784645
154.23182136000005 163.88070135835096 173.22355185784645
154.23182136000005 163.88070135835096 173.22355185784645
154.23182136000005 163.88070135835096 173.22355185784645
154.23182136000005 163.88070135835096 173.22355185784645
154.23182136000005 163.88070135835096 173.22355185784645
154.23182136000005 163.88070135835096 173.22355185784645
154.23182136000005 163.88070135835096 173.22355185784645
154.23182136000005 163.88070135835096 173.22355185784645
154.23182136000005 163.88070135835096 173.22355185784645
154.23182136000005 163.88070135835096 173.22355185784645
154.23182136000005 163.88070135835096 173.22355185784645
154.23182136000005 163.88070135835096 173.22355185784645
154.23182136000005 163.88070135835096 173.22355185784645
154.23182136000005 163.88070135835096 173.22355185784645
Finished inference in 645.8102390766144 seconds
Finished optimization for /xdisk/rgutenk/sgibbon/SLiM/High_r_production/Allotetraploids//simulations/trees/final/allo_final_Q_10_REP_6_ID_1.trees
Success: True
Optimization results saved to 3epoch_misid_small_collapsed/optimization_allo_final_Q_10_REP_6_ID_1.txt
Error: None
==========================================
Job completed at: Sat Jul  4 19:05:01 MST 2026
==========================================
