==========================================
Start: Sat Jul  4 14:41:22 MST 2026
==========================================
Running inference on /xdisk/rgutenk/sgibbon/SLiM/High_r_production/Allotetraploids//simulations/trees/final/allo_final_Q_10_REP_5_ID_1.trees
Running inference for config: three_epoch_1
593.6630240243524 593.6631356973185 593.6634970306735
Optimization 10 converged within tolerance of 0.001
Finished inference in 6821.207278728485 seconds
Finished optimization for /xdisk/rgutenk/sgibbon/SLiM/High_r_production/Allotetraploids//simulations/trees/final/allo_final_Q_10_REP_5_ID_1.trees
Success: True
Optimization results saved to 3epoch_large_collapsed/optimization_allo_final_Q_10_REP_5_ID_1.txt
Error: None
Running inference for config: three_epoch_2
107.10279479497612 107.10280840837859 107.10281334053309
Optimization 10 converged within tolerance of 0.001
Finished inference in 1335.0367405414581 seconds
Finished optimization for /xdisk/rgutenk/sgibbon/SLiM/High_r_production/Allotetraploids//simulations/trees/final/allo_final_Q_10_REP_5_ID_1.trees
Success: True
Optimization results saved to 3epoch_small_collapsed/optimization_allo_final_Q_10_REP_5_ID_1.txt
Error: None
Running inference for config: three_epoch_3
554.299261015846 556.1088588636234 556.2169602462466
554.299261015846 556.1088588636234 556.2169602462466
554.2797127352555 554.299261015846 556.1088588636234
554.2797127352555 554.299261015846 556.1088588636234
554.2797127352555 554.299261015846 556.1088588636234
554.2797127352555 554.299261015846 556.1088588636234
554.2797127352555 554.299261015846 554.810967668792
Optimization 16 converged within tolerance of 0.001
Finished inference in 6791.518365383148 seconds
Finished optimization for /xdisk/rgutenk/sgibbon/SLiM/High_r_production/Allotetraploids//simulations/trees/final/allo_final_Q_10_REP_5_ID_1.trees
Success: True
Optimization results saved to 3epoch_misid_large_collapsed/optimization_allo_final_Q_10_REP_5_ID_1.txt
Error: None
Running inference for config: three_epoch_4
251.45781935786795 334.0127289124978 368.60704346696406
251.45781935786795 282.6982197881582 334.0127289124978
251.45781935786795 282.6982197881582 334.0127289124978
251.45781935786795 282.6982197881582 334.0127289124978
251.45781935786795 282.6982197881582 334.0127289124978
216.62762073200852 251.45781935786795 282.6982197881582
206.6887479790559 216.62762073200852 251.45781935786795
206.6887479790559 216.62762073200852 251.45781935786795
206.6887479790559 216.62762073200852 251.45781935786795
206.6887479790559 216.62762073200852 251.45781935786795
206.6887479790559 216.62762073200852 251.45781935786795
206.6887479790559 216.62762073200852 251.45781935786795
188.13339698722825 206.6887479790559 216.62762073200852
188.13339698722825 206.6887479790559 216.62762073200852
188.13339698722825 206.6887479790559 216.62762073200852
188.13339698722825 206.6887479790559 216.62762073200852
188.13339698722825 206.6887479790559 216.62762073200852
188.13339698722825 206.6887479790559 216.62762073200852
188.13339698722825 206.6887479790559 216.62762073200852
188.13339698722825 206.6887479790559 216.62762073200852
188.13339698722825 206.6887479790559 214.80916312743787
188.13339698722825 206.6887479790559 214.80916312743787
188.13339698722825 206.6887479790559 214.80916312743787
135.46332966450245 188.13339698722825 206.6887479790559
135.46332966450245 188.13339698722825 206.6887479790559
135.46332966450245 188.13339698722825 206.6887479790559
135.46332966450245 188.13339698722825 206.6887479790559
135.46332966450245 188.13339698722825 206.6887479790559
135.46332966450245 188.13339698722825 206.6887479790559
135.46332966450245 188.13339698722825 206.6887479790559
135.46332966450245 188.13339698722825 206.6887479790559
135.46332966450245 188.13339698722825 206.6887479790559
135.46332966450245 188.13339698722825 206.6887479790559
135.46332966450245 188.13339698722825 206.6887479790559
135.46332966450245 188.13339698722825 206.6887479790559
135.46332966450245 188.13339698722825 206.6887479790559
135.46332966450245 188.13339698722825 206.6887479790559
135.46332966450245 188.13339698722825 206.6887479790559
135.46332966450245 188.13339698722825 206.6887479790559
135.46332966450245 188.13339698722825 206.6887479790559
Finished inference in 684.9503057003021 seconds
Finished optimization for /xdisk/rgutenk/sgibbon/SLiM/High_r_production/Allotetraploids//simulations/trees/final/allo_final_Q_10_REP_5_ID_1.trees
Success: True
Optimization results saved to 3epoch_misid_small_collapsed/optimization_allo_final_Q_10_REP_5_ID_1.txt
Error: None
==========================================
Job completed at: Sat Jul  4 19:01:56 MST 2026
==========================================
