==========================================
Start: Sat Jul  4 14:39:24 MST 2026
==========================================
Running inference on /xdisk/rgutenk/sgibbon/SLiM/High_r_production/Allotetraploids//simulations/trees/final/allo_final_Q_10_REP_10_ID_1.trees
Running inference for config: three_epoch_1
1541.532569420343 1541.5325755160711 1541.5325835461754
Optimization 10 converged within tolerance of 0.001
Finished inference in 6790.182638168335 seconds
Finished optimization for /xdisk/rgutenk/sgibbon/SLiM/High_r_production/Allotetraploids//simulations/trees/final/allo_final_Q_10_REP_10_ID_1.trees
Success: True
Optimization results saved to 3epoch_large/optimization_allo_final_Q_10_REP_10_ID_1.txt
Error: None
Running inference for config: three_epoch_2
323.14682869875446 323.14915789871156 323.15056773617175
Optimization 10 converged within tolerance of 0.001
Finished inference in 1188.5257666110992 seconds
Finished optimization for /xdisk/rgutenk/sgibbon/SLiM/High_r_production/Allotetraploids//simulations/trees/final/allo_final_Q_10_REP_10_ID_1.trees
Success: True
Optimization results saved to 3epoch_small/optimization_allo_final_Q_10_REP_10_ID_1.txt
Error: None
Running inference for config: three_epoch_3
1515.9603055591192 1515.9658231534158 1515.966753560335
Optimization 10 converged within tolerance of 0.001
Finished inference in 5430.334319353104 seconds
Finished optimization for /xdisk/rgutenk/sgibbon/SLiM/High_r_production/Allotetraploids//simulations/trees/final/allo_final_Q_10_REP_10_ID_1.trees
Success: True
Optimization results saved to 3epoch_misid_large/optimization_allo_final_Q_10_REP_10_ID_1.txt
Error: None
Running inference for config: three_epoch_4
377.62877354172133 440.0318432294198 526.0178798551884
377.62877354172133 440.0318432294198 526.0178798551884
377.62877354172133 440.0318432294198 526.0178798551884
377.62877354172133 440.0318432294198 526.0178798551884
377.62877354172133 440.0318432294198 526.0178798551884
377.62877354172133 440.0318432294198 521.5390926928446
377.62877354172133 440.0318432294198 521.5390926928446
377.62877354172133 435.68878475368285 440.0318432294198
377.62877354172133 435.68878475368285 440.0318432294198
377.62877354172133 435.68878475368285 440.0318432294198
377.62877354172133 435.68878475368285 440.0318432294198
377.62877354172133 435.68878475368285 440.0318432294198
377.62877354172133 435.68878475368285 440.0318432294198
377.62877354172133 424.40338365528237 435.68878475368285
377.62877354172133 391.83624784711503 424.40338365528237
377.62877354172133 391.83624784711503 414.34601028734073
377.62877354172133 391.83624784711503 414.34601028734073
377.62877354172133 391.83624784711503 414.34601028734073
377.62877354172133 391.83624784711503 392.5675172914443
377.62877354172133 391.83624784711503 392.5675172914443
377.62877354172133 391.83624784711503 392.5675172914443
377.62877354172133 391.83624784711503 392.5675172914443
377.62877354172133 391.83624784711503 392.5675172914443
377.62877354172133 391.83624784711503 392.5675172914443
377.62877354172133 391.83624784711503 392.5675172914443
377.62877354172133 391.83624784711503 392.5675172914443
377.62877354172133 391.83624784711503 392.5675172914443
377.62877354172133 391.83624784711503 392.5675172914443
377.62877354172133 391.83624784711503 392.5675172914443
377.62877354172133 391.83624784711503 392.5675172914443
377.62877354172133 391.83624784711503 392.5675172914443
377.62877354172133 391.83624784711503 392.5675172914443
377.62877354172133 391.83624784711503 392.5675172914443
377.62877354172133 391.83624784711503 392.5675172914443
377.62877354172133 391.83624784711503 392.5675172914443
377.62877354172133 391.83624784711503 392.5675172914443
377.62877354172133 391.83624784711503 392.5675172914443
377.62877354172133 391.83624784711503 392.5675172914443
377.62877354172133 391.83624784711503 392.5675172914443
377.62877354172133 391.83624784711503 392.5675172914443
Finished inference in 739.469244480133 seconds
Finished optimization for /xdisk/rgutenk/sgibbon/SLiM/High_r_production/Allotetraploids//simulations/trees/final/allo_final_Q_10_REP_10_ID_1.trees
Success: True
Optimization results saved to 3epoch_misid_small/optimization_allo_final_Q_10_REP_10_ID_1.txt
Error: None
==========================================
Job completed at: Sat Jul  4 18:35:14 MST 2026
==========================================
