==========================================
Start: Sat Jul  4 14:41:22 MST 2026
==========================================
Running inference on /xdisk/rgutenk/sgibbon/SLiM/High_r_production/Allotetraploids//simulations/trees/final/allo_final_Q_10_REP_1_ID_1.trees
Running inference for config: three_epoch_1
562.4989062810016 562.4989178923784 562.4989714761734
Optimization 10 converged within tolerance of 0.001
Finished inference in 6696.901763677597 seconds
Finished optimization for /xdisk/rgutenk/sgibbon/SLiM/High_r_production/Allotetraploids//simulations/trees/final/allo_final_Q_10_REP_1_ID_1.trees
Success: True
Optimization results saved to 3epoch_large_collapsed/optimization_allo_final_Q_10_REP_1_ID_1.txt
Error: None
Running inference for config: three_epoch_2
103.00198562125152 103.00206538831523 103.00215716992852
Optimization 10 converged within tolerance of 0.001
Finished inference in 765.379426240921 seconds
Finished optimization for /xdisk/rgutenk/sgibbon/SLiM/High_r_production/Allotetraploids//simulations/trees/final/allo_final_Q_10_REP_1_ID_1.trees
Success: True
Optimization results saved to 3epoch_small_collapsed/optimization_allo_final_Q_10_REP_1_ID_1.txt
Error: None
Running inference for config: three_epoch_3
534.9595812661428 536.0700698721785 536.2162864524789
534.9595812661428 536.0700698721785 536.2162864524789
534.9595812661428 536.0700698721785 536.2162864524789
534.9595812661428 536.0700698721785 536.2162864524789
534.9595812661428 536.0700698721785 536.2162864524789
534.9595812661428 536.0700698721785 536.2162864524789
534.9595812661428 536.0700698721785 536.2162864524789
534.8949468916115 534.9595812661428 536.0700698721785
534.8949468916115 534.9595812661428 536.0700698721785
534.8949468916115 534.9595812661428 536.0700698721785
534.8949468916115 534.9595812661428 536.0700698721785
534.8949468916115 534.9595812661428 536.0700698721785
534.8949468916115 534.9595812661428 536.0700698721785
534.8949468916115 534.9595812661428 536.0700698721785
534.8949468916115 534.9595812661428 536.0700698721785
534.8949468916115 534.9595812661428 536.0700698721785
534.8949468916115 534.9595812661428 536.0700698721785
534.8949468916115 534.9595812661428 536.0700698721785
534.8949468916115 534.9595812661428 535.9215177769563
534.8949468916115 534.9595812661428 535.9215177769563
534.8949468916115 534.9595812661428 535.9215177769563
534.8949468916115 534.9595812661428 535.9215177769563
534.7894037579922 534.8949468916115 534.9595812661428
Optimization 32 converged within tolerance of 0.001
Finished inference in 12573.7568089962 seconds
Finished optimization for /xdisk/rgutenk/sgibbon/SLiM/High_r_production/Allotetraploids//simulations/trees/final/allo_final_Q_10_REP_1_ID_1.trees
Success: True
Optimization results saved to 3epoch_misid_large_collapsed/optimization_allo_final_Q_10_REP_1_ID_1.txt
Error: None
Running inference for config: three_epoch_4
203.82286893077972 250.5129943718172 252.2883528201063
161.16162093006963 203.82286893077972 250.5129943718172
161.16162093006963 203.82286893077972 226.72273452039076
161.16162093006963 187.27251663180488 203.82286893077972
161.16162093006963 187.27251663180488 203.82286893077972
161.16162093006963 187.27251663180488 203.82286893077972
161.16162093006963 187.27251663180488 203.82286893077972
161.16162093006963 187.27251663180488 203.82286893077972
161.16162093006963 187.27251663180488 203.82286893077972
161.16162093006963 187.27251663180488 203.82286893077972
161.16162093006963 187.27251663180488 203.82286893077972
161.16162093006963 187.27251663180488 203.0348627436555
161.16162093006963 187.27251663180488 203.0348627436555
161.16162093006963 187.27251663180488 197.1049392143172
161.16162093006963 187.27251663180488 197.1049392143172
161.16162093006963 187.27251663180488 197.1049392143172
161.16162093006963 187.27251663180488 197.1049392143172
161.16162093006963 187.27251663180488 197.1049392143172
161.16162093006963 187.27251663180488 197.1049392143172
161.16162093006963 187.27251663180488 197.1049392143172
161.16162093006963 184.14442620117208 187.27251663180488
161.16162093006963 184.14442620117208 187.27251663180488
161.16162093006963 184.14442620117208 187.27251663180488
161.16162093006963 184.14442620117208 186.3166084483333
161.16162093006963 184.14442620117208 186.3166084483333
161.16162093006963 184.14442620117208 186.3166084483333
161.16162093006963 184.14442620117208 186.3166084483333
161.16162093006963 184.14442620117208 186.3166084483333
161.16162093006963 184.14442620117208 186.3166084483333
161.16162093006963 184.14442620117208 186.3166084483333
161.16162093006963 184.14442620117208 186.3166084483333
161.16162093006963 184.14442620117208 186.3166084483333
161.16162093006963 184.14442620117208 186.3166084483333
161.16162093006963 184.14442620117208 186.3166084483333
161.16162093006963 184.14442620117208 186.3166084483333
161.16162093006963 184.14442620117208 186.3166084483333
161.16162093006963 184.14442620117208 186.3166084483333
161.16162093006963 184.14442620117208 186.3166084483333
161.16162093006963 184.14442620117208 186.3166084483333
161.16162093006963 184.14442620117208 186.3166084483333
Finished inference in 667.570966720581 seconds
Finished optimization for /xdisk/rgutenk/sgibbon/SLiM/High_r_production/Allotetraploids//simulations/trees/final/allo_final_Q_10_REP_1_ID_1.trees
Success: True
Optimization results saved to 3epoch_misid_small_collapsed/optimization_allo_final_Q_10_REP_1_ID_1.txt
Error: None
==========================================
Job completed at: Sat Jul  4 20:26:27 MST 2026
==========================================
