==========================================
Start: Sat Jul  4 14:39:24 MST 2026
==========================================
Running inference on /xdisk/rgutenk/sgibbon/SLiM/High_r_production/Allotetraploids//simulations/trees/final/allo_final_Q_10_REP_3_ID_1.trees
Running inference for config: three_epoch_1
1720.5180032374453 1720.5180848694658 1720.5185545487993
Optimization 10 converged within tolerance of 0.001
Finished inference in 6483.096035242081 seconds
Finished optimization for /xdisk/rgutenk/sgibbon/SLiM/High_r_production/Allotetraploids//simulations/trees/final/allo_final_Q_10_REP_3_ID_1.trees
Success: True
Optimization results saved to 3epoch_large/optimization_allo_final_Q_10_REP_3_ID_1.txt
Error: None
Running inference for config: three_epoch_2
351.793181551203 351.7933048176096 351.7933053556642
Optimization 10 converged within tolerance of 0.001
Finished inference in 975.8890314102173 seconds
Finished optimization for /xdisk/rgutenk/sgibbon/SLiM/High_r_production/Allotetraploids//simulations/trees/final/allo_final_Q_10_REP_3_ID_1.trees
Success: True
Optimization results saved to 3epoch_small/optimization_allo_final_Q_10_REP_3_ID_1.txt
Error: None
Running inference for config: three_epoch_3
1693.380751550036 1694.2122740488492 1694.5886255790197
Optimization 10 converged within tolerance of 0.001
Finished inference in 3543.50084400177 seconds
Finished optimization for /xdisk/rgutenk/sgibbon/SLiM/High_r_production/Allotetraploids//simulations/trees/final/allo_final_Q_10_REP_3_ID_1.trees
Success: True
Optimization results saved to 3epoch_misid_large/optimization_allo_final_Q_10_REP_3_ID_1.txt
Error: None
Running inference for config: three_epoch_4
426.7570150742906 432.22639768633064 437.01451155325964
426.7570150742906 432.22639768633064 437.01451155325964
426.7570150742906 432.22639768633064 437.01451155325964
426.7570150742906 432.22639768633064 437.01451155325964
426.7570150742906 432.22639768633064 437.01451155325964
426.7570150742906 432.22639768633064 437.01451155325964
426.7570150742906 432.22639768633064 437.01451155325964
426.7570150742906 432.22639768633064 437.01451155325964
426.7570150742906 432.22639768633064 437.01451155325964
426.7570150742906 432.22639768633064 437.01451155325964
420.0216733196878 426.7570150742906 432.22639768633064
420.0216733196878 426.7570150742906 432.22639768633064
420.0216733196878 426.7570150742906 432.22639768633064
420.0216733196878 426.7570150742906 432.22639768633064
397.84935349250117 420.0216733196878 426.7570150742906
397.84935349250117 420.0216733196878 426.7570150742906
397.84935349250117 420.0216733196878 426.7570150742906
397.84935349250117 420.0216733196878 426.7570150742906
397.84935349250117 420.0216733196878 426.7570150742906
397.84935349250117 420.0216733196878 426.7570150742906
397.84935349250117 420.0216733196878 426.7570150742906
397.84935349250117 420.0216733196878 426.7570150742906
397.84935349250117 420.0216733196878 426.7570150742906
397.84935349250117 420.0216733196878 426.7570150742906
397.84935349250117 420.0216733196878 426.7570150742906
397.84935349250117 420.0216733196878 426.7570150742906
397.84935349250117 420.0216733196878 426.7570150742906
397.84935349250117 420.0216733196878 426.7570150742906
397.84935349250117 420.0216733196878 426.7570150742906
397.84935349250117 402.29471009306343 420.0216733196878
397.84935349250117 402.29471009306343 420.0216733196878
397.84935349250117 402.29471009306343 420.0216733196878
397.84935349250117 402.29471009306343 420.0216733196878
397.84935349250117 402.29471009306343 420.0216733196878
397.84935349250117 402.29471009306343 420.0216733196878
397.84935349250117 402.29471009306343 420.0216733196878
397.84935349250117 402.29471009306343 420.0216733196878
397.84935349250117 402.29471009306343 420.0216733196878
397.84935349250117 402.29471009306343 420.0216733196878
397.84935349250117 402.29471009306343 420.0216733196878
Finished inference in 706.9185321331024 seconds
Finished optimization for /xdisk/rgutenk/sgibbon/SLiM/High_r_production/Allotetraploids//simulations/trees/final/allo_final_Q_10_REP_3_ID_1.trees
Success: True
Optimization results saved to 3epoch_misid_small/optimization_allo_final_Q_10_REP_3_ID_1.txt
Error: None
==========================================
Job completed at: Sat Jul  4 17:54:35 MST 2026
==========================================
