==========================================
Start: Sat Jul  4 14:39:24 MST 2026
==========================================
Running inference on /xdisk/rgutenk/sgibbon/SLiM/High_r_production/Allotetraploids//simulations/trees/final/allo_final_Q_10_REP_1_ID_1.trees
Running inference for config: three_epoch_1
1611.7227521849886 1611.7229621625588 1611.7232467723381
Optimization 10 converged within tolerance of 0.001
Finished inference in 6446.488011837006 seconds
Finished optimization for /xdisk/rgutenk/sgibbon/SLiM/High_r_production/Allotetraploids//simulations/trees/final/allo_final_Q_10_REP_1_ID_1.trees
Success: True
Optimization results saved to 3epoch_large/optimization_allo_final_Q_10_REP_1_ID_1.txt
Error: None
Running inference for config: three_epoch_2
334.291938142516 334.29194839078775 334.2921243983441
Optimization 10 converged within tolerance of 0.001
Finished inference in 1174.8411865234375 seconds
Finished optimization for /xdisk/rgutenk/sgibbon/SLiM/High_r_production/Allotetraploids//simulations/trees/final/allo_final_Q_10_REP_1_ID_1.trees
Success: True
Optimization results saved to 3epoch_small/optimization_allo_final_Q_10_REP_1_ID_1.txt
Error: None
Running inference for config: three_epoch_3
1584.2879606287843 1585.8496887695476 1586.1374906343963
1584.2879606287843 1585.8496887695476 1586.1374906343963
1584.2879606287843 1585.8496887695476 1586.1374906343963
1584.2879606287843 1585.8496887695476 1586.1374906343963
1584.2879606287843 1585.8496887695476 1586.1374906343963
1584.2879606287843 1585.8496887695476 1586.1374906343963
1584.2879606287843 1585.0388677227857 1585.8496887695476
Optimization 16 converged within tolerance of 0.001
Finished inference in 6117.698266983032 seconds
Finished optimization for /xdisk/rgutenk/sgibbon/SLiM/High_r_production/Allotetraploids//simulations/trees/final/allo_final_Q_10_REP_1_ID_1.trees
Success: True
Optimization results saved to 3epoch_misid_large/optimization_allo_final_Q_10_REP_1_ID_1.txt
Error: None
Running inference for config: three_epoch_4
448.87357234296223 466.8899047249531 487.79813951076545
448.87357234296223 466.8899047249531 487.79813951076545
448.87357234296223 466.8899047249531 487.79813951076545
448.87357234296223 466.8899047249531 487.79813951076545
448.87357234296223 466.8899047249531 487.79813951076545
397.0199701862522 448.87357234296223 466.8899047249531
397.0199701862522 403.35595660776374 448.87357234296223
397.0199701862522 403.35595660776374 425.16898425306556
397.0199701862522 403.35595660776374 425.16898425306556
397.0199701862522 403.35595660776374 425.16898425306556
397.0199701862522 403.35595660776374 425.16898425306556
397.0199701862522 403.35595660776374 425.16898425306556
397.0199701862522 403.35595660776374 425.16898425306556
397.0199701862522 403.35595660776374 425.16898425306556
397.0199701862522 403.35595660776374 425.16898425306556
397.0199701862522 403.35595660776374 425.16898425306556
397.0199701862522 403.35595660776374 425.16898425306556
397.0199701862522 403.35595660776374 425.16898425306556
397.0199701862522 403.35595660776374 425.16898425306556
397.0199701862522 403.35595660776374 425.16898425306556
397.0199701862522 403.35595660776374 425.16898425306556
397.0199701862522 403.35595660776374 424.24689907432105
397.0199701862522 403.35595660776374 424.24689907432105
397.0199701862522 403.35595660776374 424.24689907432105
397.0199701862522 403.35595660776374 424.24689907432105
397.0199701862522 403.35595660776374 424.24689907432105
397.0199701862522 403.35595660776374 424.24689907432105
397.0199701862522 403.35595660776374 424.24689907432105
397.0199701862522 403.35595660776374 424.24689907432105
397.0199701862522 403.35595660776374 424.24689907432105
397.0199701862522 403.35595660776374 424.24689907432105
397.0199701862522 403.35595660776374 424.24689907432105
397.0199701862522 403.35595660776374 424.24689907432105
397.0199701862522 403.35595660776374 414.116127031548
397.0199701862522 403.35595660776374 414.116127031548
397.0199701862522 403.35595660776374 414.116127031548
397.0199701862522 403.35595660776374 414.116127031548
370.9432950446027 397.0199701862522 403.35595660776374
370.9432950446027 397.0199701862522 403.35595660776374
370.9432950446027 391.020773034283 397.0199701862522
Finished inference in 654.3402714729309 seconds
Finished optimization for /xdisk/rgutenk/sgibbon/SLiM/High_r_production/Allotetraploids//simulations/trees/final/allo_final_Q_10_REP_1_ID_1.trees
Success: True
Optimization results saved to 3epoch_misid_small/optimization_allo_final_Q_10_REP_1_ID_1.txt
Error: None
==========================================
Job completed at: Sat Jul  4 18:39:19 MST 2026
==========================================
