==========================================
Start: Sat Jul  4 14:39:24 MST 2026
==========================================
Running inference on /xdisk/rgutenk/sgibbon/SLiM/High_r_production/Allotetraploids//simulations/trees/final/allo_final_Q_10_REP_2_ID_1.trees
Running inference for config: three_epoch_1
1579.8494324085987 1579.8495995064031 1579.850152822396
Optimization 10 converged within tolerance of 0.001
Finished inference in 5547.006298303604 seconds
Finished optimization for /xdisk/rgutenk/sgibbon/SLiM/High_r_production/Allotetraploids//simulations/trees/final/allo_final_Q_10_REP_2_ID_1.trees
Success: True
Optimization results saved to 3epoch_large/optimization_allo_final_Q_10_REP_2_ID_1.txt
Error: None
Running inference for config: three_epoch_2
311.86757814509224 311.8678317144671 311.8679524259827
Optimization 10 converged within tolerance of 0.001
Finished inference in 1305.1332881450653 seconds
Finished optimization for /xdisk/rgutenk/sgibbon/SLiM/High_r_production/Allotetraploids//simulations/trees/final/allo_final_Q_10_REP_2_ID_1.trees
Success: True
Optimization results saved to 3epoch_small/optimization_allo_final_Q_10_REP_2_ID_1.txt
Error: None
Running inference for config: three_epoch_3
1531.1077348459476 1531.6468464262464 1531.7624794933163
Optimization 10 converged within tolerance of 0.001
Finished inference in 4168.891278505325 seconds
Finished optimization for /xdisk/rgutenk/sgibbon/SLiM/High_r_production/Allotetraploids//simulations/trees/final/allo_final_Q_10_REP_2_ID_1.trees
Success: True
Optimization results saved to 3epoch_misid_large/optimization_allo_final_Q_10_REP_2_ID_1.txt
Error: None
Running inference for config: three_epoch_4
375.7965840425733 395.59045008778367 427.131374801135
361.071513888901 375.7965840425733 395.59045008778367
361.071513888901 375.7965840425733 390.7337443667645
361.071513888901 375.7965840425733 390.7337443667645
361.071513888901 375.7965840425733 390.7337443667645
361.071513888901 375.7965840425733 390.7337443667645
361.071513888901 375.7965840425733 390.7337443667645
361.071513888901 375.7965840425733 390.7337443667645
361.071513888901 375.7965840425733 390.7337443667645
361.071513888901 375.7965840425733 390.7337443667645
361.071513888901 375.7965840425733 390.7337443667645
361.071513888901 375.7965840425733 390.7337443667645
361.071513888901 375.7965840425733 390.7337443667645
361.071513888901 375.7965840425733 390.7337443667645
361.071513888901 375.7965840425733 390.7337443667645
361.071513888901 375.7965840425733 390.7337443667645
361.071513888901 375.7965840425733 390.7337443667645
361.071513888901 375.7965840425733 390.7337443667645
361.071513888901 375.7965840425733 390.7337443667645
361.071513888901 375.7965840425733 390.7337443667645
361.071513888901 375.7965840425733 390.7337443667645
361.071513888901 375.7965840425733 390.7337443667645
361.071513888901 375.7965840425733 390.7337443667645
346.29112806766227 361.071513888901 375.7965840425733
346.29112806766227 361.071513888901 375.7965840425733
346.29112806766227 361.071513888901 375.7965840425733
346.29112806766227 361.071513888901 375.7965840425733
346.29112806766227 361.071513888901 375.7965840425733
346.29112806766227 361.071513888901 375.7965840425733
346.29112806766227 361.071513888901 375.7965840425733
346.29112806766227 361.071513888901 375.7965840425733
346.29112806766227 361.071513888901 375.7965840425733
346.29112806766227 361.071513888901 375.7965840425733
346.29112806766227 361.071513888901 375.7965840425733
346.29112806766227 361.071513888901 375.7965840425733
346.29112806766227 361.071513888901 375.7965840425733
346.29112806766227 361.071513888901 375.7965840425733
346.29112806766227 361.071513888901 375.7965840425733
346.29112806766227 361.071513888901 375.7965840425733
346.29112806766227 361.071513888901 375.7965840425733
Finished inference in 671.0640895366669 seconds
Finished optimization for /xdisk/rgutenk/sgibbon/SLiM/High_r_production/Allotetraploids//simulations/trees/final/allo_final_Q_10_REP_2_ID_1.trees
Success: True
Optimization results saved to 3epoch_misid_small/optimization_allo_final_Q_10_REP_2_ID_1.txt
Error: None
==========================================
Job completed at: Sat Jul  4 17:54:18 MST 2026
==========================================
