==========================================
Start: Sat Jul  4 14:41:22 MST 2026
==========================================
Running inference on /xdisk/rgutenk/sgibbon/SLiM/High_r_production/Allotetraploids//simulations/trees/final/allo_final_Q_10_REP_4_ID_1.trees
Running inference for config: three_epoch_1
602.6925394621533 602.6925839657192 602.6925982818277
Optimization 10 converged within tolerance of 0.001
Finished inference in 5627.610331058502 seconds
Finished optimization for /xdisk/rgutenk/sgibbon/SLiM/High_r_production/Allotetraploids//simulations/trees/final/allo_final_Q_10_REP_4_ID_1.trees
Success: True
Optimization results saved to 3epoch_large_collapsed/optimization_allo_final_Q_10_REP_4_ID_1.txt
Error: None
Running inference for config: three_epoch_2
99.31310381119798 99.31345417994001 99.31355327691458
Optimization 10 converged within tolerance of 0.001
Finished inference in 1173.1763842105865 seconds
Finished optimization for /xdisk/rgutenk/sgibbon/SLiM/High_r_production/Allotetraploids//simulations/trees/final/allo_final_Q_10_REP_4_ID_1.trees
Success: True
Optimization results saved to 3epoch_small_collapsed/optimization_allo_final_Q_10_REP_4_ID_1.txt
Error: None
Running inference for config: three_epoch_3
559.1544109006054 559.2700724129531 563.3903896688214
559.1544109006054 559.2700724129531 563.1320866424098
558.0684198618767 559.1544109006054 559.2700724129531
558.0684198618767 559.1544109006054 559.2700724129531
558.0684198618767 559.1544109006054 559.2700724129531
558.0684198618767 559.1544109006054 559.2700724129531
558.0684198618767 558.4891592143458 559.1544109006054
558.0684198618767 558.4891592143458 559.1544109006054
558.0684198618767 558.4891592143458 559.1544109006054
558.0684198618767 558.4891592143458 559.1544109006054
558.0684198618767 558.4891592143458 559.1544109006054
558.0684198618767 558.4891592143458 559.1544109006054
558.0684198618767 558.4088503975013 558.4891592143458
Optimization 22 converged within tolerance of 0.001
Finished inference in 8069.847638368607 seconds
Finished optimization for /xdisk/rgutenk/sgibbon/SLiM/High_r_production/Allotetraploids//simulations/trees/final/allo_final_Q_10_REP_4_ID_1.trees
Success: True
Optimization results saved to 3epoch_misid_large_collapsed/optimization_allo_final_Q_10_REP_4_ID_1.txt
Error: None
Running inference for config: three_epoch_4
149.60849465782903 225.98458804646424 252.13150322428592
149.60849465782903 225.98458804646424 252.13150322428592
149.60849465782903 225.98458804646424 241.91115616803006
149.60849465782903 225.98458804646424 241.91115616803006
149.60849465782903 225.98458804646424 241.91115616803006
149.60849465782903 225.98458804646424 241.91115616803006
149.60849465782903 188.41768568390495 225.98458804646424
149.60849465782903 188.41768568390495 225.98458804646424
149.60849465782903 188.41768568390495 225.98458804646424
136.91306107481842 149.60849465782903 188.41768568390495
136.91306107481842 149.60849465782903 188.41768568390495
136.91306107481842 149.60849465782903 188.41768568390495
136.91306107481842 149.60849465782903 188.41768568390495
136.91306107481842 149.60849465782903 150.32307023228887
136.91306107481842 149.60849465782903 150.32307023228887
136.91306107481842 149.60849465782903 150.32307023228887
136.91306107481842 149.60849465782903 150.32307023228887
136.91306107481842 149.60849465782903 150.32307023228887
136.91306107481842 149.60849465782903 150.32307023228887
136.91306107481842 149.60849465782903 150.32307023228887
136.91306107481842 149.60849465782903 150.32307023228887
136.91306107481842 149.60849465782903 150.32307023228887
136.91306107481842 149.60849465782903 150.32307023228887
136.91306107481842 149.60849465782903 150.32307023228887
136.91306107481842 149.60849465782903 150.32307023228887
136.91306107481842 149.60849465782903 150.32307023228887
136.91306107481842 149.60849465782903 150.32307023228887
136.91306107481842 149.60849465782903 150.32307023228887
136.91306107481842 149.60849465782903 150.32307023228887
136.91306107481842 149.60849465782903 150.32307023228887
136.91306107481842 149.60849465782903 150.32307023228887
136.91306107481842 149.60849465782903 150.32307023228887
136.91306107481842 149.60849465782903 150.32307023228887
136.91306107481842 149.60849465782903 150.32307023228887
136.91306107481842 149.60849465782903 150.32307023228887
136.91306107481842 149.60849465782903 150.32307023228887
136.91306107481842 149.60849465782903 150.32307023228887
136.91306107481842 149.60849465782903 150.32307023228887
136.91306107481842 149.60849465782903 150.32307023228887
136.91306107481842 149.60849465782903 150.32307023228887
Finished inference in 648.3809216022491 seconds
Finished optimization for /xdisk/rgutenk/sgibbon/SLiM/High_r_production/Allotetraploids//simulations/trees/final/allo_final_Q_10_REP_4_ID_1.trees
Success: True
Optimization results saved to 3epoch_misid_small_collapsed/optimization_allo_final_Q_10_REP_4_ID_1.txt
Error: None
==========================================
Job completed at: Sat Jul  4 19:00:02 MST 2026
==========================================
