==========================================
Start: Sat Jul  4 14:39:24 MST 2026
==========================================
Running inference on /xdisk/rgutenk/sgibbon/SLiM/High_r_production/Allotetraploids//simulations/trees/final/allo_final_Q_10_REP_7_ID_1.trees
Running inference for config: three_epoch_1
1644.196824956429 1644.196836733134 1644.1968480352493
Optimization 10 converged within tolerance of 0.001
Finished inference in 5459.585678100586 seconds
Finished optimization for /xdisk/rgutenk/sgibbon/SLiM/High_r_production/Allotetraploids//simulations/trees/final/allo_final_Q_10_REP_7_ID_1.trees
Success: True
Optimization results saved to 3epoch_large/optimization_allo_final_Q_10_REP_7_ID_1.txt
Error: None
Running inference for config: three_epoch_2
332.68577912105536 332.68577937264024 332.68585088072575
Optimization 10 converged within tolerance of 0.001
Finished inference in 1395.563709974289 seconds
Finished optimization for /xdisk/rgutenk/sgibbon/SLiM/High_r_production/Allotetraploids//simulations/trees/final/allo_final_Q_10_REP_7_ID_1.trees
Success: True
Optimization results saved to 3epoch_small/optimization_allo_final_Q_10_REP_7_ID_1.txt
Error: None
Running inference for config: three_epoch_3
1607.8495437614229 1607.9070190863833 1614.5343576957491
1607.8495437614229 1607.9070190863833 1614.5343576957491
1607.8495437614229 1607.9070190863833 1614.5343576957491
1607.8495437614229 1607.9070190863833 1614.5343576957491
1607.8495437614229 1607.9070190863833 1614.5343576957491
1607.8495437614229 1607.9070190863833 1614.5343576957491
1607.8495437614229 1607.9070190863833 1614.5343576957491
1607.8495437614229 1607.9070190863833 1614.5343576957491
1607.8495437614229 1607.9070190863833 1614.5343576957491
1607.8495437614229 1607.9070190863833 1614.5343576957491
1607.8495437614229 1607.9070190863833 1614.5343576957491
1607.8495437614229 1607.9070190863833 1614.5343576957491
1607.8495437614229 1607.9070190863833 1614.5343576957491
1607.8495437614229 1607.9070190863833 1614.5343576957491
1607.6063680995458 1607.8495437614229 1607.9070190863833
Optimization 24 converged within tolerance of 0.001
Finished inference in 8879.726817131042 seconds
Finished optimization for /xdisk/rgutenk/sgibbon/SLiM/High_r_production/Allotetraploids//simulations/trees/final/allo_final_Q_10_REP_7_ID_1.trees
Success: True
Optimization results saved to 3epoch_misid_large/optimization_allo_final_Q_10_REP_7_ID_1.txt
Error: None
Running inference for config: three_epoch_4
378.36371427630377 388.303774991016 427.1121164419584
378.36371427630377 388.303774991016 427.1121164419584
378.36371427630377 388.303774991016 427.1121164419584
378.36371427630377 388.303774991016 427.1121164419584
378.36371427630377 388.303774991016 427.1121164419584
378.36371427630377 388.303774991016 427.1121164419584
378.36371427630377 388.303774991016 427.1121164419584
378.36371427630377 388.303774991016 427.1121164419584
378.36371427630377 388.303774991016 427.1121164419584
378.36371427630377 388.303774991016 427.1121164419584
378.36371427630377 388.303774991016 427.1121164419584
378.36371427630377 388.303774991016 427.1121164419584
378.36371427630377 388.303774991016 411.5135781121569
378.36371427630377 388.303774991016 411.5135781121569
378.36371427630377 388.303774991016 411.5135781121569
378.36371427630377 388.303774991016 411.5135781121569
378.36371427630377 388.303774991016 408.45598823140426
378.36371427630377 388.303774991016 408.45598823140426
378.36371427630377 388.303774991016 408.45598823140426
378.36371427630377 388.303774991016 408.45598823140426
378.36371427630377 388.303774991016 408.45598823140426
378.36371427630377 388.303774991016 408.45598823140426
378.36371427630377 388.303774991016 408.45598823140426
378.36371427630377 388.303774991016 403.2745266612101
378.36371427630377 388.303774991016 403.2745266612101
378.36371427630377 388.303774991016 403.2745266612101
378.36371427630377 388.303774991016 403.2745266612101
378.36371427630377 388.303774991016 403.2745266612101
378.36371427630377 388.303774991016 403.2745266612101
378.36371427630377 388.303774991016 396.9752862471863
378.36371427630377 388.303774991016 396.9752862471863
378.36371427630377 388.303774991016 396.9752862471863
378.36371427630377 388.303774991016 396.9752862471863
378.36371427630377 388.303774991016 396.9752862471863
378.36371427630377 388.303774991016 396.9752862471863
378.36371427630377 388.303774991016 396.9752862471863
378.36371427630377 388.303774991016 396.9752862471863
378.36371427630377 388.303774991016 396.9752862471863
378.36371427630377 388.303774991016 396.9752862471863
378.36371427630377 388.303774991016 395.3502681189933
Finished inference in 657.7255337238312 seconds
Finished optimization for /xdisk/rgutenk/sgibbon/SLiM/High_r_production/Allotetraploids//simulations/trees/final/allo_final_Q_10_REP_7_ID_1.trees
Success: True
Optimization results saved to 3epoch_misid_small/optimization_allo_final_Q_10_REP_7_ID_1.txt
Error: None
==========================================
Job completed at: Sat Jul  4 19:12:39 MST 2026
==========================================
