==========================================
Start: Sat Jul  4 14:39:24 MST 2026
==========================================
Running inference on /xdisk/rgutenk/sgibbon/SLiM/High_r_production/Allotetraploids//simulations/trees/final/allo_final_Q_10_REP_8_ID_1.trees
Running inference for config: three_epoch_1
1623.9927391854553 1623.99274124542 1623.9928038171993
Optimization 10 converged within tolerance of 0.001
Finished inference in 5349.115346670151 seconds
Finished optimization for /xdisk/rgutenk/sgibbon/SLiM/High_r_production/Allotetraploids//simulations/trees/final/allo_final_Q_10_REP_8_ID_1.trees
Success: True
Optimization results saved to 3epoch_large/optimization_allo_final_Q_10_REP_8_ID_1.txt
Error: None
Running inference for config: three_epoch_2
326.4704909242017 326.47077778132854 326.4708959355808
Optimization 10 converged within tolerance of 0.001
Finished inference in 950.0849611759186 seconds
Finished optimization for /xdisk/rgutenk/sgibbon/SLiM/High_r_production/Allotetraploids//simulations/trees/final/allo_final_Q_10_REP_8_ID_1.trees
Success: True
Optimization results saved to 3epoch_small/optimization_allo_final_Q_10_REP_8_ID_1.txt
Error: None
Running inference for config: three_epoch_3
1601.0441608960855 1601.8823807204353 1602.5380145551812
Optimization 10 converged within tolerance of 0.001
Finished inference in 3857.9585103988647 seconds
Finished optimization for /xdisk/rgutenk/sgibbon/SLiM/High_r_production/Allotetraploids//simulations/trees/final/allo_final_Q_10_REP_8_ID_1.trees
Success: True
Optimization results saved to 3epoch_misid_large/optimization_allo_final_Q_10_REP_8_ID_1.txt
Error: None
Running inference for config: three_epoch_4
352.85070845414583 403.7863910315117 515.2209004580402
352.85070845414583 403.7863910315117 515.2209004580402
352.85070845414583 358.26379645129225 403.7863910315117
352.85070845414583 358.26379645129225 403.7863910315117
352.85070845414583 358.26379645129225 403.7863910315117
352.85070845414583 358.26379645129225 403.7863910315117
352.85070845414583 358.26379645129225 402.67454359464233
352.85070845414583 358.26379645129225 402.67454359464233
352.85070845414583 358.26379645129225 396.2803026175268
352.85070845414583 358.26379645129225 396.2803026175268
352.85070845414583 358.26379645129225 396.2803026175268
352.85070845414583 358.26379645129225 396.2803026175268
352.85070845414583 358.26379645129225 396.2803026175268
352.85070845414583 358.26379645129225 396.2803026175268
352.85070845414583 358.26379645129225 396.2803026175268
352.85070845414583 358.26379645129225 396.2803026175268
352.85070845414583 358.26379645129225 394.764145574656
352.85070845414583 358.26379645129225 394.764145574656
352.85070845414583 358.26379645129225 394.764145574656
352.85070845414583 358.26379645129225 394.764145574656
352.85070845414583 358.26379645129225 394.764145574656
352.85070845414583 358.26379645129225 369.0818550744105
352.85070845414583 358.26379645129225 369.0818550744105
352.85070845414583 358.26379645129225 369.0818550744105
352.85070845414583 358.26379645129225 369.0818550744105
352.85070845414583 358.26379645129225 369.0551906856293
352.85070845414583 358.26379645129225 369.0551906856293
352.85070845414583 358.26379645129225 369.0551906856293
352.85070845414583 358.26379645129225 369.0551906856293
352.85070845414583 358.26379645129225 369.0551906856293
352.85070845414583 358.26379645129225 369.0551906856293
352.85070845414583 358.26379645129225 369.0551906856293
352.85070845414583 358.26379645129225 369.0551906856293
352.85070845414583 358.26379645129225 369.0551906856293
352.85070845414583 358.26379645129225 369.0551906856293
352.85070845414583 358.26379645129225 369.0551906856293
352.85070845414583 358.26379645129225 369.0551906856293
352.85070845414583 358.26379645129225 369.0551906856293
352.85070845414583 358.26379645129225 369.0551906856293
352.85070845414583 358.26379645129225 369.0551906856293
Finished inference in 654.0940644741058 seconds
Finished optimization for /xdisk/rgutenk/sgibbon/SLiM/High_r_production/Allotetraploids//simulations/trees/final/allo_final_Q_10_REP_8_ID_1.trees
Success: True
Optimization results saved to 3epoch_misid_small/optimization_allo_final_Q_10_REP_8_ID_1.txt
Error: None
==========================================
Job completed at: Sat Jul  4 17:39:37 MST 2026
==========================================
