==========================================
Start: Sat Jul  4 14:41:22 MST 2026
==========================================
Running inference on /xdisk/rgutenk/sgibbon/SLiM/High_r_production/Allotetraploids//simulations/trees/final/allo_final_Q_10_REP_7_ID_1.trees
Running inference for config: three_epoch_1
578.9598730045756 578.960452446129 578.9604881366024
Optimization 10 converged within tolerance of 0.001
Finished inference in 6469.426085472107 seconds
Finished optimization for /xdisk/rgutenk/sgibbon/SLiM/High_r_production/Allotetraploids//simulations/trees/final/allo_final_Q_10_REP_7_ID_1.trees
Success: True
Optimization results saved to 3epoch_large_collapsed/optimization_allo_final_Q_10_REP_7_ID_1.txt
Error: None
Running inference for config: three_epoch_2
101.7972659476001 101.79729315979904 101.79823008652363
Optimization 10 converged within tolerance of 0.001
Finished inference in 1656.8691856861115 seconds
Finished optimization for /xdisk/rgutenk/sgibbon/SLiM/High_r_production/Allotetraploids//simulations/trees/final/allo_final_Q_10_REP_7_ID_1.trees
Success: True
Optimization results saved to 3epoch_small_collapsed/optimization_allo_final_Q_10_REP_7_ID_1.txt
Error: None
Running inference for config: three_epoch_3
543.5869384070247 543.7848591202429 546.0104158141748
543.5869384070247 543.7848591202429 544.272757238424
543.5869384070247 543.7848591202429 544.272757238424
543.5869384070247 543.6818709002608 543.7848591202429
Optimization 13 converged within tolerance of 0.001
Finished inference in 5736.325209140778 seconds
Finished optimization for /xdisk/rgutenk/sgibbon/SLiM/High_r_production/Allotetraploids//simulations/trees/final/allo_final_Q_10_REP_7_ID_1.trees
Success: True
Optimization results saved to 3epoch_misid_large_collapsed/optimization_allo_final_Q_10_REP_7_ID_1.txt
Error: None
Running inference for config: three_epoch_4
287.27657174261 325.74328985706074 332.8437563783388
287.27657174261 325.74328985706074 332.8437563783388
287.27657174261 311.9352149622724 325.74328985706074
287.27657174261 311.9352149622724 325.74328985706074
287.27657174261 311.9352149622724 325.74328985706074
276.5161941295587 287.27657174261 311.9352149622724
211.6703515750827 276.5161941295587 287.27657174261
211.6703515750827 276.5161941295587 287.27657174261
196.14372554123722 211.6703515750827 276.5161941295587
196.14372554123722 207.25096970505615 211.6703515750827
196.14372554123722 207.25096970505615 211.6703515750827
154.08438476867894 196.14372554123722 207.25096970505615
154.08438476867894 196.14372554123722 207.25096970505615
154.08438476867894 196.14372554123722 207.25096970505615
154.08438476867894 196.14372554123722 207.25096970505615
154.08438476867894 172.91778743698862 196.14372554123722
154.08438476867894 172.91778743698862 196.14372554123722
154.08438476867894 162.2828994581102 172.91778743698862
154.08438476867894 162.2828994581102 172.91778743698862
154.08438476867894 162.2828994581102 172.91778743698862
154.08438476867894 162.2828994581102 172.91778743698862
154.08438476867894 162.2828994581102 172.91778743698862
154.08438476867894 162.2828994581102 172.91778743698862
154.08438476867894 162.2828994581102 172.91778743698862
154.08438476867894 162.2828994581102 172.91778743698862
154.08438476867894 162.2828994581102 172.91778743698862
154.08438476867894 162.2828994581102 172.91778743698862
154.08438476867894 162.2828994581102 172.91778743698862
154.08438476867894 162.2828994581102 172.91778743698862
154.08438476867894 162.2828994581102 172.91778743698862
154.08438476867894 162.2828994581102 172.91778743698862
154.08438476867894 162.2828994581102 172.91778743698862
154.08438476867894 162.2828994581102 172.91778743698862
154.08438476867894 162.2828994581102 172.91778743698862
154.08438476867894 162.2828994581102 172.91778743698862
146.7649993805224 154.08438476867894 162.2828994581102
146.7649993805224 154.08438476867894 162.2828994581102
146.7649993805224 154.08438476867894 162.2828994581102
146.7649993805224 154.08438476867894 162.2828994581102
146.7649993805224 154.08438476867894 162.2828994581102
Finished inference in 640.0949008464813 seconds
Finished optimization for /xdisk/rgutenk/sgibbon/SLiM/High_r_production/Allotetraploids//simulations/trees/final/allo_final_Q_10_REP_7_ID_1.trees
Success: True
Optimization results saved to 3epoch_misid_small_collapsed/optimization_allo_final_Q_10_REP_7_ID_1.txt
Error: None
==========================================
Job completed at: Sat Jul  4 18:43:06 MST 2026
==========================================
