==========================================
Start: Sat Jul  4 14:41:22 MST 2026
==========================================
Running inference on /xdisk/rgutenk/sgibbon/SLiM/High_r_production/Allotetraploids//simulations/trees/final/allo_final_Q_10_REP_3_ID_1.trees
Running inference for config: three_epoch_1
588.7256777683208 588.7257978569958 588.7258993019778
Optimization 10 converged within tolerance of 0.001
Finished inference in 4988.7021951675415 seconds
Finished optimization for /xdisk/rgutenk/sgibbon/SLiM/High_r_production/Allotetraploids//simulations/trees/final/allo_final_Q_10_REP_3_ID_1.trees
Success: True
Optimization results saved to 3epoch_large_collapsed/optimization_allo_final_Q_10_REP_3_ID_1.txt
Error: None
Running inference for config: three_epoch_2
112.80620069479309 112.80630218410371 112.80663824044339
Optimization 10 converged within tolerance of 0.001
Finished inference in 1134.203584432602 seconds
Finished optimization for /xdisk/rgutenk/sgibbon/SLiM/High_r_production/Allotetraploids//simulations/trees/final/allo_final_Q_10_REP_3_ID_1.trees
Success: True
Optimization results saved to 3epoch_small_collapsed/optimization_allo_final_Q_10_REP_3_ID_1.txt
Error: None
Running inference for config: three_epoch_3
561.6687945653055 561.7317616305763 562.2971978998119
561.6687945653055 561.7317616305763 562.2971978998119
561.6687945653055 561.7317616305763 562.2971978998119
561.2236093242431 561.6687945653055 561.7317616305763
Optimization 13 converged within tolerance of 0.001
Finished inference in 4874.290921449661 seconds
Finished optimization for /xdisk/rgutenk/sgibbon/SLiM/High_r_production/Allotetraploids//simulations/trees/final/allo_final_Q_10_REP_3_ID_1.trees
Success: True
Optimization results saved to 3epoch_misid_large_collapsed/optimization_allo_final_Q_10_REP_3_ID_1.txt
Error: None
Running inference for config: three_epoch_4
263.84808019323674 277.41393373703306 297.307685981038
263.84808019323674 277.41393373703306 285.3672768532322
208.08923274068147 263.84808019323674 277.41393373703306
208.08923274068147 263.84808019323674 277.41393373703306
208.08923274068147 263.84808019323674 277.41393373703306
208.08923274068147 263.84808019323674 277.41393373703306
208.08923274068147 263.84808019323674 277.41393373703306
208.08923274068147 263.84808019323674 277.41393373703306
208.08923274068147 263.84808019323674 277.41393373703306
208.08923274068147 234.78123077901023 263.84808019323674
208.08923274068147 234.78123077901023 263.84808019323674
208.08923274068147 234.78123077901023 263.84808019323674
208.08923274068147 234.78123077901023 263.84808019323674
208.08923274068147 234.78123077901023 263.84808019323674
208.08923274068147 234.78123077901023 240.08709063896913
208.08923274068147 234.78123077901023 240.08709063896913
208.08923274068147 234.78123077901023 240.08709063896913
208.08923274068147 234.78123077901023 240.08709063896913
208.08923274068147 234.78123077901023 240.08709063896913
208.08923274068147 234.78123077901023 240.08709063896913
208.08923274068147 234.78123077901023 240.08709063896913
157.8034581690932 208.08923274068147 234.78123077901023
157.8034581690932 208.08923274068147 234.78123077901023
157.8034581690932 208.08923274068147 234.78123077901023
157.8034581690932 208.08923274068147 234.78123077901023
157.8034581690932 208.08923274068147 234.78123077901023
157.8034581690932 202.7266200054238 208.08923274068147
157.8034581690932 202.7266200054238 208.08923274068147
157.8034581690932 202.7266200054238 208.08923274068147
157.8034581690932 202.7266200054238 203.89395757545975
157.8034581690932 202.7266200054238 203.89395757545975
157.8034581690932 202.7266200054238 203.89395757545975
157.8034581690932 202.7266200054238 203.89395757545975
157.8034581690932 202.7266200054238 203.89395757545975
157.8034581690932 202.7266200054238 203.89395757545975
157.8034581690932 193.2631062723038 202.7266200054238
157.8034581690932 193.2631062723038 202.7266200054238
157.8034581690932 193.2631062723038 202.7266200054238
157.8034581690932 193.2631062723038 202.7266200054238
157.8034581690932 193.2631062723038 202.7266200054238
Finished inference in 665.4601347446442 seconds
Finished optimization for /xdisk/rgutenk/sgibbon/SLiM/High_r_production/Allotetraploids//simulations/trees/final/allo_final_Q_10_REP_3_ID_1.trees
Success: True
Optimization results saved to 3epoch_misid_small_collapsed/optimization_allo_final_Q_10_REP_3_ID_1.txt
Error: None
==========================================
Job completed at: Sat Jul  4 17:55:46 MST 2026
==========================================
