==========================================
Start: Sat Jul  4 14:41:21 MST 2026
==========================================
Running inference on /xdisk/rgutenk/sgibbon/SLiM/High_r_production/Allotetraploids//simulations/trees/final/allo_final_Q_10_REP_9_ID_1.trees
Running inference for config: three_epoch_1
580.1417373759189 580.1418148613104 580.1418712214638
Optimization 10 converged within tolerance of 0.001
Finished inference in 4495.429670333862 seconds
Finished optimization for /xdisk/rgutenk/sgibbon/SLiM/High_r_production/Allotetraploids//simulations/trees/final/allo_final_Q_10_REP_9_ID_1.trees
Success: True
Optimization results saved to 3epoch_large_collapsed/optimization_allo_final_Q_10_REP_9_ID_1.txt
Error: None
Running inference for config: three_epoch_2
96.59624397730562 96.59645770544435 96.59719242161304
Optimization 10 converged within tolerance of 0.001
Finished inference in 1298.3401024341583 seconds
Finished optimization for /xdisk/rgutenk/sgibbon/SLiM/High_r_production/Allotetraploids//simulations/trees/final/allo_final_Q_10_REP_9_ID_1.trees
Success: True
Optimization results saved to 3epoch_small_collapsed/optimization_allo_final_Q_10_REP_9_ID_1.txt
Error: None
Running inference for config: three_epoch_3
554.12867816719 554.3521821143128 554.3555505588594
Optimization 10 converged within tolerance of 0.001
Finished inference in 4002.2286610603333 seconds
Finished optimization for /xdisk/rgutenk/sgibbon/SLiM/High_r_production/Allotetraploids//simulations/trees/final/allo_final_Q_10_REP_9_ID_1.trees
Success: True
Optimization results saved to 3epoch_misid_large_collapsed/optimization_allo_final_Q_10_REP_9_ID_1.txt
Error: None
Running inference for config: three_epoch_4
202.76265215880878 204.85409716379783 244.42437544671304
193.84970536048465 202.76265215880878 204.85409716379783
193.84970536048465 202.76265215880878 204.85409716379783
193.84970536048465 202.76265215880878 204.85409716379783
193.84970536048465 202.76265215880878 204.85409716379783
193.84970536048465 202.76265215880878 204.85409716379783
193.84970536048465 202.76265215880878 204.85409716379783
193.84970536048465 202.76265215880878 204.85409716379783
193.84970536048465 202.76265215880878 204.85409716379783
193.84970536048465 202.76265215880878 204.85409716379783
193.84970536048465 202.76265215880878 204.85409716379783
193.84970536048465 202.76265215880878 204.85409716379783
193.84970536048465 202.76265215880878 204.85409716379783
193.84970536048465 202.76265215880878 204.85409716379783
193.84970536048465 202.76265215880878 204.85409716379783
182.99745599754266 193.84970536048465 202.76265215880878
182.99745599754266 193.84970536048465 202.76265215880878
182.99745599754266 193.84970536048465 202.76265215880878
182.99745599754266 193.84970536048465 202.76265215880878
182.99745599754266 193.84970536048465 202.76265215880878
182.99745599754266 193.84970536048465 202.76265215880878
172.16372998425626 182.99745599754266 193.84970536048465
172.16372998425626 182.99745599754266 193.84970536048465
172.16372998425626 182.99745599754266 185.02130487993284
172.16372998425626 182.99745599754266 185.02130487993284
172.16372998425626 182.99745599754266 185.02130487993284
172.16372998425626 182.99745599754266 185.02130487993284
172.16372998425626 182.99745599754266 185.02130487993284
172.16372998425626 182.99745599754266 185.02130487993284
172.16372998425626 182.99745599754266 185.02130487993284
172.16372998425626 182.99745599754266 185.02130487993284
172.16372998425626 182.99745599754266 185.02130487993284
172.16372998425626 182.99745599754266 185.02130487993284
172.16372998425626 182.99745599754266 185.02130487993284
172.16372998425626 182.99745599754266 185.02130487993284
172.16372998425626 172.65205744482813 182.99745599754266
172.16372998425626 172.65205744482813 182.99745599754266
172.16372998425626 172.65205744482813 182.99745599754266
172.16372998425626 172.65205744482813 182.99745599754266
172.16372998425626 172.65205744482813 182.99745599754266
Finished inference in 631.5830914974213 seconds
Finished optimization for /xdisk/rgutenk/sgibbon/SLiM/High_r_production/Allotetraploids//simulations/trees/final/allo_final_Q_10_REP_9_ID_1.trees
Success: True
Optimization results saved to 3epoch_misid_small_collapsed/optimization_allo_final_Q_10_REP_9_ID_1.txt
Error: None
==========================================
Job completed at: Sat Jul  4 17:35:11 MST 2026
==========================================
