==========================================
Start: Sat Jul  4 14:41:23 MST 2026
==========================================
Running inference on /xdisk/rgutenk/sgibbon/SLiM/High_r_production/Allotetraploids//simulations/trees/final/allo_final_Q_10_REP_10_ID_1.trees
Running inference for config: three_epoch_1
568.1413325554142 568.1414327788467 568.1414899725759
Optimization 10 converged within tolerance of 0.001
Finished inference in 5866.159153699875 seconds
Finished optimization for /xdisk/rgutenk/sgibbon/SLiM/High_r_production/Allotetraploids//simulations/trees/final/allo_final_Q_10_REP_10_ID_1.trees
Success: True
Optimization results saved to 3epoch_large_collapsed/optimization_allo_final_Q_10_REP_10_ID_1.txt
Error: None
Running inference for config: three_epoch_2
107.66227550588968 107.66279520566658 107.66284947984354
Optimization 10 converged within tolerance of 0.001
Finished inference in 1173.2417962551117 seconds
Finished optimization for /xdisk/rgutenk/sgibbon/SLiM/High_r_production/Allotetraploids//simulations/trees/final/allo_final_Q_10_REP_10_ID_1.trees
Success: True
Optimization results saved to 3epoch_small_collapsed/optimization_allo_final_Q_10_REP_10_ID_1.txt
Error: None
Running inference for config: three_epoch_3
544.6545326492488 555.0911008418125 557.0682702911631
544.6545326492488 553.5701731544059 555.0911008418125
544.6545326492488 550.6211445168874 553.5701731544059
544.6545326492488 550.6211445168874 553.5701731544059
544.6545326492488 550.6211445168874 553.5701731544059
544.6545326492488 550.6211445168874 553.5701731544059
544.6545326492488 545.1027522533946 550.6211445168874
544.4469309477214 544.6545326492488 545.1027522533946
544.4469309477214 544.5760078984504 544.6545326492488
Optimization 18 converged within tolerance of 0.001
Finished inference in 6369.061255455017 seconds
Finished optimization for /xdisk/rgutenk/sgibbon/SLiM/High_r_production/Allotetraploids//simulations/trees/final/allo_final_Q_10_REP_10_ID_1.trees
Success: True
Optimization results saved to 3epoch_misid_large_collapsed/optimization_allo_final_Q_10_REP_10_ID_1.txt
Error: None
Running inference for config: three_epoch_4
192.39911950343583 213.64221753950162 234.76153204433436
192.39911950343583 213.64221753950162 234.76153204433436
192.39911950343583 213.64221753950162 226.04222770736848
192.39911950343583 213.64221753950162 226.04222770736848
192.39911950343583 213.64221753950162 226.04222770736848
192.39911950343583 213.64221753950162 226.04222770736848
192.39911950343583 213.64221753950162 226.04222770736848
192.39911950343583 213.64221753950162 226.04222770736848
192.39911950343583 213.64221753950162 226.04222770736848
192.39911950343583 213.64221753950162 226.04222770736848
192.39911950343583 213.64221753950162 223.44264123235752
192.39911950343583 213.64221753950162 223.44264123235752
192.39911950343583 213.64221753950162 223.44264123235752
192.39911950343583 213.64221753950162 223.44264123235752
192.39911950343583 213.64221753950162 223.44264123235752
192.39911950343583 209.53375451086595 213.64221753950162
192.39911950343583 209.53375451086595 213.64221753950162
192.39911950343583 209.53375451086595 213.64221753950162
192.39911950343583 209.53375451086595 213.64221753950162
192.39911950343583 205.78886392572588 209.53375451086595
192.39911950343583 205.78886392572588 209.53375451086595
192.39911950343583 205.78886392572588 209.53375451086595
192.39911950343583 205.78886392572588 209.53375451086595
192.39911950343583 205.78886392572588 209.53375451086595
192.39911950343583 205.78886392572588 209.53375451086595
192.39911950343583 205.78886392572588 209.53375451086595
192.39911950343583 205.78886392572588 209.53375451086595
192.39911950343583 205.78886392572588 209.53375451086595
192.39911950343583 193.9691114117403 205.78886392572588
160.6298164167282 192.39911950343583 193.9691114117403
160.6298164167282 192.39911950343583 193.9691114117403
160.6298164167282 192.39911950343583 193.9691114117403
160.6298164167282 192.39911950343583 193.9691114117403
160.6298164167282 192.39911950343583 193.9691114117403
160.6298164167282 192.39911950343583 193.9691114117403
160.6298164167282 192.39911950343583 193.9691114117403
160.6298164167282 192.39911950343583 193.9691114117403
160.6298164167282 192.39911950343583 193.9691114117403
160.6298164167282 192.39911950343583 193.9691114117403
160.6298164167282 192.39911950343583 193.9691114117403
Finished inference in 657.7597076892853 seconds
Finished optimization for /xdisk/rgutenk/sgibbon/SLiM/High_r_production/Allotetraploids//simulations/trees/final/allo_final_Q_10_REP_10_ID_1.trees
Success: True
Optimization results saved to 3epoch_misid_small_collapsed/optimization_allo_final_Q_10_REP_10_ID_1.txt
Error: None
==========================================
Job completed at: Sat Jul  4 18:35:51 MST 2026
==========================================
