==========================================
Start: Sat Jul  4 14:41:21 MST 2026
==========================================
Running inference on /xdisk/rgutenk/sgibbon/SLiM/High_r_production/Allotetraploids//simulations/trees/final/allo_final_Q_10_REP_8_ID_1.trees
Running inference for config: three_epoch_1
575.9859636241163 575.9862755674563 575.9866191868152
Optimization 10 converged within tolerance of 0.001
Finished inference in 5979.52431344986 seconds
Finished optimization for /xdisk/rgutenk/sgibbon/SLiM/High_r_production/Allotetraploids//simulations/trees/final/allo_final_Q_10_REP_8_ID_1.trees
Success: True
Optimization results saved to 3epoch_large_collapsed/optimization_allo_final_Q_10_REP_8_ID_1.txt
Error: None
Running inference for config: three_epoch_2
103.34571337236119 103.34730572785043 103.34740554779435
Optimization 10 converged within tolerance of 0.001
Finished inference in 1052.177226305008 seconds
Finished optimization for /xdisk/rgutenk/sgibbon/SLiM/High_r_production/Allotetraploids//simulations/trees/final/allo_final_Q_10_REP_8_ID_1.trees
Success: True
Optimization results saved to 3epoch_small_collapsed/optimization_allo_final_Q_10_REP_8_ID_1.txt
Error: None
Running inference for config: three_epoch_3
554.2575941095922 554.320573059233 554.6386744323702
Optimization 10 converged within tolerance of 0.001
Finished inference in 3505.2808067798615 seconds
Finished optimization for /xdisk/rgutenk/sgibbon/SLiM/High_r_production/Allotetraploids//simulations/trees/final/allo_final_Q_10_REP_8_ID_1.trees
Success: True
Optimization results saved to 3epoch_misid_large_collapsed/optimization_allo_final_Q_10_REP_8_ID_1.txt
Error: None
Running inference for config: three_epoch_4
143.63566412639187 207.0011593880283 218.84394751247794
143.63566412639187 207.0011593880283 218.84394751247794
143.63566412639187 207.0011593880283 218.84394751247794
143.63566412639187 207.0011593880283 218.84394751247794
143.63566412639187 207.0011593880283 218.84394751247794
143.63566412639187 207.0011593880283 218.84394751247794
143.63566412639187 207.0011593880283 218.84394751247794
143.63566412639187 207.0011593880283 218.84394751247794
143.63566412639187 207.0011593880283 218.84394751247794
143.63566412639187 207.0011593880283 218.84394751247794
143.63566412639187 207.0011593880283 218.84394751247794
143.63566412639187 207.0011593880283 216.80525132291655
143.63566412639187 207.0011593880283 216.80525132291655
143.63566412639187 207.0011593880283 216.80525132291655
143.63566412639187 207.0011593880283 216.80525132291655
143.63566412639187 207.0011593880283 216.80525132291655
143.63566412639187 207.0011593880283 216.80525132291655
143.63566412639187 207.0011593880283 216.80525132291655
143.63566412639187 207.0011593880283 216.80525132291655
143.63566412639187 152.9742715504486 207.0011593880283
143.63566412639187 152.9742715504486 207.0011593880283
143.63566412639187 152.9742715504486 207.0011593880283
143.63566412639187 152.9742715504486 207.0011593880283
143.63566412639187 152.9742715504486 207.0011593880283
143.63566412639187 152.9742715504486 207.0011593880283
143.63566412639187 152.9742715504486 207.0011593880283
143.63566412639187 152.9742715504486 207.0011593880283
143.63566412639187 152.9742715504486 207.0011593880283
143.63566412639187 152.9742715504486 207.0011593880283
143.63566412639187 152.9742715504486 207.0011593880283
143.63566412639187 152.9742715504486 207.0011593880283
143.63566412639187 152.9742715504486 183.0390474139905
139.7578351866847 143.63566412639187 152.9742715504486
139.7578351866847 143.63566412639187 152.9742715504486
139.7578351866847 143.63566412639187 152.9742715504486
138.67677901885554 139.7578351866847 143.63566412639187
138.67677901885554 139.7578351866847 143.63566412639187
138.67677901885554 139.7578351866847 143.63566412639187
138.67677901885554 139.7578351866847 143.63566412639187
138.67677901885554 139.7578351866847 143.63566412639187
Finished inference in 656.6933500766754 seconds
Finished optimization for /xdisk/rgutenk/sgibbon/SLiM/High_r_production/Allotetraploids//simulations/trees/final/allo_final_Q_10_REP_8_ID_1.trees
Success: True
Optimization results saved to 3epoch_misid_small_collapsed/optimization_allo_final_Q_10_REP_8_ID_1.txt
Error: None
==========================================
Job completed at: Sat Jul  4 17:47:57 MST 2026
==========================================
