==========================================
Start: Thu Apr  2 18:46:32 MST 2026
==========================================
Running nested uncertainties:
Using nested model for GIM: two_epoch_noHE
Processing: /xdisk/rgutenk/sgibbon/dadi_msprime_pipeline/dadi_inference_results/allo_2epoch/params5/Collapsed_nested/optimization_allo_2epoch_T3_nu0.75_H0.02_master42_rep0.txt
gim_param_names:
['T_WGD', 'nu']
gim_best_params:
[0.4483401923427006, 0.3283863054915281]
['T_WGD', 'nu']
uncerts:
[6.35676081e-02 1.75616271e-02 1.56775326e+02]
uncerts:
[6.46912145e-02 1.80824151e-02 1.60878544e+02]
uncerts:
[6.26407647e-02 1.69596856e-02 1.51765316e+02]
gim_uncerts:
[array([6.35676081e-02, 1.75616271e-02, 1.56775326e+02]), array([6.46912145e-02, 1.80824151e-02, 1.60878544e+02]), array([6.26407647e-02, 1.69596856e-02, 1.51765316e+02])]
Processing: /xdisk/rgutenk/sgibbon/dadi_msprime_pipeline/dadi_inference_results/allo_2epoch/params5/Collapsed_nested/optimization_allo_2epoch_T3_nu0.75_H0.02_master42_rep1.txt
gim_param_names:
['T_WGD', 'nu']
gim_best_params:
[0.5678041603670716, 0.3577248481276853]
['T_WGD', 'nu']
uncerts:
[7.39666800e-02 1.71199553e-02 1.50258343e+02]
uncerts:
[7.15858026e-02 1.61480814e-02 1.41925872e+02]
uncerts:
[7.34761854e-02 1.65855343e-02 1.45700883e+02]
gim_uncerts:
[array([7.39666800e-02, 1.71199553e-02, 1.50258343e+02]), array([7.15858026e-02, 1.61480814e-02, 1.41925872e+02]), array([7.34761854e-02, 1.65855343e-02, 1.45700883e+02])]
Processing: /xdisk/rgutenk/sgibbon/dadi_msprime_pipeline/dadi_inference_results/allo_2epoch/params5/Collapsed_nested/optimization_allo_2epoch_T3_nu0.75_H0.02_master42_rep10.txt
gim_param_names:
['T_WGD', 'nu']
gim_best_params:
[0.6018836626489498, 0.3591571801621461]
['T_WGD', 'nu']
uncerts:
[8.20080136e-02 1.77181830e-02 1.70366332e+02]
uncerts:
[7.70665168e-02 1.58904015e-02 1.52499185e+02]
uncerts:
[1.16521163e-01 3.23171175e-02 3.12873990e+02]
gim_uncerts:
[array([8.20080136e-02, 1.77181830e-02, 1.70366332e+02]), array([7.70665168e-02, 1.58904015e-02, 1.52499185e+02]), array([1.16521163e-01, 3.23171175e-02, 3.12873990e+02])]
Processing: /xdisk/rgutenk/sgibbon/dadi_msprime_pipeline/dadi_inference_results/allo_2epoch/params5/Collapsed_nested/optimization_allo_2epoch_T3_nu0.75_H0.02_master42_rep11.txt
gim_param_names:
['T_WGD', 'nu']
gim_best_params:
[0.5989765627622063, 0.3731186279173833]
['T_WGD', 'nu']
uncerts:
[6.10103444e-02 1.46367467e-02 1.45728170e+02]
uncerts:
[6.55382081e-02 1.64145839e-02 1.60771847e+02]
uncerts:
[6.23668717e-02 1.48165761e-02 1.47699613e+02]
gim_uncerts:
[array([6.10103444e-02, 1.46367467e-02, 1.45728170e+02]), array([6.55382081e-02, 1.64145839e-02, 1.60771847e+02]), array([6.23668717e-02, 1.48165761e-02, 1.47699613e+02])]
Processing: /xdisk/rgutenk/sgibbon/dadi_msprime_pipeline/dadi_inference_results/allo_2epoch/params5/Collapsed_nested/optimization_allo_2epoch_T3_nu0.75_H0.02_master42_rep12.txt
gim_param_names:
['T_WGD', 'nu']
gim_best_params:
[0.4977049467117264, 0.3492587330638455]
['T_WGD', 'nu']
uncerts:
[5.80076323e-02 1.52701957e-02 1.41655587e+02]
uncerts:
[5.82294351e-02 1.53277243e-02 1.42144749e+02]
uncerts:
[5.77138001e-02 1.49165304e-02 1.38623029e+02]
gim_uncerts:
[array([5.80076323e-02, 1.52701957e-02, 1.41655587e+02]), array([5.82294351e-02, 1.53277243e-02, 1.42144749e+02]), array([5.77138001e-02, 1.49165304e-02, 1.38623029e+02])]
Processing: /xdisk/rgutenk/sgibbon/dadi_msprime_pipeline/dadi_inference_results/allo_2epoch/params5/Collapsed_nested/optimization_allo_2epoch_T3_nu0.75_H0.02_master42_rep13.txt
gim_param_names:
['T_WGD', 'nu']
gim_best_params:
[0.5095807125133868, 0.3720396533178776]
['T_WGD', 'nu']
uncerts:
[6.49759462e-02 1.41662722e-02 1.17162587e+02]
uncerts:
[7.44857394e-02 1.81663970e-02 1.44647556e+02]
uncerts:
[6.70415091e-02 1.42932217e-02 1.17628958e+02]
gim_uncerts:
[array([6.49759462e-02, 1.41662722e-02, 1.17162587e+02]), array([7.44857394e-02, 1.81663970e-02, 1.44647556e+02]), array([6.70415091e-02, 1.42932217e-02, 1.17628958e+02])]
Processing: /xdisk/rgutenk/sgibbon/dadi_msprime_pipeline/dadi_inference_results/allo_2epoch/params5/Collapsed_nested/optimization_allo_2epoch_T3_nu0.75_H0.02_master42_rep14.txt
gim_param_names:
['T_WGD', 'nu']
gim_best_params:
[0.6578989066438017, 0.3826420478497569]
['T_WGD', 'nu']
uncerts:
[1.15394462e-01 2.21006244e-02 2.24740406e+02]
uncerts:
[1.10639954e-01 2.03505615e-02 2.08475811e+02]
uncerts:
[1.19740189e-01 2.32462730e-02 2.35968337e+02]
gim_uncerts:
[array([1.15394462e-01, 2.21006244e-02, 2.24740406e+02]), array([1.10639954e-01, 2.03505615e-02, 2.08475811e+02]), array([1.19740189e-01, 2.32462730e-02, 2.35968337e+02])]
Processing: /xdisk/rgutenk/sgibbon/dadi_msprime_pipeline/dadi_inference_results/allo_2epoch/params5/Collapsed_nested/optimization_allo_2epoch_T3_nu0.75_H0.02_master42_rep15.txt
gim_param_names:
['T_WGD', 'nu']
gim_best_params:
[0.7521771590686495, 0.3978740565446735]
['T_WGD', 'nu']
uncerts:
[7.64919835e-02 1.69430384e-02 1.67179297e+02]
uncerts:
[7.99468519e-02 1.80586325e-02 1.77950407e+02]
uncerts:
[7.72513991e-02 1.70178037e-02 1.68329364e+02]
gim_uncerts:
[array([7.64919835e-02, 1.69430384e-02, 1.67179297e+02]), array([7.99468519e-02, 1.80586325e-02, 1.77950407e+02]), array([7.72513991e-02, 1.70178037e-02, 1.68329364e+02])]
Processing: /xdisk/rgutenk/sgibbon/dadi_msprime_pipeline/dadi_inference_results/allo_2epoch/params5/Collapsed_nested/optimization_allo_2epoch_T3_nu0.75_H0.02_master42_rep16.txt
gim_param_names:
['T_WGD', 'nu']
gim_best_params:
[0.6924931992831845, 0.3851641443969322]
['T_WGD', 'nu']
uncerts:
[8.10494688e-02 1.62062152e-02 1.65914418e+02]
uncerts:
[8.78268048e-02 1.85981231e-02 1.88913681e+02]
uncerts:
[7.84913774e-02 1.51112368e-02 1.55801593e+02]
gim_uncerts:
[array([8.10494688e-02, 1.62062152e-02, 1.65914418e+02]), array([8.78268048e-02, 1.85981231e-02, 1.88913681e+02]), array([7.84913774e-02, 1.51112368e-02, 1.55801593e+02])]
Processing: /xdisk/rgutenk/sgibbon/dadi_msprime_pipeline/dadi_inference_results/allo_2epoch/params5/Collapsed_nested/optimization_allo_2epoch_T3_nu0.75_H0.02_master42_rep17.txt
gim_param_names:
['T_WGD', 'nu']
gim_best_params:
[0.8124184715592578, 0.4229008035703561]
['T_WGD', 'nu']
uncerts:
[1.10377679e-01 2.29267956e-02 2.13017816e+02]
uncerts:
[1.11307696e-01 2.32430825e-02 2.15820630e+02]
uncerts:
[1.11923825e-01 2.31636683e-02 2.15552148e+02]
gim_uncerts:
[array([1.10377679e-01, 2.29267956e-02, 2.13017816e+02]), array([1.11307696e-01, 2.32430825e-02, 2.15820630e+02]), array([1.11923825e-01, 2.31636683e-02, 2.15552148e+02])]
Processing: /xdisk/rgutenk/sgibbon/dadi_msprime_pipeline/dadi_inference_results/allo_2epoch/params5/Collapsed_nested/optimization_allo_2epoch_T3_nu0.75_H0.02_master42_rep18.txt
gim_param_names:
['T_WGD', 'nu']
gim_best_params:
[0.5830679561079322, 0.3742757751439461]
['T_WGD', 'nu']
uncerts:
[6.20338306e-02 1.29283548e-02 1.22321982e+02]
uncerts:
[7.08635977e-02 1.64599874e-02 1.52669420e+02]
uncerts:
[6.27832005e-02 1.28730984e-02 1.21921841e+02]
gim_uncerts:
[array([6.20338306e-02, 1.29283548e-02, 1.22321982e+02]), array([7.08635977e-02, 1.64599874e-02, 1.52669420e+02]), array([6.27832005e-02, 1.28730984e-02, 1.21921841e+02])]
Processing: /xdisk/rgutenk/sgibbon/dadi_msprime_pipeline/dadi_inference_results/allo_2epoch/params5/Collapsed_nested/optimization_allo_2epoch_T3_nu0.75_H0.02_master42_rep19.txt
gim_param_names:
['T_WGD', 'nu']
gim_best_params:
[0.6288935732604978, 0.3729041839253683]
['T_WGD', 'nu']
uncerts:
[8.94011390e-02 2.04809289e-02 2.08499720e+02]
uncerts:
[8.99622822e-02 2.07111172e-02 2.10705348e+02]
uncerts:
[8.32877964e-02 1.81264705e-02 1.86617151e+02]
gim_uncerts:
[array([8.94011390e-02, 2.04809289e-02, 2.08499720e+02]), array([8.99622822e-02, 2.07111172e-02, 2.10705348e+02]), array([8.32877964e-02, 1.81264705e-02, 1.86617151e+02])]
Processing: /xdisk/rgutenk/sgibbon/dadi_msprime_pipeline/dadi_inference_results/allo_2epoch/params5/Collapsed_nested/optimization_allo_2epoch_T3_nu0.75_H0.02_master42_rep2.txt
gim_param_names:
['T_WGD', 'nu']
gim_best_params:
[0.4501752218406261, 0.3498684160926221]
['T_WGD', 'nu']
uncerts:
[6.97436674e-02 1.74333690e-02 1.44424238e+02]
uncerts:
[7.16176158e-02 1.83918476e-02 1.51732503e+02]
uncerts:
[6.99859103e-02 1.73799136e-02 1.43829872e+02]
gim_uncerts:
[array([6.97436674e-02, 1.74333690e-02, 1.44424238e+02]), array([7.16176158e-02, 1.83918476e-02, 1.51732503e+02]), array([6.99859103e-02, 1.73799136e-02, 1.43829872e+02])]
Processing: /xdisk/rgutenk/sgibbon/dadi_msprime_pipeline/dadi_inference_results/allo_2epoch/params5/Collapsed_nested/optimization_allo_2epoch_T3_nu0.75_H0.02_master42_rep20.txt
gim_param_names:
['T_WGD', 'nu']
gim_best_params:
[0.7362165678994954, 0.3945148649701865]
['T_WGD', 'nu']
uncerts:
[8.54030646e-02 1.81127586e-02 2.02682209e+02]
uncerts:
[9.73011198e-02 2.21286010e-02 2.40453214e+02]
uncerts:
[8.67164101e-02 1.82838966e-02 2.04854984e+02]
gim_uncerts:
[array([8.54030646e-02, 1.81127586e-02, 2.02682209e+02]), array([9.73011198e-02, 2.21286010e-02, 2.40453214e+02]), array([8.67164101e-02, 1.82838966e-02, 2.04854984e+02])]
Processing: /xdisk/rgutenk/sgibbon/dadi_msprime_pipeline/dadi_inference_results/allo_2epoch/params5/Collapsed_nested/optimization_allo_2epoch_T3_nu0.75_H0.02_master42_rep21.txt
gim_param_names:
['T_WGD', 'nu']
gim_best_params:
[0.6575248528274709, 0.3850925885769802]
['T_WGD', 'nu']
uncerts:
[6.52953512e-02 1.50550261e-02 1.39562567e+02]
uncerts:
[6.01939373e-02 1.32288226e-02 1.22666354e+02]
uncerts:
[6.62451466e-02 1.49938235e-02 1.39531871e+02]
gim_uncerts:
[array([6.52953512e-02, 1.50550261e-02, 1.39562567e+02]), array([6.01939373e-02, 1.32288226e-02, 1.22666354e+02]), array([6.62451466e-02, 1.49938235e-02, 1.39531871e+02])]
Processing: /xdisk/rgutenk/sgibbon/dadi_msprime_pipeline/dadi_inference_results/allo_2epoch/params5/Collapsed_nested/optimization_allo_2epoch_T3_nu0.75_H0.02_master42_rep22.txt
gim_param_names:
['T_WGD', 'nu']
gim_best_params:
[0.6859572885184874, 0.3915905808671731]
['T_WGD', 'nu']
uncerts:
[9.70670527e-02 2.24532703e-02 2.40129273e+02]
uncerts:
[9.15352507e-02 2.04329612e-02 2.21670441e+02]
uncerts:
[1.09419993e-01 2.73131430e-02 2.84424850e+02]
gim_uncerts:
[array([9.70670527e-02, 2.24532703e-02, 2.40129273e+02]), array([9.15352507e-02, 2.04329612e-02, 2.21670441e+02]), array([1.09419993e-01, 2.73131430e-02, 2.84424850e+02])]
Processing: /xdisk/rgutenk/sgibbon/dadi_msprime_pipeline/dadi_inference_results/allo_2epoch/params5/Collapsed_nested/optimization_allo_2epoch_T3_nu0.75_H0.02_master42_rep23.txt
gim_param_names:
['T_WGD', 'nu']
gim_best_params:
[0.5644797264666365, 0.3727144624199169]
['T_WGD', 'nu']
uncerts:
[5.78948347e-02 1.11924752e-02 1.17804831e+02]
uncerts:
[6.94165153e-02 1.57015238e-02 1.56178570e+02]
uncerts:
[5.78238832e-02 1.06264911e-02 1.13406159e+02]
gim_uncerts:
[array([5.78948347e-02, 1.11924752e-02, 1.17804831e+02]), array([6.94165153e-02, 1.57015238e-02, 1.56178570e+02]), array([5.78238832e-02, 1.06264911e-02, 1.13406159e+02])]
Processing: /xdisk/rgutenk/sgibbon/dadi_msprime_pipeline/dadi_inference_results/allo_2epoch/params5/Collapsed_nested/optimization_allo_2epoch_T3_nu0.75_H0.02_master42_rep24.txt
gim_param_names:
['T_WGD', 'nu']
gim_best_params:
[0.5131084254887017, 0.3400782965086001]
['T_WGD', 'nu']
uncerts:
[7.99344701e-02 1.82876923e-02 1.38062070e+02]
uncerts:
[7.81606044e-02 1.74767117e-02 1.31379063e+02]
uncerts:
[7.83455216e-02 1.74139335e-02 1.30699783e+02]
gim_uncerts:
[array([7.99344701e-02, 1.82876923e-02, 1.38062070e+02]), array([7.81606044e-02, 1.74767117e-02, 1.31379063e+02]), array([7.83455216e-02, 1.74139335e-02, 1.30699783e+02])]
Processing: /xdisk/rgutenk/sgibbon/dadi_msprime_pipeline/dadi_inference_results/allo_2epoch/params5/Collapsed_nested/optimization_allo_2epoch_T3_nu0.75_H0.02_master42_rep3.txt
gim_param_names:
['T_WGD', 'nu']
gim_best_params:
[0.5199928845552785, 0.3444124246083355]
['T_WGD', 'nu']
uncerts:
[6.34223073e-02 1.50122236e-02 1.33773045e+02]
uncerts:
[6.99871444e-02 1.78459129e-02 1.59802950e+02]
uncerts:
[6.39098458e-02 1.49518171e-02 1.33118503e+02]
gim_uncerts:
[array([6.34223073e-02, 1.50122236e-02, 1.33773045e+02]), array([6.99871444e-02, 1.78459129e-02, 1.59802950e+02]), array([6.39098458e-02, 1.49518171e-02, 1.33118503e+02])]
Processing: /xdisk/rgutenk/sgibbon/dadi_msprime_pipeline/dadi_inference_results/allo_2epoch/params5/Collapsed_nested/optimization_allo_2epoch_T3_nu0.75_H0.02_master42_rep4.txt
gim_param_names:
['T_WGD', 'nu']
gim_best_params:
[0.494936307187118, 0.3352216647126964]
['T_WGD', 'nu']
uncerts:
[5.93758512e-02 1.55549391e-02 1.35963507e+02]
uncerts:
[5.71636336e-02 1.45821385e-02 1.27603934e+02]
uncerts:
[5.70728602e-02 1.44556350e-02 1.26381674e+02]
gim_uncerts:
[array([5.93758512e-02, 1.55549391e-02, 1.35963507e+02]), array([5.71636336e-02, 1.45821385e-02, 1.27603934e+02]), array([5.70728602e-02, 1.44556350e-02, 1.26381674e+02])]
Processing: /xdisk/rgutenk/sgibbon/dadi_msprime_pipeline/dadi_inference_results/allo_2epoch/params5/Collapsed_nested/optimization_allo_2epoch_T3_nu0.75_H0.02_master42_rep5.txt
gim_param_names:
['T_WGD', 'nu']
gim_best_params:
[0.5859297513900231, 0.3547078166157377]
['T_WGD', 'nu']
uncerts:
[5.87906262e-02 1.28849776e-02 1.20724739e+02]
uncerts:
[5.43716632e-02 1.12976621e-02 1.07184180e+02]
uncerts:
[6.69165357e-02 1.72789455e-02 1.59823520e+02]
gim_uncerts:
[array([5.87906262e-02, 1.28849776e-02, 1.20724739e+02]), array([5.43716632e-02, 1.12976621e-02, 1.07184180e+02]), array([6.69165357e-02, 1.72789455e-02, 1.59823520e+02])]
Processing: /xdisk/rgutenk/sgibbon/dadi_msprime_pipeline/dadi_inference_results/allo_2epoch/params5/Collapsed_nested/optimization_allo_2epoch_T3_nu0.75_H0.02_master42_rep6.txt
gim_param_names:
['T_WGD', 'nu']
gim_best_params:
[0.6998580127275872, 0.4011756806718674]
['T_WGD', 'nu']
uncerts:
[6.91636179e-02 1.63011441e-02 1.61603422e+02]
uncerts:
[6.38005716e-02 1.46480238e-02 1.46103354e+02]
uncerts:
[7.01180186e-02 1.62084209e-02 1.61263742e+02]
gim_uncerts:
[array([6.91636179e-02, 1.63011441e-02, 1.61603422e+02]), array([6.38005716e-02, 1.46480238e-02, 1.46103354e+02]), array([7.01180186e-02, 1.62084209e-02, 1.61263742e+02])]
Processing: /xdisk/rgutenk/sgibbon/dadi_msprime_pipeline/dadi_inference_results/allo_2epoch/params5/Collapsed_nested/optimization_allo_2epoch_T3_nu0.75_H0.02_master42_rep7.txt
gim_param_names:
['T_WGD', 'nu']
gim_best_params:
[0.6056179265649106, 0.3715821283925051]
['T_WGD', 'nu']
uncerts:
[4.25275194e-02 1.00232710e-02 1.10617366e+02]
uncerts:
[4.70725783e-02 1.17286003e-02 1.25401477e+02]
uncerts:
[4.29945501e-02 9.98303163e-03 1.10859403e+02]
gim_uncerts:
[array([4.25275194e-02, 1.00232710e-02, 1.10617366e+02]), array([4.70725783e-02, 1.17286003e-02, 1.25401477e+02]), array([4.29945501e-02, 9.98303163e-03, 1.10859403e+02])]
Processing: /xdisk/rgutenk/sgibbon/dadi_msprime_pipeline/dadi_inference_results/allo_2epoch/params5/Collapsed_nested/optimization_allo_2epoch_T3_nu0.75_H0.02_master42_rep8.txt
gim_param_names:
['T_WGD', 'nu']
gim_best_params:
[0.6665738481286586, 0.3934163922872918]
['T_WGD', 'nu']
uncerts:
[8.87811551e-02 1.89717103e-02 1.78544319e+02]
uncerts:
[9.50621159e-02 2.13042874e-02 1.99973347e+02]
uncerts:
[9.19007543e-02 1.98440526e-02 1.87095282e+02]
gim_uncerts:
[array([8.87811551e-02, 1.89717103e-02, 1.78544319e+02]), array([9.50621159e-02, 2.13042874e-02, 1.99973347e+02]), array([9.19007543e-02, 1.98440526e-02, 1.87095282e+02])]
Processing: /xdisk/rgutenk/sgibbon/dadi_msprime_pipeline/dadi_inference_results/allo_2epoch/params5/Collapsed_nested/optimization_allo_2epoch_T3_nu0.75_H0.02_master42_rep9.txt
gim_param_names:
['T_WGD', 'nu']
gim_best_params:
[0.6468658958223591, 0.3815997687544861]
['T_WGD', 'nu']
uncerts:
[8.26259170e-02 1.68679202e-02 1.77768550e+02]
uncerts:
[8.16522165e-02 1.65167847e-02 1.74512874e+02]
uncerts:
[8.38640117e-02 1.70871091e-02 1.80008959e+02]
gim_uncerts:
[array([8.26259170e-02, 1.68679202e-02, 1.77768550e+02]), array([8.16522165e-02, 1.65167847e-02, 1.74512874e+02]), array([8.38640117e-02, 1.70871091e-02, 1.80008959e+02])]
Summary saved to: results_collapsed/nested_summary.csv
Running full uncertainties:
Processing: /xdisk/rgutenk/sgibbon/dadi_msprime_pipeline/dadi_inference_results/allo_2epoch/params5/Collapsed_complex/optimization_allo_2epoch_T3_nu0.75_H0.02_master42_rep0.txt
gim_param_names:
['T_WGD', 'nu', 'H']
gim_best_params:
[10.0, 1.714821331676721, 0.0125783078958968]
['T_WGD', 'nu', 'H']
uncerts:
[4.27992981e+00 5.98831882e-01 4.50070311e-03 6.10870989e+02]
uncerts:
[1.30811786e-01 3.05555780e-02 2.73420851e-03 2.78914379e+01]
uncerts:
[1.91445765e-01 2.48290661e-02 2.73371651e-03 2.34103231e+01]
gim_uncerts:
[array([4.27992981e+00, 5.98831882e-01, 4.50070311e-03, 6.10870989e+02]), array([1.30811786e-01, 3.05555780e-02, 2.73420851e-03, 2.78914379e+01]), array([1.91445765e-01, 2.48290661e-02, 2.73371651e-03, 2.34103231e+01])]
Processing: /xdisk/rgutenk/sgibbon/dadi_msprime_pipeline/dadi_inference_results/allo_2epoch/params5/Collapsed_complex/optimization_allo_2epoch_T3_nu0.75_H0.02_master42_rep1.txt
gim_param_names:
['T_WGD', 'nu', 'H']
gim_best_params:
[3.080138243109121, 0.7503475651231942, 0.0198982454751227]
['T_WGD', 'nu', 'H']
uncerts:
[5.31054955e+00 7.62851668e-01 1.55478829e-02 4.01957198e+03]
uncerts:
[6.43033652e+00 9.25645408e-01 1.93833334e-02 4.87238297e+03]
uncerts:
[1.52353400e-01 3.21088669e-02 4.71419687e-03 1.39884785e+02]
gim_uncerts:
[array([5.31054955e+00, 7.62851668e-01, 1.55478829e-02, 4.01957198e+03]), array([6.43033652e+00, 9.25645408e-01, 1.93833334e-02, 4.87238297e+03]), array([1.52353400e-01, 3.21088669e-02, 4.71419687e-03, 1.39884785e+02])]
Processing: /xdisk/rgutenk/sgibbon/dadi_msprime_pipeline/dadi_inference_results/allo_2epoch/params5/Collapsed_complex/optimization_allo_2epoch_T3_nu0.75_H0.02_master42_rep10.txt
gim_param_names:
['T_WGD', 'nu', 'H']
gim_best_params:
[10.0, 1.7371816410368583, 0.0077763434547124]
['T_WGD', 'nu', 'H']
uncerts:
[4.76102520e+00 6.74440197e-01 2.55272196e-03 6.64625313e+02]
uncerts:
[1.01679558e-01 2.67573701e-02 1.97935929e-03 1.88294118e+01]
uncerts:
[1.82242082e-01 2.34889813e-02 2.03380394e-03 2.11926030e+01]
gim_uncerts:
[array([4.76102520e+00, 6.74440197e-01, 2.55272196e-03, 6.64625313e+02]), array([1.01679558e-01, 2.67573701e-02, 1.97935929e-03, 1.88294118e+01]), array([1.82242082e-01, 2.34889813e-02, 2.03380394e-03, 2.11926030e+01])]
Processing: /xdisk/rgutenk/sgibbon/dadi_msprime_pipeline/dadi_inference_results/allo_2epoch/params5/Collapsed_complex/optimization_allo_2epoch_T3_nu0.75_H0.02_master42_rep11.txt
gim_param_names:
['T_WGD', 'nu', 'H']
gim_best_params:
[0.924798379143738, 0.4358078175977882, 0.018657033753212]
['T_WGD', 'nu', 'H']
uncerts:
[1.21106568e-01 2.17402271e-02 4.88609933e-03 2.43270870e+02]
uncerts:
[2.46745491e-01 4.98517526e-02 4.92010659e-03 5.21416175e+02]
uncerts:
[1.48944213e-01 2.63909391e-02 4.96589086e-03 2.94847155e+02]
gim_uncerts:
[array([1.21106568e-01, 2.17402271e-02, 4.88609933e-03, 2.43270870e+02]), array([2.46745491e-01, 4.98517526e-02, 4.92010659e-03, 5.21416175e+02]), array([1.48944213e-01, 2.63909391e-02, 4.96589086e-03, 2.94847155e+02])]
Processing: /xdisk/rgutenk/sgibbon/dadi_msprime_pipeline/dadi_inference_results/allo_2epoch/params5/Collapsed_complex/optimization_allo_2epoch_T3_nu0.75_H0.02_master42_rep12.txt
gim_param_names:
['T_WGD', 'nu', 'H']
gim_best_params:
[2.09812634605161, 0.6113694542511059, 0.0307769805547241]
['T_WGD', 'nu', 'H']
uncerts:
[1.70993736e+00 2.45188898e-01 9.78731152e-03 1.90729608e+03]
uncerts:
[1.02607195e+00 1.44269205e-01 6.94326296e-03 1.13179588e+03]
uncerts:
[5.32475994e-02 9.90775972e-03 5.86416146e-03 6.15997486e+01]
gim_uncerts:
[array([1.70993736e+00, 2.45188898e-01, 9.78731152e-03, 1.90729608e+03]), array([1.02607195e+00, 1.44269205e-01, 6.94326296e-03, 1.13179588e+03]), array([5.32475994e-02, 9.90775972e-03, 5.86416146e-03, 6.15997486e+01])]
Processing: /xdisk/rgutenk/sgibbon/dadi_msprime_pipeline/dadi_inference_results/allo_2epoch/params5/Collapsed_complex/optimization_allo_2epoch_T3_nu0.75_H0.02_master42_rep13.txt
gim_param_names:
['T_WGD', 'nu', 'H']
gim_best_params:
[1.0569864084750589, 0.4702765091604564, 0.0347854991189269]
['T_WGD', 'nu', 'H']
uncerts:
[2.71578367e-01 4.63062878e-02 9.79715038e-03 4.39607293e+02]
uncerts:
[1.44048818e-01 2.21441842e-02 9.78867376e-03 2.01835487e+02]
uncerts:
[3.85931680e-01 8.37110574e-02 9.88391908e-03 8.18367681e+02]
gim_uncerts:
[array([2.71578367e-01, 4.63062878e-02, 9.79715038e-03, 4.39607293e+02]), array([1.44048818e-01, 2.21441842e-02, 9.78867376e-03, 2.01835487e+02]), array([3.85931680e-01, 8.37110574e-02, 9.88391908e-03, 8.18367681e+02])]
Processing: /xdisk/rgutenk/sgibbon/dadi_msprime_pipeline/dadi_inference_results/allo_2epoch/params5/Collapsed_complex/optimization_allo_2epoch_T3_nu0.75_H0.02_master42_rep14.txt
gim_param_names:
['T_WGD', 'nu', 'H']
gim_best_params:
[1.4045508125659218, 0.5148717216237252, 0.0186360639625251]
['T_WGD', 'nu', 'H']
uncerts:
[3.62525469e-01 5.75187485e-02 7.42895564e-03 5.63866378e+02]
uncerts:
[2.05681344e-01 3.07349542e-02 7.41090894e-03 3.12591784e+02]
uncerts:
[2.12828970e-02 6.73726638e-03 7.45811218e-03 5.52808070e+01]
gim_uncerts:
[array([3.62525469e-01, 5.75187485e-02, 7.42895564e-03, 5.63866378e+02]), array([2.05681344e-01, 3.07349542e-02, 7.41090894e-03, 3.12591784e+02]), array([2.12828970e-02, 6.73726638e-03, 7.45811218e-03, 5.52808070e+01])]
Processing: /xdisk/rgutenk/sgibbon/dadi_msprime_pipeline/dadi_inference_results/allo_2epoch/params5/Collapsed_complex/optimization_allo_2epoch_T3_nu0.75_H0.02_master42_rep15.txt
gim_param_names:
['T_WGD', 'nu', 'H']
gim_best_params:
[1.795573830069059, 0.5739726618496102, 0.0138496088515223]
['T_WGD', 'nu', 'H']
uncerts:
[5.25572380e-01 8.45112025e-02 3.10671022e-03 7.04748550e+02]
uncerts:
[5.34737688e-01 8.59951077e-02 3.10897813e-03 7.17030665e+02]
uncerts:
[3.31060381e-01 5.33042741e-02 3.10446797e-03 4.46268900e+02]
gim_uncerts:
[array([5.25572380e-01, 8.45112025e-02, 3.10671022e-03, 7.04748550e+02]), array([5.34737688e-01, 8.59951077e-02, 3.10897813e-03, 7.17030665e+02]), array([3.31060381e-01, 5.33042741e-02, 3.10446797e-03, 4.46268900e+02])]
Processing: /xdisk/rgutenk/sgibbon/dadi_msprime_pipeline/dadi_inference_results/allo_2epoch/params5/Collapsed_complex/optimization_allo_2epoch_T3_nu0.75_H0.02_master42_rep16.txt
gim_param_names:
['T_WGD', 'nu', 'H']
gim_best_params:
[2.403145731503197, 0.6557144723880568, 0.0164377792073189]
['T_WGD', 'nu', 'H']
uncerts:
[1.38721632e+00 2.02053421e-01 3.81349409e-03 1.35369370e+03]
uncerts:
[1.45421227e+00 2.12061751e-01 3.90023076e-03 1.42052993e+03]
uncerts:
[3.59837742e+00 5.32395717e-01 9.35610396e-03 3.55683102e+03]
gim_uncerts:
[array([1.38721632e+00, 2.02053421e-01, 3.81349409e-03, 1.35369370e+03]), array([1.45421227e+00, 2.12061751e-01, 3.90023076e-03, 1.42052993e+03]), array([3.59837742e+00, 5.32395717e-01, 9.35610396e-03, 3.55683102e+03])]
Processing: /xdisk/rgutenk/sgibbon/dadi_msprime_pipeline/dadi_inference_results/allo_2epoch/params5/Collapsed_complex/optimization_allo_2epoch_T3_nu0.75_H0.02_master42_rep17.txt
gim_param_names:
['T_WGD', 'nu', 'H']
gim_best_params:
[0.943548311054507, 0.4476985091763755, 0.0049644981216112]
['T_WGD', 'nu', 'H']
uncerts:
[1.52918342e-01 3.03646686e-02 2.37521111e-03 2.88673427e+02]
uncerts:
[1.34935318e-01 2.60103715e-02 2.39167374e-03 2.47409020e+02]
uncerts:
[1.69758550e-01 3.38174491e-02 2.42107163e-03 3.23123556e+02]
gim_uncerts:
[array([1.52918342e-01, 3.03646686e-02, 2.37521111e-03, 2.88673427e+02]), array([1.34935318e-01, 2.60103715e-02, 2.39167374e-03, 2.47409020e+02]), array([1.69758550e-01, 3.38174491e-02, 2.42107163e-03, 3.23123556e+02])]
Processing: /xdisk/rgutenk/sgibbon/dadi_msprime_pipeline/dadi_inference_results/allo_2epoch/params5/Collapsed_complex/optimization_allo_2epoch_T3_nu0.75_H0.02_master42_rep18.txt
gim_param_names:
['T_WGD', 'nu', 'H']
gim_best_params:
[1.1839828987683776, 0.4866431612234384, 0.0235566504250973]
['T_WGD', 'nu', 'H']
uncerts:
[2.02944178e-01 3.47848851e-02 5.85219189e-03 3.52128835e+02]
uncerts:
[2.04403850e-01 3.50442695e-02 5.85334286e-03 3.54712568e+02]
uncerts:
[2.67064148e-01 4.54789176e-02 5.87338823e-03 4.62084655e+02]
gim_uncerts:
[array([2.02944178e-01, 3.47848851e-02, 5.85219189e-03, 3.52128835e+02]), array([2.04403850e-01, 3.50442695e-02, 5.85334286e-03, 3.54712568e+02]), array([2.67064148e-01, 4.54789176e-02, 5.87338823e-03, 4.62084655e+02])]
Processing: /xdisk/rgutenk/sgibbon/dadi_msprime_pipeline/dadi_inference_results/allo_2epoch/params5/Collapsed_complex/optimization_allo_2epoch_T3_nu0.75_H0.02_master42_rep19.txt
gim_param_names:
['T_WGD', 'nu', 'H']
gim_best_params:
[10.0, 1.7941097143218, 0.0071658372492155]
['T_WGD', 'nu', 'H']
uncerts:
[3.78251269e+00 5.53279195e-01 2.23635814e-03 5.14128986e+02]
uncerts:
[1.22359291e-01 1.93532845e-02 1.81530362e-03 1.56269752e+01]
uncerts:
[3.80030705e+00 6.07485936e-01 4.03133669e-03 5.51202522e+02]
gim_uncerts:
[array([3.78251269e+00, 5.53279195e-01, 2.23635814e-03, 5.14128986e+02]), array([1.22359291e-01, 1.93532845e-02, 1.81530362e-03, 1.56269752e+01]), array([3.80030705e+00, 6.07485936e-01, 4.03133669e-03, 5.51202522e+02])]
Processing: /xdisk/rgutenk/sgibbon/dadi_msprime_pipeline/dadi_inference_results/allo_2epoch/params5/Collapsed_complex/optimization_allo_2epoch_T3_nu0.75_H0.02_master42_rep2.txt
gim_param_names:
['T_WGD', 'nu', 'H']
gim_best_params:
[10.0, 1.7902168605474151, 0.0134157233164512]
['T_WGD', 'nu', 'H']
uncerts:
[2.78596373e+00 4.08489385e-01 3.99166539e-03 3.97185520e+02]
uncerts:
[1.87454949e-01 3.04390246e-02 3.19240964e-03 2.88753649e+01]
uncerts:
[8.39671083e-01 1.61629559e-01 3.73209975e-03 1.44784764e+02]
gim_uncerts:
[array([2.78596373e+00, 4.08489385e-01, 3.99166539e-03, 3.97185520e+02]), array([1.87454949e-01, 3.04390246e-02, 3.19240964e-03, 2.88753649e+01]), array([8.39671083e-01, 1.61629559e-01, 3.73209975e-03, 1.44784764e+02])]
Processing: /xdisk/rgutenk/sgibbon/dadi_msprime_pipeline/dadi_inference_results/allo_2epoch/params5/Collapsed_complex/optimization_allo_2epoch_T3_nu0.75_H0.02_master42_rep20.txt
gim_param_names:
['T_WGD', 'nu', 'H']
gim_best_params:
[1.4633478768686512, 0.5203911307156985, 0.0142844024881033]
['T_WGD', 'nu', 'H']
uncerts:
[4.27033955e-01 6.68674917e-02 4.26305737e-03 6.22758380e+02]
uncerts:
[2.32086685e-01 3.39269312e-02 4.23689899e-03 3.23095225e+02]
uncerts:
[1.95072500e-02 5.96621991e-03 4.30577469e-03 5.50906940e+01]
gim_uncerts:
[array([4.27033955e-01, 6.68674917e-02, 4.26305737e-03, 6.22758380e+02]), array([2.32086685e-01, 3.39269312e-02, 4.23689899e-03, 3.23095225e+02]), array([1.95072500e-02, 5.96621991e-03, 4.30577469e-03, 5.50906940e+01])]
Processing: /xdisk/rgutenk/sgibbon/dadi_msprime_pipeline/dadi_inference_results/allo_2epoch/params5/Collapsed_complex/optimization_allo_2epoch_T3_nu0.75_H0.02_master42_rep21.txt
gim_param_names:
['T_WGD', 'nu', 'H']
gim_best_params:
[1.1902862113319883, 0.4819793329102798, 0.0177927740614215]
['T_WGD', 'nu', 'H']
uncerts:
[2.57111300e-01 4.49079434e-02 4.52438120e-03 4.37718724e+02]
uncerts:
[2.84098322e-01 5.00175774e-02 4.53526682e-03 4.88164746e+02]
uncerts:
[2.75007557e-01 4.77973970e-02 4.64083867e-03 4.68164360e+02]
gim_uncerts:
[array([2.57111300e-01, 4.49079434e-02, 4.52438120e-03, 4.37718724e+02]), array([2.84098322e-01, 5.00175774e-02, 4.53526682e-03, 4.88164746e+02]), array([2.75007557e-01, 4.77973970e-02, 4.64083867e-03, 4.68164360e+02])]
Processing: /xdisk/rgutenk/sgibbon/dadi_msprime_pipeline/dadi_inference_results/allo_2epoch/params5/Collapsed_complex/optimization_allo_2epoch_T3_nu0.75_H0.02_master42_rep22.txt
gim_param_names:
['T_WGD', 'nu', 'H']
gim_best_params:
[10.0, 1.8159633835234383, 0.006486305553257]
['T_WGD', 'nu', 'H']
uncerts:
[2.59120072e+00 3.76800085e-01 1.69084612e-03 3.39589745e+02]
uncerts:
[3.60388737e-01 4.21974020e-02 1.57699816e-03 3.69586419e+01]
uncerts:
[1.43571924e+02 2.20045571e+01 8.24124098e-02 1.96294747e+04]
gim_uncerts:
[array([2.59120072e+00, 3.76800085e-01, 1.69084612e-03, 3.39589745e+02]), array([3.60388737e-01, 4.21974020e-02, 1.57699816e-03, 3.69586419e+01]), array([1.43571924e+02, 2.20045571e+01, 8.24124098e-02, 1.96294747e+04])]
Processing: /xdisk/rgutenk/sgibbon/dadi_msprime_pipeline/dadi_inference_results/allo_2epoch/params5/Collapsed_complex/optimization_allo_2epoch_T3_nu0.75_H0.02_master42_rep23.txt
gim_param_names:
['T_WGD', 'nu', 'H']
gim_best_params:
[1.022252466625692, 0.4578139752188264, 0.0250871293574161]
['T_WGD', 'nu', 'H']
uncerts:
[1.87523002e-01 3.18037476e-02 7.23996838e-03 3.24866414e+02]
uncerts:
[1.76195017e-01 2.95170940e-02 7.22329719e-03 3.02101994e+02]
uncerts:
[2.65852868e-01 4.44804526e-02 7.48472931e-03 4.62377674e+02]
gim_uncerts:
[array([1.87523002e-01, 3.18037476e-02, 7.23996838e-03, 3.24866414e+02]), array([1.76195017e-01, 2.95170940e-02, 7.22329719e-03, 3.02101994e+02]), array([2.65852868e-01, 4.44804526e-02, 7.48472931e-03, 4.62377674e+02])]
Processing: /xdisk/rgutenk/sgibbon/dadi_msprime_pipeline/dadi_inference_results/allo_2epoch/params5/Collapsed_complex/optimization_allo_2epoch_T3_nu0.75_H0.02_master42_rep24.txt
gim_param_names:
['T_WGD', 'nu', 'H']
gim_best_params:
[6.617644180660468, 1.2250817109046683, 0.0145526343373369]
['T_WGD', 'nu', 'H']
uncerts:
[2.24616514e+01 3.14635763e+00 3.46677016e-02 6.07857495e+03]
uncerts:
[7.13704573e-02 2.67678833e-02 3.93038055e-03 3.69107066e+01]
uncerts:
[7.84067943e-01 1.34993967e-01 5.02732531e-03 2.37794363e+02]
gim_uncerts:
[array([2.24616514e+01, 3.14635763e+00, 3.46677016e-02, 6.07857495e+03]), array([7.13704573e-02, 2.67678833e-02, 3.93038055e-03, 3.69107066e+01]), array([7.84067943e-01, 1.34993967e-01, 5.02732531e-03, 2.37794363e+02])]
Processing: /xdisk/rgutenk/sgibbon/dadi_msprime_pipeline/dadi_inference_results/allo_2epoch/params5/Collapsed_complex/optimization_allo_2epoch_T3_nu0.75_H0.02_master42_rep3.txt
gim_param_names:
['T_WGD', 'nu', 'H']
gim_best_params:
[1.351895759343569, 0.48983542971797, 0.030297453569439]
['T_WGD', 'nu', 'H']
uncerts:
[4.43747834e-01 6.65661809e-02 7.42787480e-03 6.96228463e+02]
uncerts:
[1.71701681e-01 2.29954041e-02 7.46157513e-03 2.52825624e+02]
uncerts:
[1.61345551e-02 7.17188865e-03 7.47306486e-03 4.77178487e+01]
gim_uncerts:
[array([4.43747834e-01, 6.65661809e-02, 7.42787480e-03, 6.96228463e+02]), array([1.71701681e-01, 2.29954041e-02, 7.46157513e-03, 2.52825624e+02]), array([1.61345551e-02, 7.17188865e-03, 7.47306486e-03, 4.77178487e+01])]
Processing: /xdisk/rgutenk/sgibbon/dadi_msprime_pipeline/dadi_inference_results/allo_2epoch/params5/Collapsed_complex/optimization_allo_2epoch_T3_nu0.75_H0.02_master42_rep4.txt
gim_param_names:
['T_WGD', 'nu', 'H']
gim_best_params:
[10.0, 1.7215784135773329, 0.010463306718757]
['T_WGD', 'nu', 'H']
uncerts:
[3.74503356e+00 5.18072173e-01 3.00746359e-03 5.15473507e+02]
uncerts:
[8.14297541e-02 2.52925198e-02 2.09307304e-03 1.92224066e+01]
uncerts:
[9.94694691e-02 1.71789040e-02 2.03594327e-03 1.29375090e+01]
gim_uncerts:
[array([3.74503356e+00, 5.18072173e-01, 3.00746359e-03, 5.15473507e+02]), array([8.14297541e-02, 2.52925198e-02, 2.09307304e-03, 1.92224066e+01]), array([9.94694691e-02, 1.71789040e-02, 2.03594327e-03, 1.29375090e+01])]
Processing: /xdisk/rgutenk/sgibbon/dadi_msprime_pipeline/dadi_inference_results/allo_2epoch/params5/Collapsed_complex/optimization_allo_2epoch_T3_nu0.75_H0.02_master42_rep5.txt
gim_param_names:
['T_WGD', 'nu', 'H']
gim_best_params:
[10.0, 1.7493474584364126, 0.0077619562087636]
['T_WGD', 'nu', 'H']
uncerts:
[2.45426367e+00 3.57220573e-01 1.95059713e-03 3.47326966e+02]
uncerts:
[3.98516530e-01 6.00412815e-02 1.44321712e-03 5.65962527e+01]
uncerts:
[9.93822439e-01 1.52286831e-01 1.83513222e-03 1.45622787e+02]
gim_uncerts:
[array([2.45426367e+00, 3.57220573e-01, 1.95059713e-03, 3.47326966e+02]), array([3.98516530e-01, 6.00412815e-02, 1.44321712e-03, 5.65962527e+01]), array([9.93822439e-01, 1.52286831e-01, 1.83513222e-03, 1.45622787e+02])]
Processing: /xdisk/rgutenk/sgibbon/dadi_msprime_pipeline/dadi_inference_results/allo_2epoch/params5/Collapsed_complex/optimization_allo_2epoch_T3_nu0.75_H0.02_master42_rep6.txt
gim_param_names:
['T_WGD', 'nu', 'H']
gim_best_params:
[1.252841099003562, 0.4996148253729911, 0.016429841719016]
['T_WGD', 'nu', 'H']
uncerts:
[2.80943665e-01 4.52486406e-02 4.61156176e-03 4.56959655e+02]
uncerts:
[2.00134066e-01 3.05870575e-02 4.57328365e-03 3.15741002e+02]
uncerts:
[1.87071169e-01 4.67411788e-02 4.48258728e-03 3.92483371e+02]
gim_uncerts:
[array([2.80943665e-01, 4.52486406e-02, 4.61156176e-03, 4.56959655e+02]), array([2.00134066e-01, 3.05870575e-02, 4.57328365e-03, 3.15741002e+02]), array([1.87071169e-01, 4.67411788e-02, 4.48258728e-03, 3.92483371e+02])]
Processing: /xdisk/rgutenk/sgibbon/dadi_msprime_pipeline/dadi_inference_results/allo_2epoch/params5/Collapsed_complex/optimization_allo_2epoch_T3_nu0.75_H0.02_master42_rep7.txt
gim_param_names:
['T_WGD', 'nu', 'H']
gim_best_params:
[1.219265629616673, 0.4825774047556792, 0.022048917304047]
['T_WGD', 'nu', 'H']
uncerts:
[2.76007186e-01 4.40129603e-02 4.71213335e-03 4.53311637e+02]
uncerts:
[2.29775001e-01 3.55032065e-02 4.71256189e-03 3.71062569e+02]
uncerts:
[2.26640252e-01 3.59775004e-02 4.62816442e-03 3.71161979e+02]
gim_uncerts:
[array([2.76007186e-01, 4.40129603e-02, 4.71213335e-03, 4.53311637e+02]), array([2.29775001e-01, 3.55032065e-02, 4.71256189e-03, 3.71062569e+02]), array([2.26640252e-01, 3.59775004e-02, 4.62816442e-03, 3.71161979e+02])]
Processing: /xdisk/rgutenk/sgibbon/dadi_msprime_pipeline/dadi_inference_results/allo_2epoch/params5/Collapsed_complex/optimization_allo_2epoch_T3_nu0.75_H0.02_master42_rep8.txt
gim_param_names:
['T_WGD', 'nu', 'H']
gim_best_params:
[10.0, 1.8242123966965749, 0.0071731284608986]
['T_WGD', 'nu', 'H']
uncerts:
[5.05211527e+00 7.54735376e-01 2.43329650e-03 6.99723065e+02]
uncerts:
[1.00942020e-01 2.75890548e-02 1.73099427e-03 2.05428852e+01]
uncerts:
[1.17248383e+00 1.87798968e-01 1.60210595e-03 1.58505688e+02]
gim_uncerts:
[array([5.05211527e+00, 7.54735376e-01, 2.43329650e-03, 6.99723065e+02]), array([1.00942020e-01, 2.75890548e-02, 1.73099427e-03, 2.05428852e+01]), array([1.17248383e+00, 1.87798968e-01, 1.60210595e-03, 1.58505688e+02])]
Processing: /xdisk/rgutenk/sgibbon/dadi_msprime_pipeline/dadi_inference_results/allo_2epoch/params5/Collapsed_complex/optimization_allo_2epoch_T3_nu0.75_H0.02_master42_rep9.txt
gim_param_names:
['T_WGD', 'nu', 'H']
gim_best_params:
[10.0, 1.8157154799388129, 0.0068837569420565]
['T_WGD', 'nu', 'H']
uncerts:
[4.40009029e+00 6.48547893e-01 1.79758180e-03 5.95530182e+02]
uncerts:
[1.22317232e-01 3.46523750e-02 1.70155807e-03 2.94832791e+01]
uncerts:
[1.04952782e-01 1.86095250e-02 1.69077881e-03 1.59652576e+01]
gim_uncerts:
[array([4.40009029e+00, 6.48547893e-01, 1.79758180e-03, 5.95530182e+02]), array([1.22317232e-01, 3.46523750e-02, 1.70155807e-03, 2.94832791e+01]), array([1.04952782e-01, 1.86095250e-02, 1.69077881e-03, 1.59652576e+01])]
Summary saved to: results_collapsed/full_summary.csv
Running LRT:
Computing LRT for: /xdisk/rgutenk/sgibbon/dadi_msprime_pipeline/msprime_tree_sequences/allo_2epoch/params5/allo_2epoch_T3_nu0.75_H0.02_master42_rep0.trees
Computing LRT for: /xdisk/rgutenk/sgibbon/dadi_msprime_pipeline/msprime_tree_sequences/allo_2epoch/params5/allo_2epoch_T3_nu0.75_H0.02_master42_rep1.trees
Computing LRT for: /xdisk/rgutenk/sgibbon/dadi_msprime_pipeline/msprime_tree_sequences/allo_2epoch/params5/allo_2epoch_T3_nu0.75_H0.02_master42_rep10.trees
Computing LRT for: /xdisk/rgutenk/sgibbon/dadi_msprime_pipeline/msprime_tree_sequences/allo_2epoch/params5/allo_2epoch_T3_nu0.75_H0.02_master42_rep11.trees
Computing LRT for: /xdisk/rgutenk/sgibbon/dadi_msprime_pipeline/msprime_tree_sequences/allo_2epoch/params5/allo_2epoch_T3_nu0.75_H0.02_master42_rep12.trees
Computing LRT for: /xdisk/rgutenk/sgibbon/dadi_msprime_pipeline/msprime_tree_sequences/allo_2epoch/params5/allo_2epoch_T3_nu0.75_H0.02_master42_rep13.trees
Computing LRT for: /xdisk/rgutenk/sgibbon/dadi_msprime_pipeline/msprime_tree_sequences/allo_2epoch/params5/allo_2epoch_T3_nu0.75_H0.02_master42_rep14.trees
Computing LRT for: /xdisk/rgutenk/sgibbon/dadi_msprime_pipeline/msprime_tree_sequences/allo_2epoch/params5/allo_2epoch_T3_nu0.75_H0.02_master42_rep15.trees
Computing LRT for: /xdisk/rgutenk/sgibbon/dadi_msprime_pipeline/msprime_tree_sequences/allo_2epoch/params5/allo_2epoch_T3_nu0.75_H0.02_master42_rep16.trees
Computing LRT for: /xdisk/rgutenk/sgibbon/dadi_msprime_pipeline/msprime_tree_sequences/allo_2epoch/params5/allo_2epoch_T3_nu0.75_H0.02_master42_rep17.trees
Computing LRT for: /xdisk/rgutenk/sgibbon/dadi_msprime_pipeline/msprime_tree_sequences/allo_2epoch/params5/allo_2epoch_T3_nu0.75_H0.02_master42_rep18.trees
Computing LRT for: /xdisk/rgutenk/sgibbon/dadi_msprime_pipeline/msprime_tree_sequences/allo_2epoch/params5/allo_2epoch_T3_nu0.75_H0.02_master42_rep19.trees
Computing LRT for: /xdisk/rgutenk/sgibbon/dadi_msprime_pipeline/msprime_tree_sequences/allo_2epoch/params5/allo_2epoch_T3_nu0.75_H0.02_master42_rep2.trees
Computing LRT for: /xdisk/rgutenk/sgibbon/dadi_msprime_pipeline/msprime_tree_sequences/allo_2epoch/params5/allo_2epoch_T3_nu0.75_H0.02_master42_rep20.trees
Computing LRT for: /xdisk/rgutenk/sgibbon/dadi_msprime_pipeline/msprime_tree_sequences/allo_2epoch/params5/allo_2epoch_T3_nu0.75_H0.02_master42_rep21.trees
Computing LRT for: /xdisk/rgutenk/sgibbon/dadi_msprime_pipeline/msprime_tree_sequences/allo_2epoch/params5/allo_2epoch_T3_nu0.75_H0.02_master42_rep22.trees
Computing LRT for: /xdisk/rgutenk/sgibbon/dadi_msprime_pipeline/msprime_tree_sequences/allo_2epoch/params5/allo_2epoch_T3_nu0.75_H0.02_master42_rep23.trees
Computing LRT for: /xdisk/rgutenk/sgibbon/dadi_msprime_pipeline/msprime_tree_sequences/allo_2epoch/params5/allo_2epoch_T3_nu0.75_H0.02_master42_rep24.trees
Computing LRT for: /xdisk/rgutenk/sgibbon/dadi_msprime_pipeline/msprime_tree_sequences/allo_2epoch/params5/allo_2epoch_T3_nu0.75_H0.02_master42_rep3.trees
Computing LRT for: /xdisk/rgutenk/sgibbon/dadi_msprime_pipeline/msprime_tree_sequences/allo_2epoch/params5/allo_2epoch_T3_nu0.75_H0.02_master42_rep4.trees
Computing LRT for: /xdisk/rgutenk/sgibbon/dadi_msprime_pipeline/msprime_tree_sequences/allo_2epoch/params5/allo_2epoch_T3_nu0.75_H0.02_master42_rep5.trees
Computing LRT for: /xdisk/rgutenk/sgibbon/dadi_msprime_pipeline/msprime_tree_sequences/allo_2epoch/params5/allo_2epoch_T3_nu0.75_H0.02_master42_rep6.trees
Computing LRT for: /xdisk/rgutenk/sgibbon/dadi_msprime_pipeline/msprime_tree_sequences/allo_2epoch/params5/allo_2epoch_T3_nu0.75_H0.02_master42_rep7.trees
Computing LRT for: /xdisk/rgutenk/sgibbon/dadi_msprime_pipeline/msprime_tree_sequences/allo_2epoch/params5/allo_2epoch_T3_nu0.75_H0.02_master42_rep8.trees
Computing LRT for: /xdisk/rgutenk/sgibbon/dadi_msprime_pipeline/msprime_tree_sequences/allo_2epoch/params5/allo_2epoch_T3_nu0.75_H0.02_master42_rep9.trees
LRT results saved to: results_collapsed/LRT.csv
==========================================
Job completed at: Thu Apr  2 20:36:35 MST 2026
==========================================
