==========================================
Start: Thu Apr  2 18:46:32 MST 2026
==========================================
Running nested uncertainties:
Using nested model for GIM: two_epoch_noHE
Processing: /xdisk/rgutenk/sgibbon/dadi_msprime_pipeline/dadi_inference_results/allo_2epoch/params5/Folded_nested/optimization_allo_2epoch_T3_nu0.75_H0.02_master42_rep0.txt
gim_param_names:
['T_WGD', 'nu']
gim_best_params:
[0.3841266933785436, 0.3009078886238014]
['T_WGD', 'nu']
uncerts:
[5.59801814e-02 1.86855484e-02 1.56134379e+02]
uncerts:
[5.89494123e-02 2.02952512e-02 1.68903428e+02]
uncerts:
[5.45366915e-02 1.80834100e-02 1.51646955e+02]
gim_uncerts:
[array([5.59801814e-02, 1.86855484e-02, 1.56134379e+02]), array([5.89494123e-02, 2.02952512e-02, 1.68903428e+02]), array([5.45366915e-02, 1.80834100e-02, 1.51646955e+02])]
Processing: /xdisk/rgutenk/sgibbon/dadi_msprime_pipeline/dadi_inference_results/allo_2epoch/params5/Folded_nested/optimization_allo_2epoch_T3_nu0.75_H0.02_master42_rep1.txt
gim_param_names:
['T_WGD', 'nu']
gim_best_params:
[0.4941139915676977, 0.3325333075163802]
['T_WGD', 'nu']
uncerts:
[6.86391026e-02 1.82265744e-02 1.58273035e+02]
uncerts:
[7.23088675e-02 1.98845584e-02 1.72548460e+02]
uncerts:
[6.89868233e-02 1.82475198e-02 1.58310347e+02]
gim_uncerts:
[array([6.86391026e-02, 1.82265744e-02, 1.58273035e+02]), array([7.23088675e-02, 1.98845584e-02, 1.72548460e+02]), array([6.89868233e-02, 1.82475198e-02, 1.58310347e+02])]
Processing: /xdisk/rgutenk/sgibbon/dadi_msprime_pipeline/dadi_inference_results/allo_2epoch/params5/Folded_nested/optimization_allo_2epoch_T3_nu0.75_H0.02_master42_rep10.txt
gim_param_names:
['T_WGD', 'nu']
gim_best_params:
[0.5181386185656944, 0.3316974280043427]
['T_WGD', 'nu']
uncerts:
[7.29522077e-02 1.81648263e-02 1.73080028e+02]
uncerts:
[7.60792986e-02 1.94935422e-02 1.85909859e+02]
uncerts:
[7.53482801e-02 1.90583223e-02 1.81696730e+02]
gim_uncerts:
[array([7.29522077e-02, 1.81648263e-02, 1.73080028e+02]), array([7.60792986e-02, 1.94935422e-02, 1.85909859e+02]), array([7.53482801e-02, 1.90583223e-02, 1.81696730e+02])]
Processing: /xdisk/rgutenk/sgibbon/dadi_msprime_pipeline/dadi_inference_results/allo_2epoch/params5/Folded_nested/optimization_allo_2epoch_T3_nu0.75_H0.02_master42_rep11.txt
gim_param_names:
['T_WGD', 'nu']
gim_best_params:
[0.5761000198706097, 0.3672259221580889]
['T_WGD', 'nu']
uncerts:
[6.31186726e-02 1.64260476e-02 1.62540572e+02]
uncerts:
[5.98560523e-02 1.50927759e-02 1.51538602e+02]
uncerts:
[6.36076913e-02 1.62867963e-02 1.61727414e+02]
gim_uncerts:
[array([6.31186726e-02, 1.64260476e-02, 1.62540572e+02]), array([5.98560523e-02, 1.50927759e-02, 1.51538602e+02]), array([6.36076913e-02, 1.62867963e-02, 1.61727414e+02])]
Processing: /xdisk/rgutenk/sgibbon/dadi_msprime_pipeline/dadi_inference_results/allo_2epoch/params5/Folded_nested/optimization_allo_2epoch_T3_nu0.75_H0.02_master42_rep12.txt
gim_param_names:
['T_WGD', 'nu']
gim_best_params:
[0.4254468986755629, 0.3219163552284798]
['T_WGD', 'nu']
uncerts:
[6.13512775e-02 1.96312258e-02 1.71215117e+02]
uncerts:
[6.52337677e-02 2.15866122e-02 1.87202215e+02]
uncerts:
[6.00446266e-02 1.87100730e-02 1.63427518e+02]
gim_uncerts:
[array([6.13512775e-02, 1.96312258e-02, 1.71215117e+02]), array([6.52337677e-02, 2.15866122e-02, 1.87202215e+02]), array([6.00446266e-02, 1.87100730e-02, 1.63427518e+02])]
Processing: /xdisk/rgutenk/sgibbon/dadi_msprime_pipeline/dadi_inference_results/allo_2epoch/params5/Folded_nested/optimization_allo_2epoch_T3_nu0.75_H0.02_master42_rep13.txt
gim_param_names:
['T_WGD', 'nu']
gim_best_params:
[0.39198487938741, 0.3372108546236678]
['T_WGD', 'nu']
uncerts:
[7.02806997e-02 2.31980841e-02 1.87553503e+02]
uncerts:
[8.99052804e-02 3.39753441e-02 2.57719326e+02]
uncerts:
[7.55227724e-02 2.43565102e-02 1.91776477e+02]
gim_uncerts:
[array([7.02806997e-02, 2.31980841e-02, 1.87553503e+02]), array([8.99052804e-02, 3.39753441e-02, 2.57719326e+02]), array([7.55227724e-02, 2.43565102e-02, 1.91776477e+02])]
Processing: /xdisk/rgutenk/sgibbon/dadi_msprime_pipeline/dadi_inference_results/allo_2epoch/params5/Folded_nested/optimization_allo_2epoch_T3_nu0.75_H0.02_master42_rep14.txt
gim_param_names:
['T_WGD', 'nu']
gim_best_params:
[0.5872184764251928, 0.3604791941565108]
['T_WGD', 'nu']
uncerts:
[1.07805214e-01 2.47376277e-02 2.37371768e+02]
uncerts:
[1.07351941e-01 2.45218880e-02 2.35359566e+02]
uncerts:
[1.06814127e-01 2.39582131e-02 2.30068088e+02]
gim_uncerts:
[array([1.07805214e-01, 2.47376277e-02, 2.37371768e+02]), array([1.07351941e-01, 2.45218880e-02, 2.35359566e+02]), array([1.06814127e-01, 2.39582131e-02, 2.30068088e+02])]
Processing: /xdisk/rgutenk/sgibbon/dadi_msprime_pipeline/dadi_inference_results/allo_2epoch/params5/Folded_nested/optimization_allo_2epoch_T3_nu0.75_H0.02_master42_rep15.txt
gim_param_names:
['T_WGD', 'nu']
gim_best_params:
[0.648924754423261, 0.3685014452041608]
['T_WGD', 'nu']
uncerts:
[6.40041230e-02 1.48933735e-02 1.45580757e+02]
uncerts:
[6.38237495e-02 1.48170218e-02 1.44891023e+02]
uncerts:
[6.50239536e-02 1.49297301e-02 1.46585507e+02]
gim_uncerts:
[array([6.40041230e-02, 1.48933735e-02, 1.45580757e+02]), array([6.38237495e-02, 1.48170218e-02, 1.44891023e+02]), array([6.50239536e-02, 1.49297301e-02, 1.46585507e+02])]
Processing: /xdisk/rgutenk/sgibbon/dadi_msprime_pipeline/dadi_inference_results/allo_2epoch/params5/Folded_nested/optimization_allo_2epoch_T3_nu0.75_H0.02_master42_rep16.txt
gim_param_names:
['T_WGD', 'nu']
gim_best_params:
[0.6151139155030552, 0.363280353300781]
['T_WGD', 'nu']
uncerts:
[8.44259229e-02 1.86822109e-02 2.00885692e+02]
uncerts:
[8.69984399e-02 1.96595460e-02 2.10252888e+02]
uncerts:
[8.48985942e-02 1.86639140e-02 2.00827320e+02]
gim_uncerts:
[array([8.44259229e-02, 1.86822109e-02, 2.00885692e+02]), array([8.69984399e-02, 1.96595460e-02, 2.10252888e+02]), array([8.48985942e-02, 1.86639140e-02, 2.00827320e+02])]
Processing: /xdisk/rgutenk/sgibbon/dadi_msprime_pipeline/dadi_inference_results/allo_2epoch/params5/Folded_nested/optimization_allo_2epoch_T3_nu0.75_H0.02_master42_rep17.txt
gim_param_names:
['T_WGD', 'nu']
gim_best_params:
[0.8255554128009823, 0.4283476515515959]
['T_WGD', 'nu']
uncerts:
[9.52743895e-02 2.01818375e-02 1.89397599e+02]
uncerts:
[9.02891147e-02 1.86904406e-02 1.75798768e+02]
uncerts:
[9.99599964e-02 2.12690435e-02 1.99788490e+02]
gim_uncerts:
[array([9.52743895e-02, 2.01818375e-02, 1.89397599e+02]), array([9.02891147e-02, 1.86904406e-02, 1.75798768e+02]), array([9.99599964e-02, 2.12690435e-02, 1.99788490e+02])]
Processing: /xdisk/rgutenk/sgibbon/dadi_msprime_pipeline/dadi_inference_results/allo_2epoch/params5/Folded_nested/optimization_allo_2epoch_T3_nu0.75_H0.02_master42_rep18.txt
gim_param_names:
['T_WGD', 'nu']
gim_best_params:
[0.5265096565785102, 0.3555108353172473]
['T_WGD', 'nu']
uncerts:
[5.69430677e-02 1.29557254e-02 1.08339128e+02]
uncerts:
[5.68072275e-02 1.28482018e-02 1.07382405e+02]
uncerts:
[5.81487861e-02 1.30277019e-02 1.08760964e+02]
gim_uncerts:
[array([5.69430677e-02, 1.29557254e-02, 1.08339128e+02]), array([5.68072275e-02, 1.28482018e-02, 1.07382405e+02]), array([5.81487861e-02, 1.30277019e-02, 1.08760964e+02])]
Processing: /xdisk/rgutenk/sgibbon/dadi_msprime_pipeline/dadi_inference_results/allo_2epoch/params5/Folded_nested/optimization_allo_2epoch_T3_nu0.75_H0.02_master42_rep19.txt
gim_param_names:
['T_WGD', 'nu']
gim_best_params:
[0.5229605879954101, 0.3367819526000093]
['T_WGD', 'nu']
uncerts:
[7.98037633e-02 2.16466377e-02 2.20651987e+02]
uncerts:
[7.95721118e-02 2.15419574e-02 2.19696464e+02]
uncerts:
[7.65969073e-02 2.03079625e-02 2.08053792e+02]
gim_uncerts:
[array([7.98037633e-02, 2.16466377e-02, 2.20651987e+02]), array([7.95721118e-02, 2.15419574e-02, 2.19696464e+02]), array([7.65969073e-02, 2.03079625e-02, 2.08053792e+02])]
Processing: /xdisk/rgutenk/sgibbon/dadi_msprime_pipeline/dadi_inference_results/allo_2epoch/params5/Folded_nested/optimization_allo_2epoch_T3_nu0.75_H0.02_master42_rep2.txt
gim_param_names:
['T_WGD', 'nu']
gim_best_params:
[0.3475005629671909, 0.3045140915448494]
['T_WGD', 'nu']
uncerts:
[5.34403210e-02 1.69725648e-02 1.29368943e+02]
uncerts:
[5.26586620e-02 1.64625648e-02 1.25945504e+02]
uncerts:
[5.39890695e-02 1.74247489e-02 1.32409592e+02]
gim_uncerts:
[array([5.34403210e-02, 1.69725648e-02, 1.29368943e+02]), array([5.26586620e-02, 1.64625648e-02, 1.25945504e+02]), array([5.39890695e-02, 1.74247489e-02, 1.32409592e+02])]
Processing: /xdisk/rgutenk/sgibbon/dadi_msprime_pipeline/dadi_inference_results/allo_2epoch/params5/Folded_nested/optimization_allo_2epoch_T3_nu0.75_H0.02_master42_rep20.txt
gim_param_names:
['T_WGD', 'nu']
gim_best_params:
[0.6728276413672268, 0.3771695246032904]
['T_WGD', 'nu']
uncerts:
[8.17254088e-02 1.99499883e-02 2.16773504e+02]
uncerts:
[6.98652211e-02 1.58920997e-02 1.78195827e+02]
uncerts:
[6.31308852e-02 1.56104205e-02 1.71653457e+02]
gim_uncerts:
[array([8.17254088e-02, 1.99499883e-02, 2.16773504e+02]), array([6.98652211e-02, 1.58920997e-02, 1.78195827e+02]), array([6.31308852e-02, 1.56104205e-02, 1.71653457e+02])]
Processing: /xdisk/rgutenk/sgibbon/dadi_msprime_pipeline/dadi_inference_results/allo_2epoch/params5/Folded_nested/optimization_allo_2epoch_T3_nu0.75_H0.02_master42_rep21.txt
gim_param_names:
['T_WGD', 'nu']
gim_best_params:
[0.5895335267302428, 0.3650175994901474]
['T_WGD', 'nu']
uncerts:
[5.76684340e-02 1.35382363e-02 1.29572390e+02]
uncerts:
[5.65931232e-02 1.31216373e-02 1.25729630e+02]
uncerts:
[5.88695852e-02 1.35318147e-02 1.29793342e+02]
gim_uncerts:
[array([5.76684340e-02, 1.35382363e-02, 1.29572390e+02]), array([5.65931232e-02, 1.31216373e-02, 1.25729630e+02]), array([5.88695852e-02, 1.35318147e-02, 1.29793342e+02])]
Processing: /xdisk/rgutenk/sgibbon/dadi_msprime_pipeline/dadi_inference_results/allo_2epoch/params5/Folded_nested/optimization_allo_2epoch_T3_nu0.75_H0.02_master42_rep22.txt
gim_param_names:
['T_WGD', 'nu']
gim_best_params:
[0.5676762010590037, 0.3542269705629]
['T_WGD', 'nu']
uncerts:
[9.01715001e-02 2.51330919e-02 2.59922941e+02]
uncerts:
[9.87134103e-02 2.87154602e-02 2.93525453e+02]
uncerts:
[9.41953419e-02 2.65242312e-02 2.73066328e+02]
gim_uncerts:
[array([9.01715001e-02, 2.51330919e-02, 2.59922941e+02]), array([9.87134103e-02, 2.87154602e-02, 2.93525453e+02]), array([9.41953419e-02, 2.65242312e-02, 2.73066328e+02])]
Processing: /xdisk/rgutenk/sgibbon/dadi_msprime_pipeline/dadi_inference_results/allo_2epoch/params5/Folded_nested/optimization_allo_2epoch_T3_nu0.75_H0.02_master42_rep23.txt
gim_param_names:
['T_WGD', 'nu']
gim_best_params:
[0.5598460710355257, 0.3729093197932889]
['T_WGD', 'nu']
uncerts:
[7.05638922e-02 1.80625878e-02 1.75902723e+02]
uncerts:
[7.63049777e-02 2.03395226e-02 1.95715330e+02]
uncerts:
[7.24599927e-02 1.83613658e-02 1.78661179e+02]
gim_uncerts:
[array([7.05638922e-02, 1.80625878e-02, 1.75902723e+02]), array([7.63049777e-02, 2.03395226e-02, 1.95715330e+02]), array([7.24599927e-02, 1.83613658e-02, 1.78661179e+02])]
Processing: /xdisk/rgutenk/sgibbon/dadi_msprime_pipeline/dadi_inference_results/allo_2epoch/params5/Folded_nested/optimization_allo_2epoch_T3_nu0.75_H0.02_master42_rep24.txt
gim_param_names:
['T_WGD', 'nu']
gim_best_params:
[0.4526929332793287, 0.3184416883021538]
['T_WGD', 'nu']
uncerts:
[6.88663030e-02 1.74200869e-02 1.26273850e+02]
uncerts:
[6.81572235e-02 1.70669031e-02 1.23597220e+02]
uncerts:
[6.77333262e-02 1.68641110e-02 1.22036647e+02]
gim_uncerts:
[array([6.88663030e-02, 1.74200869e-02, 1.26273850e+02]), array([6.81572235e-02, 1.70669031e-02, 1.23597220e+02]), array([6.77333262e-02, 1.68641110e-02, 1.22036647e+02])]
Processing: /xdisk/rgutenk/sgibbon/dadi_msprime_pipeline/dadi_inference_results/allo_2epoch/params5/Folded_nested/optimization_allo_2epoch_T3_nu0.75_H0.02_master42_rep3.txt
gim_param_names:
['T_WGD', 'nu']
gim_best_params:
[0.4810374509719496, 0.3306669877986062]
['T_WGD', 'nu']
uncerts:
[5.62930868e-02 1.53904705e-02 1.35445427e+02]
uncerts:
[5.82202462e-02 1.62698712e-02 1.43332113e+02]
uncerts:
[5.62644171e-02 1.53033443e-02 1.34624922e+02]
gim_uncerts:
[array([5.62930868e-02, 1.53904705e-02, 1.35445427e+02]), array([5.82202462e-02, 1.62698712e-02, 1.43332113e+02]), array([5.62644171e-02, 1.53033443e-02, 1.34624922e+02])]
Processing: /xdisk/rgutenk/sgibbon/dadi_msprime_pipeline/dadi_inference_results/allo_2epoch/params5/Folded_nested/optimization_allo_2epoch_T3_nu0.75_H0.02_master42_rep4.txt
gim_param_names:
['T_WGD', 'nu']
gim_best_params:
[0.4381172178812497, 0.3126447484589275]
['T_WGD', 'nu']
uncerts:
[5.31085911e-02 1.60037737e-02 1.44980791e+02]
uncerts:
[4.95893648e-02 1.43202937e-02 1.31075534e+02]
uncerts:
[5.25188154e-02 1.58971180e-02 1.44308137e+02]
gim_uncerts:
[array([5.31085911e-02, 1.60037737e-02, 1.44980791e+02]), array([4.95893648e-02, 1.43202937e-02, 1.31075534e+02]), array([5.25188154e-02, 1.58971180e-02, 1.44308137e+02])]
Processing: /xdisk/rgutenk/sgibbon/dadi_msprime_pipeline/dadi_inference_results/allo_2epoch/params5/Folded_nested/optimization_allo_2epoch_T3_nu0.75_H0.02_master42_rep5.txt
gim_param_names:
['T_WGD', 'nu']
gim_best_params:
[0.5026058619549326, 0.3265922836927819]
['T_WGD', 'nu']
uncerts:
[5.65375748e-02 1.40665629e-02 1.30046297e+02]
uncerts:
[5.74643866e-02 1.44636215e-02 1.33379591e+02]
uncerts:
[5.63951610e-02 1.39004411e-02 1.28608597e+02]
gim_uncerts:
[array([5.65375748e-02, 1.40665629e-02, 1.30046297e+02]), array([5.74643866e-02, 1.44636215e-02, 1.33379591e+02]), array([5.63951610e-02, 1.39004411e-02, 1.28608597e+02])]
Processing: /xdisk/rgutenk/sgibbon/dadi_msprime_pipeline/dadi_inference_results/allo_2epoch/params5/Folded_nested/optimization_allo_2epoch_T3_nu0.75_H0.02_master42_rep6.txt
gim_param_names:
['T_WGD', 'nu']
gim_best_params:
[0.6453358703451715, 0.3870757107998935]
['T_WGD', 'nu']
uncerts:
[7.50279217e-02 1.97886059e-02 1.91243915e+02]
uncerts:
[7.08154481e-02 1.83350589e-02 1.77904874e+02]
uncerts:
[7.92344238e-02 2.04826506e-02 1.98559741e+02]
gim_uncerts:
[array([7.50279217e-02, 1.97886059e-02, 1.91243915e+02]), array([7.08154481e-02, 1.83350589e-02, 1.77904874e+02]), array([7.92344238e-02, 2.04826506e-02, 1.98559741e+02])]
Processing: /xdisk/rgutenk/sgibbon/dadi_msprime_pipeline/dadi_inference_results/allo_2epoch/params5/Folded_nested/optimization_allo_2epoch_T3_nu0.75_H0.02_master42_rep7.txt
gim_param_names:
['T_WGD', 'nu']
gim_best_params:
[0.5768971071034553, 0.3633453741846019]
['T_WGD', 'nu']
uncerts:
[5.04524883e-02 1.42148217e-02 1.46569865e+02]
uncerts:
[4.69577071e-02 1.28394908e-02 1.34542095e+02]
uncerts:
[6.17570036e-02 1.89462669e-02 1.88849975e+02]
gim_uncerts:
[array([5.04524883e-02, 1.42148217e-02, 1.46569865e+02]), array([4.69577071e-02, 1.28394908e-02, 1.34542095e+02]), array([6.17570036e-02, 1.89462669e-02, 1.88849975e+02])]
Processing: /xdisk/rgutenk/sgibbon/dadi_msprime_pipeline/dadi_inference_results/allo_2epoch/params5/Folded_nested/optimization_allo_2epoch_T3_nu0.75_H0.02_master42_rep8.txt
gim_param_names:
['T_WGD', 'nu']
gim_best_params:
[0.6152174105697413, 0.3767431607828683]
['T_WGD', 'nu']
uncerts:
[8.27235693e-02 1.92990037e-02 1.75940233e+02]
uncerts:
[8.23101057e-02 1.91237386e-02 1.74299808e+02]
uncerts:
[8.17533304e-02 1.88941799e-02 1.72240110e+02]
gim_uncerts:
[array([8.27235693e-02, 1.92990037e-02, 1.75940233e+02]), array([8.23101057e-02, 1.91237386e-02, 1.74299808e+02]), array([8.17533304e-02, 1.88941799e-02, 1.72240110e+02])]
Processing: /xdisk/rgutenk/sgibbon/dadi_msprime_pipeline/dadi_inference_results/allo_2epoch/params5/Folded_nested/optimization_allo_2epoch_T3_nu0.75_H0.02_master42_rep9.txt
gim_param_names:
['T_WGD', 'nu']
gim_best_params:
[0.3995567586951108, 0.3034010836255558]
['T_WGD', 'nu']
uncerts:
[8.34678394e-02 2.27868701e-02 1.67261496e+02]
uncerts:
[8.55897806e-02 2.39106280e-02 1.76716285e+02]
uncerts:
[8.03888854e-02 1.98232622e-02 1.40107269e+02]
gim_uncerts:
[array([8.34678394e-02, 2.27868701e-02, 1.67261496e+02]), array([8.55897806e-02, 2.39106280e-02, 1.76716285e+02]), array([8.03888854e-02, 1.98232622e-02, 1.40107269e+02])]
Summary saved to: results_folded/nested_summary.csv
Running full uncertainties:
Processing: /xdisk/rgutenk/sgibbon/dadi_msprime_pipeline/dadi_inference_results/allo_2epoch/params5/Folded_complex/optimization_allo_2epoch_T3_nu0.75_H0.02_master42_rep0.txt
gim_param_names:
['T_WGD', 'nu', 'H']
gim_best_params:
[1.4776111726655743, 0.4938496823389504, 0.0424222554699611]
['T_WGD', 'nu', 'H']
uncerts:
[6.77475966e-01 8.32172492e-02 9.85204702e-03 9.23596353e+02]
uncerts:
[4.07626501e-02 1.56735316e-02 1.19727580e-02 1.03225119e+02]
uncerts:
[8.80758405e-04 3.55791542e-03 9.70886923e-03 7.52827127e+01]
gim_uncerts:
[array([6.77475966e-01, 8.32172492e-02, 9.85204702e-03, 9.23596353e+02]), array([4.07626501e-02, 1.56735316e-02, 1.19727580e-02, 1.03225119e+02]), array([8.80758405e-04, 3.55791542e-03, 9.70886923e-03, 7.52827127e+01])]
Processing: /xdisk/rgutenk/sgibbon/dadi_msprime_pipeline/dadi_inference_results/allo_2epoch/params5/Folded_complex/optimization_allo_2epoch_T3_nu0.75_H0.02_master42_rep1.txt
gim_param_names:
['T_WGD', 'nu', 'H']
gim_best_params:
[6.922480328826476, 1.2891753271080404, 0.0123347678273136]
['T_WGD', 'nu', 'H']
uncerts:
[5.63062331e-01 9.27350804e-02 3.70310190e-03 1.50581402e+02]
uncerts:
[1.29271203e-01 3.63441782e-02 3.56935483e-03 2.81884584e+01]
uncerts:
[1.25609885e+00 2.41525262e-01 5.45683793e-03 3.81573473e+02]
gim_uncerts:
[array([5.63062331e-01, 9.27350804e-02, 3.70310190e-03, 1.50581402e+02]), array([1.29271203e-01, 3.63441782e-02, 3.56935483e-03, 2.81884584e+01]), array([1.25609885e+00, 2.41525262e-01, 5.45683793e-03, 3.81573473e+02])]
Processing: /xdisk/rgutenk/sgibbon/dadi_msprime_pipeline/dadi_inference_results/allo_2epoch/params5/Folded_complex/optimization_allo_2epoch_T3_nu0.75_H0.02_master42_rep10.txt
gim_param_names:
['T_WGD', 'nu', 'H']
gim_best_params:
[9.908722163154824, 1.6731833324957008, 0.0088914835866686]
['T_WGD', 'nu', 'H']
uncerts:
[4.28591638e-01 3.45188616e-02 2.56165712e-03 3.67664261e+01]
uncerts:
[1.60384994e-01 3.27786364e-02 2.57343954e-03 1.78900979e+01]
uncerts:
[2.59678699e+00 4.37812421e-01 4.71134234e-03 4.20805385e+02]
gim_uncerts:
[array([4.28591638e-01, 3.45188616e-02, 2.56165712e-03, 3.67664261e+01]), array([1.60384994e-01, 3.27786364e-02, 2.57343954e-03, 1.78900979e+01]), array([2.59678699e+00, 4.37812421e-01, 4.71134234e-03, 4.20805385e+02])]
Processing: /xdisk/rgutenk/sgibbon/dadi_msprime_pipeline/dadi_inference_results/allo_2epoch/params5/Folded_complex/optimization_allo_2epoch_T3_nu0.75_H0.02_master42_rep11.txt
gim_param_names:
['T_WGD', 'nu', 'H']
gim_best_params:
[0.9027178000912356, 0.4407852800436935, 0.0142022226187742]
['T_WGD', 'nu', 'H']
uncerts:
[1.46519865e-01 2.81037489e-02 3.76703925e-03 3.02352771e+02]
uncerts:
[9.87477390e-02 1.70274208e-02 3.81791553e-03 1.96365438e+02]
uncerts:
[2.08730461e-02 6.76015124e-03 3.79592160e-03 7.61734253e+01]
gim_uncerts:
[array([1.46519865e-01, 2.81037489e-02, 3.76703925e-03, 3.02352771e+02]), array([9.87477390e-02, 1.70274208e-02, 3.81791553e-03, 1.96365438e+02]), array([2.08730461e-02, 6.76015124e-03, 3.79592160e-03, 7.61734253e+01])]
Processing: /xdisk/rgutenk/sgibbon/dadi_msprime_pipeline/dadi_inference_results/allo_2epoch/params5/Folded_complex/optimization_allo_2epoch_T3_nu0.75_H0.02_master42_rep12.txt
gim_param_names:
['T_WGD', 'nu', 'H']
gim_best_params:
[3.083119515624811, 0.7541950288388829, 0.0257508292631067]
['T_WGD', 'nu', 'H']
uncerts:
[7.28129416e-01 8.69041074e-02 5.89535993e-03 4.99068320e+02]
uncerts:
[2.11468993e-01 2.81885858e-02 6.14108813e-03 1.38010811e+02]
uncerts:
[1.87610933e-03 2.41181517e-03 5.11968264e-03 3.28936175e+01]
gim_uncerts:
[array([7.28129416e-01, 8.69041074e-02, 5.89535993e-03, 4.99068320e+02]), array([2.11468993e-01, 2.81885858e-02, 6.14108813e-03, 1.38010811e+02]), array([1.87610933e-03, 2.41181517e-03, 5.11968264e-03, 3.28936175e+01])]
Processing: /xdisk/rgutenk/sgibbon/dadi_msprime_pipeline/dadi_inference_results/allo_2epoch/params5/Folded_complex/optimization_allo_2epoch_T3_nu0.75_H0.02_master42_rep13.txt
gim_param_names:
['T_WGD', 'nu', 'H']
gim_best_params:
[7.237706200333226, 1.4102737486050565, 0.0173895495540036]
['T_WGD', 'nu', 'H']
uncerts:
[5.99157386e-01 8.09477427e-02 5.30288640e-03 1.16791480e+02]
uncerts:
[1.89327058e-01 5.90610575e-02 5.38733607e-03 4.68534256e+01]
uncerts:
[3.77648338e-02 1.60587668e-02 4.55465260e-03 3.33073012e+01]
gim_uncerts:
[array([5.99157386e-01, 8.09477427e-02, 5.30288640e-03, 1.16791480e+02]), array([1.89327058e-01, 5.90610575e-02, 5.38733607e-03, 4.68534256e+01]), array([3.77648338e-02, 1.60587668e-02, 4.55465260e-03, 3.33073012e+01])]
Processing: /xdisk/rgutenk/sgibbon/dadi_msprime_pipeline/dadi_inference_results/allo_2epoch/params5/Folded_complex/optimization_allo_2epoch_T3_nu0.75_H0.02_master42_rep14.txt
gim_param_names:
['T_WGD', 'nu', 'H']
gim_best_params:
[1.2487818406044475, 0.4924292439899196, 0.0171096731800047]
['T_WGD', 'nu', 'H']
uncerts:
[3.22010605e-01 6.01874012e-02 7.41624115e-03 5.73959546e+02]
uncerts:
[2.98124945e-02 1.00647271e-02 7.38730050e-03 7.32122531e+01]
uncerts:
[1.90462240e-03 3.21993370e-03 7.58996521e-03 4.33427434e+01]
gim_uncerts:
[array([3.22010605e-01, 6.01874012e-02, 7.41624115e-03, 5.73959546e+02]), array([2.98124945e-02, 1.00647271e-02, 7.38730050e-03, 7.32122531e+01]), array([1.90462240e-03, 3.21993370e-03, 7.58996521e-03, 4.33427434e+01])]
Processing: /xdisk/rgutenk/sgibbon/dadi_msprime_pipeline/dadi_inference_results/allo_2epoch/params5/Folded_complex/optimization_allo_2epoch_T3_nu0.75_H0.02_master42_rep15.txt
gim_param_names:
['T_WGD', 'nu', 'H']
gim_best_params:
[1.8946538699031328, 0.5894586202541354, 0.0138674394349275]
['T_WGD', 'nu', 'H']
uncerts:
[8.96634794e-01 1.43799626e-01 3.73948072e-03 1.13033555e+03]
uncerts:
[5.06510711e-01 8.24816765e-02 3.41260846e-03 6.37725316e+02]
uncerts:
[9.22395546e-02 2.44909733e-02 3.29343429e-03 1.40575575e+02]
gim_uncerts:
[array([8.96634794e-01, 1.43799626e-01, 3.73948072e-03, 1.13033555e+03]), array([5.06510711e-01, 8.24816765e-02, 3.41260846e-03, 6.37725316e+02]), array([9.22395546e-02, 2.44909733e-02, 3.29343429e-03, 1.40575575e+02])]
Processing: /xdisk/rgutenk/sgibbon/dadi_msprime_pipeline/dadi_inference_results/allo_2epoch/params5/Folded_complex/optimization_allo_2epoch_T3_nu0.75_H0.02_master42_rep16.txt
gim_param_names:
['T_WGD', 'nu', 'H']
gim_best_params:
[6.535515334906927, 1.2602486261821575, 0.0091259963052989]
['T_WGD', 'nu', 'H']
uncerts:
[1.56607656e+00 2.19131312e-01 2.53210453e-03 4.14258749e+02]
uncerts:
[5.14667477e-02 2.01903224e-02 2.52839304e-03 2.64169133e+01]
uncerts:
[7.74162708e-01 1.47930085e-01 3.37513592e-03 2.50912745e+02]
gim_uncerts:
[array([1.56607656e+00, 2.19131312e-01, 2.53210453e-03, 4.14258749e+02]), array([5.14667477e-02, 2.01903224e-02, 2.52839304e-03, 2.64169133e+01]), array([7.74162708e-01, 1.47930085e-01, 3.37513592e-03, 2.50912745e+02])]
Processing: /xdisk/rgutenk/sgibbon/dadi_msprime_pipeline/dadi_inference_results/allo_2epoch/params5/Folded_complex/optimization_allo_2epoch_T3_nu0.75_H0.02_master42_rep17.txt
gim_param_names:
['T_WGD', 'nu', 'H']
gim_best_params:
[1.115139018183179, 0.4899385535341052, 0.0048802817228712]
['T_WGD', 'nu', 'H']
uncerts:
[2.26511279e-01 4.22821203e-02 1.72187766e-03 3.89593296e+02]
uncerts:
[5.71330775e-02 7.96314871e-03 1.75304583e-03 6.85386395e+01]
uncerts:
[6.07007071e-03 6.29954095e-03 1.96454375e-03 5.88872932e+01]
gim_uncerts:
[array([2.26511279e-01, 4.22821203e-02, 1.72187766e-03, 3.89593296e+02]), array([5.71330775e-02, 7.96314871e-03, 1.75304583e-03, 6.85386395e+01]), array([6.07007071e-03, 6.29954095e-03, 1.96454375e-03, 5.88872932e+01])]
Processing: /xdisk/rgutenk/sgibbon/dadi_msprime_pipeline/dadi_inference_results/allo_2epoch/params5/Folded_complex/optimization_allo_2epoch_T3_nu0.75_H0.02_master42_rep18.txt
gim_param_names:
['T_WGD', 'nu', 'H']
gim_best_params:
[0.9485731391829716, 0.448474696176179, 0.0198498303946116]
['T_WGD', 'nu', 'H']
uncerts:
[1.70580930e-01 2.98633506e-02 5.60256132e-03 3.22602304e+02]
uncerts:
[3.16811252e-01 6.31922583e-02 5.65133374e-03 6.49182471e+02]
uncerts:
[8.98616957e-02 1.58501084e-02 5.65153110e-03 1.68468333e+02]
gim_uncerts:
[array([1.70580930e-01, 2.98633506e-02, 5.60256132e-03, 3.22602304e+02]), array([3.16811252e-01, 6.31922583e-02, 5.65133374e-03, 6.49182471e+02]), array([8.98616957e-02, 1.58501084e-02, 5.65153110e-03, 1.68468333e+02])]
Processing: /xdisk/rgutenk/sgibbon/dadi_msprime_pipeline/dadi_inference_results/allo_2epoch/params5/Folded_complex/optimization_allo_2epoch_T3_nu0.75_H0.02_master42_rep19.txt
gim_param_names:
['T_WGD', 'nu', 'H']
gim_best_params:
[7.711461832590598, 1.391466250628152, 0.0105891679055236]
['T_WGD', 'nu', 'H']
uncerts:
[6.98717729e-01 9.02228433e-02 3.16511245e-03 1.34326582e+02]
uncerts:
[1.24838072e-01 2.98157175e-02 3.09646985e-03 2.95346189e+01]
uncerts:
[1.41585891e+00 2.56409185e-01 4.68790188e-03 3.58582080e+02]
gim_uncerts:
[array([6.98717729e-01, 9.02228433e-02, 3.16511245e-03, 1.34326582e+02]), array([1.24838072e-01, 2.98157175e-02, 3.09646985e-03, 2.95346189e+01]), array([1.41585891e+00, 2.56409185e-01, 4.68790188e-03, 3.58582080e+02])]
Processing: /xdisk/rgutenk/sgibbon/dadi_msprime_pipeline/dadi_inference_results/allo_2epoch/params5/Folded_complex/optimization_allo_2epoch_T3_nu0.75_H0.02_master42_rep2.txt
gim_param_names:
['T_WGD', 'nu', 'H']
gim_best_params:
[8.49572275434424, 1.4441631946205156, 0.0197370514589561]
['T_WGD', 'nu', 'H']
uncerts:
[2.52180978e-01 6.78476274e-02 5.11533161e-03 6.79447058e+01]
uncerts:
[2.16978002e-01 4.74090812e-02 4.90345859e-03 3.86046818e+01]
uncerts:
[2.27105582e+00 3.87499237e-01 9.30267440e-03 5.20389972e+02]
gim_uncerts:
[array([2.52180978e-01, 6.78476274e-02, 5.11533161e-03, 6.79447058e+01]), array([2.16978002e-01, 4.74090812e-02, 4.90345859e-03, 3.86046818e+01]), array([2.27105582e+00, 3.87499237e-01, 9.30267440e-03, 5.20389972e+02])]
Processing: /xdisk/rgutenk/sgibbon/dadi_msprime_pipeline/dadi_inference_results/allo_2epoch/params5/Folded_complex/optimization_allo_2epoch_T3_nu0.75_H0.02_master42_rep20.txt
gim_param_names:
['T_WGD', 'nu', 'H']
gim_best_params:
[1.2431160104283747, 0.490940083678785, 0.0114734254048576]
['T_WGD', 'nu', 'H']
uncerts:
[2.50148721e-01 4.49497891e-02 3.97597724e-03 4.28997966e+02]
uncerts:
[3.36937134e-02 8.55607343e-03 3.98667011e-03 7.24823195e+01]
uncerts:
[4.08993509e-03 5.33559932e-03 4.09568667e-03 6.18523709e+01]
gim_uncerts:
[array([2.50148721e-01, 4.49497891e-02, 3.97597724e-03, 4.28997966e+02]), array([3.36937134e-02, 8.55607343e-03, 3.98667011e-03, 7.24823195e+01]), array([4.08993509e-03, 5.33559932e-03, 4.09568667e-03, 6.18523709e+01])]
Processing: /xdisk/rgutenk/sgibbon/dadi_msprime_pipeline/dadi_inference_results/allo_2epoch/params5/Folded_complex/optimization_allo_2epoch_T3_nu0.75_H0.02_master42_rep21.txt
gim_param_names:
['T_WGD', 'nu', 'H']
gim_best_params:
[1.1226970075731686, 0.4768178148039182, 0.0156685620273322]
['T_WGD', 'nu', 'H']
uncerts:
[2.32099929e-01 4.15371982e-02 4.07847709e-03 4.03834867e+02]
uncerts:
[9.48406165e-02 1.44743160e-02 4.07895704e-03 1.36841935e+02]
uncerts:
[1.02602680e-01 1.95507470e-02 4.28231902e-03 1.71678316e+02]
gim_uncerts:
[array([2.32099929e-01, 4.15371982e-02, 4.07847709e-03, 4.03834867e+02]), array([9.48406165e-02, 1.44743160e-02, 4.07895704e-03, 1.36841935e+02]), array([1.02602680e-01, 1.95507470e-02, 4.28231902e-03, 1.71678316e+02])]
Processing: /xdisk/rgutenk/sgibbon/dadi_msprime_pipeline/dadi_inference_results/allo_2epoch/params5/Folded_complex/optimization_allo_2epoch_T3_nu0.75_H0.02_master42_rep22.txt
gim_param_names:
['T_WGD', 'nu', 'H']
gim_best_params:
[7.2845382741625, 1.379939084789458, 0.0092613279078835]
['T_WGD', 'nu', 'H']
uncerts:
[5.28203608e-01 7.08139072e-02 2.92561502e-03 1.06461487e+02]
uncerts:
[1.34253676e-01 3.73337024e-02 2.95771795e-03 3.00113882e+01]
uncerts:
[1.51335340e+00 2.85565081e-01 4.60487090e-03 4.03862361e+02]
gim_uncerts:
[array([5.28203608e-01, 7.08139072e-02, 2.92561502e-03, 1.06461487e+02]), array([1.34253676e-01, 3.73337024e-02, 2.95771795e-03, 3.00113882e+01]), array([1.51335340e+00, 2.85565081e-01, 4.60487090e-03, 4.03862361e+02])]
Processing: /xdisk/rgutenk/sgibbon/dadi_msprime_pipeline/dadi_inference_results/allo_2epoch/params5/Folded_complex/optimization_allo_2epoch_T3_nu0.75_H0.02_master42_rep23.txt
gim_param_names:
['T_WGD', 'nu', 'H']
gim_best_params:
[1.0754240677581213, 0.486592448771518, 0.0178387921624033]
['T_WGD', 'nu', 'H']
uncerts:
[1.64635277e-01 3.01652083e-02 6.12196704e-03 2.84339397e+02]
uncerts:
[2.08083282e-02 9.55808998e-03 6.09422274e-03 6.84589956e+01]
uncerts:
[4.43016025e-02 2.11558771e-02 6.25042335e-03 1.56256282e+02]
gim_uncerts:
[array([1.64635277e-01, 3.01652083e-02, 6.12196704e-03, 2.84339397e+02]), array([2.08083282e-02, 9.55808998e-03, 6.09422274e-03, 6.84589956e+01]), array([4.43016025e-02, 2.11558771e-02, 6.25042335e-03, 1.56256282e+02])]
Processing: /xdisk/rgutenk/sgibbon/dadi_msprime_pipeline/dadi_inference_results/allo_2epoch/params5/Folded_complex/optimization_allo_2epoch_T3_nu0.75_H0.02_master42_rep24.txt
gim_param_names:
['T_WGD', 'nu', 'H']
gim_best_params:
[3.2127311475468674, 0.746455013427785, 0.0234694104250545]
['T_WGD', 'nu', 'H']
uncerts:
[3.66719214e-01 4.05415273e-02 6.65381760e-03 2.20356354e+02]
uncerts:
[2.44221198e-02 1.86692947e-02 6.84062909e-03 5.43760932e+01]
uncerts:
[9.24660847e-04 1.02790380e-03 5.87719165e-03 3.63280568e+01]
gim_uncerts:
[array([3.66719214e-01, 4.05415273e-02, 6.65381760e-03, 2.20356354e+02]), array([2.44221198e-02, 1.86692947e-02, 6.84062909e-03, 5.43760932e+01]), array([9.24660847e-04, 1.02790380e-03, 5.87719165e-03, 3.63280568e+01])]
Processing: /xdisk/rgutenk/sgibbon/dadi_msprime_pipeline/dadi_inference_results/allo_2epoch/params5/Folded_complex/optimization_allo_2epoch_T3_nu0.75_H0.02_master42_rep3.txt
gim_param_names:
['T_WGD', 'nu', 'H']
gim_best_params:
[0.906200223619208, 0.421110457279185, 0.0250172681771752]
['T_WGD', 'nu', 'H']
uncerts:
[1.39810983e-01 2.39983107e-02 6.59243573e-03 2.71875621e+02]
uncerts:
[1.69182696e-02 7.43794135e-03 6.59492804e-03 5.19007204e+01]
uncerts:
[1.13180116e-03 2.54261377e-03 6.64487977e-03 4.02754559e+01]
gim_uncerts:
[array([1.39810983e-01, 2.39983107e-02, 6.59243573e-03, 2.71875621e+02]), array([1.69182696e-02, 7.43794135e-03, 6.59492804e-03, 5.19007204e+01]), array([1.13180116e-03, 2.54261377e-03, 6.64487977e-03, 4.02754559e+01])]
Processing: /xdisk/rgutenk/sgibbon/dadi_msprime_pipeline/dadi_inference_results/allo_2epoch/params5/Folded_complex/optimization_allo_2epoch_T3_nu0.75_H0.02_master42_rep4.txt
gim_param_names:
['T_WGD', 'nu', 'H']
gim_best_params:
[3.2603439091528674, 0.7457516247244705, 0.0245845884942364]
['T_WGD', 'nu', 'H']
uncerts:
[2.40521013e+00 3.14603725e-01 8.04502350e-03 1.65338475e+03]
uncerts:
[2.86719177e-02 2.28559740e-02 5.91235928e-03 6.91844290e+01]
uncerts:
[1.06761960e-03 1.57349430e-03 4.66560828e-03 3.13564404e+01]
gim_uncerts:
[array([2.40521013e+00, 3.14603725e-01, 8.04502350e-03, 1.65338475e+03]), array([2.86719177e-02, 2.28559740e-02, 5.91235928e-03, 6.91844290e+01]), array([1.06761960e-03, 1.57349430e-03, 4.66560828e-03, 3.13564404e+01])]
Processing: /xdisk/rgutenk/sgibbon/dadi_msprime_pipeline/dadi_inference_results/allo_2epoch/params5/Folded_complex/optimization_allo_2epoch_T3_nu0.75_H0.02_master42_rep5.txt
gim_param_names:
['T_WGD', 'nu', 'H']
gim_best_params:
[1.1086468822205653, 0.4441746110182478, 0.0247323444915844]
['T_WGD', 'nu', 'H']
uncerts:
[2.12914169e-01 3.44283472e-02 6.73078889e-03 3.90779938e+02]
uncerts:
[1.61514279e-02 6.72862911e-03 6.69372769e-03 6.12060083e+01]
uncerts:
[7.24720414e-04 1.55234843e-03 6.50577932e-03 5.61822590e+01]
gim_uncerts:
[array([2.12914169e-01, 3.44283472e-02, 6.73078889e-03, 3.90779938e+02]), array([1.61514279e-02, 6.72862911e-03, 6.69372769e-03, 6.12060083e+01]), array([7.24720414e-04, 1.55234843e-03, 6.50577932e-03, 5.61822590e+01])]
Processing: /xdisk/rgutenk/sgibbon/dadi_msprime_pipeline/dadi_inference_results/allo_2epoch/params5/Folded_complex/optimization_allo_2epoch_T3_nu0.75_H0.02_master42_rep6.txt
gim_param_names:
['T_WGD', 'nu', 'H']
gim_best_params:
[1.7179966397685384, 0.5924097059624646, 0.0140852060703634]
['T_WGD', 'nu', 'H']
uncerts:
[4.26209999e-01 7.85086641e-02 4.05137787e-03 5.93463668e+02]
uncerts:
[2.19120893e-02 1.54314730e-02 4.01282081e-03 7.33553176e+01]
uncerts:
[9.37356298e-04 4.05569035e-03 4.22952532e-03 4.99965123e+01]
gim_uncerts:
[array([4.26209999e-01, 7.85086641e-02, 4.05137787e-03, 5.93463668e+02]), array([2.19120893e-02, 1.54314730e-02, 4.01282081e-03, 7.33553176e+01]), array([9.37356298e-04, 4.05569035e-03, 4.22952532e-03, 4.99965123e+01])]
Processing: /xdisk/rgutenk/sgibbon/dadi_msprime_pipeline/dadi_inference_results/allo_2epoch/params5/Folded_complex/optimization_allo_2epoch_T3_nu0.75_H0.02_master42_rep7.txt
gim_param_names:
['T_WGD', 'nu', 'H']
gim_best_params:
[1.5588244033150398, 0.5481185602674107, 0.0192067746115678]
['T_WGD', 'nu', 'H']
uncerts:
[6.82705844e-01 1.03909255e-01 3.73727551e-03 9.36142316e+02]
uncerts:
[8.48007590e-02 7.89807233e-03 4.93711353e-03 8.11930800e+01]
uncerts:
[3.36016861e-03 7.16389522e-03 4.57545769e-03 5.84996539e+01]
gim_uncerts:
[array([6.82705844e-01, 1.03909255e-01, 3.73727551e-03, 9.36142316e+02]), array([8.48007590e-02, 7.89807233e-03, 4.93711353e-03, 8.11930800e+01]), array([3.36016861e-03, 7.16389522e-03, 4.57545769e-03, 5.84996539e+01])]
Processing: /xdisk/rgutenk/sgibbon/dadi_msprime_pipeline/dadi_inference_results/allo_2epoch/params5/Folded_complex/optimization_allo_2epoch_T3_nu0.75_H0.02_master42_rep8.txt
gim_param_names:
['T_WGD', 'nu', 'H']
gim_best_params:
[5.280284224009847, 1.121539926643575, 0.0106724822676624]
['T_WGD', 'nu', 'H']
uncerts:
[2.17538047e-01 3.29947844e-02 3.10316350e-03 7.79837034e+01]
uncerts:
[4.86630762e-02 2.27576225e-02 3.05602416e-03 2.79254453e+01]
uncerts:
[4.31413738e-03 2.43730976e-03 2.82033195e-03 2.95954648e+01]
gim_uncerts:
[array([2.17538047e-01, 3.29947844e-02, 3.10316350e-03, 7.79837034e+01]), array([4.86630762e-02, 2.27576225e-02, 3.05602416e-03, 2.79254453e+01]), array([4.31413738e-03, 2.43730976e-03, 2.82033195e-03, 2.95954648e+01])]
Processing: /xdisk/rgutenk/sgibbon/dadi_msprime_pipeline/dadi_inference_results/allo_2epoch/params5/Folded_complex/optimization_allo_2epoch_T3_nu0.75_H0.02_master42_rep9.txt
gim_param_names:
['T_WGD', 'nu', 'H']
gim_best_params:
[4.044294231518814, 0.833180355217565, 0.0253429322105834]
['T_WGD', 'nu', 'H']
uncerts:
[1.06735953e+00 1.38396231e-01 9.71107801e-03 5.79242974e+02]
uncerts:
[5.88255999e-01 1.26351043e-01 1.19861044e-02 4.52728513e+02]
uncerts:
[6.50346770e-01 1.34218352e-01 1.21417540e-02 4.86131970e+02]
gim_uncerts:
[array([1.06735953e+00, 1.38396231e-01, 9.71107801e-03, 5.79242974e+02]), array([5.88255999e-01, 1.26351043e-01, 1.19861044e-02, 4.52728513e+02]), array([6.50346770e-01, 1.34218352e-01, 1.21417540e-02, 4.86131970e+02])]
Summary saved to: results_folded/full_summary.csv
Running LRT:
Computing LRT for: /xdisk/rgutenk/sgibbon/dadi_msprime_pipeline/msprime_tree_sequences/allo_2epoch/params5/allo_2epoch_T3_nu0.75_H0.02_master42_rep0.trees
Computing LRT for: /xdisk/rgutenk/sgibbon/dadi_msprime_pipeline/msprime_tree_sequences/allo_2epoch/params5/allo_2epoch_T3_nu0.75_H0.02_master42_rep1.trees
Computing LRT for: /xdisk/rgutenk/sgibbon/dadi_msprime_pipeline/msprime_tree_sequences/allo_2epoch/params5/allo_2epoch_T3_nu0.75_H0.02_master42_rep10.trees
Computing LRT for: /xdisk/rgutenk/sgibbon/dadi_msprime_pipeline/msprime_tree_sequences/allo_2epoch/params5/allo_2epoch_T3_nu0.75_H0.02_master42_rep11.trees
Computing LRT for: /xdisk/rgutenk/sgibbon/dadi_msprime_pipeline/msprime_tree_sequences/allo_2epoch/params5/allo_2epoch_T3_nu0.75_H0.02_master42_rep12.trees
Computing LRT for: /xdisk/rgutenk/sgibbon/dadi_msprime_pipeline/msprime_tree_sequences/allo_2epoch/params5/allo_2epoch_T3_nu0.75_H0.02_master42_rep13.trees
Computing LRT for: /xdisk/rgutenk/sgibbon/dadi_msprime_pipeline/msprime_tree_sequences/allo_2epoch/params5/allo_2epoch_T3_nu0.75_H0.02_master42_rep14.trees
Computing LRT for: /xdisk/rgutenk/sgibbon/dadi_msprime_pipeline/msprime_tree_sequences/allo_2epoch/params5/allo_2epoch_T3_nu0.75_H0.02_master42_rep15.trees
Computing LRT for: /xdisk/rgutenk/sgibbon/dadi_msprime_pipeline/msprime_tree_sequences/allo_2epoch/params5/allo_2epoch_T3_nu0.75_H0.02_master42_rep16.trees
Computing LRT for: /xdisk/rgutenk/sgibbon/dadi_msprime_pipeline/msprime_tree_sequences/allo_2epoch/params5/allo_2epoch_T3_nu0.75_H0.02_master42_rep17.trees
Computing LRT for: /xdisk/rgutenk/sgibbon/dadi_msprime_pipeline/msprime_tree_sequences/allo_2epoch/params5/allo_2epoch_T3_nu0.75_H0.02_master42_rep18.trees
Computing LRT for: /xdisk/rgutenk/sgibbon/dadi_msprime_pipeline/msprime_tree_sequences/allo_2epoch/params5/allo_2epoch_T3_nu0.75_H0.02_master42_rep19.trees
Computing LRT for: /xdisk/rgutenk/sgibbon/dadi_msprime_pipeline/msprime_tree_sequences/allo_2epoch/params5/allo_2epoch_T3_nu0.75_H0.02_master42_rep2.trees
Computing LRT for: /xdisk/rgutenk/sgibbon/dadi_msprime_pipeline/msprime_tree_sequences/allo_2epoch/params5/allo_2epoch_T3_nu0.75_H0.02_master42_rep20.trees
Computing LRT for: /xdisk/rgutenk/sgibbon/dadi_msprime_pipeline/msprime_tree_sequences/allo_2epoch/params5/allo_2epoch_T3_nu0.75_H0.02_master42_rep21.trees
Computing LRT for: /xdisk/rgutenk/sgibbon/dadi_msprime_pipeline/msprime_tree_sequences/allo_2epoch/params5/allo_2epoch_T3_nu0.75_H0.02_master42_rep22.trees
Computing LRT for: /xdisk/rgutenk/sgibbon/dadi_msprime_pipeline/msprime_tree_sequences/allo_2epoch/params5/allo_2epoch_T3_nu0.75_H0.02_master42_rep23.trees
Computing LRT for: /xdisk/rgutenk/sgibbon/dadi_msprime_pipeline/msprime_tree_sequences/allo_2epoch/params5/allo_2epoch_T3_nu0.75_H0.02_master42_rep24.trees
Computing LRT for: /xdisk/rgutenk/sgibbon/dadi_msprime_pipeline/msprime_tree_sequences/allo_2epoch/params5/allo_2epoch_T3_nu0.75_H0.02_master42_rep3.trees
Computing LRT for: /xdisk/rgutenk/sgibbon/dadi_msprime_pipeline/msprime_tree_sequences/allo_2epoch/params5/allo_2epoch_T3_nu0.75_H0.02_master42_rep4.trees
Computing LRT for: /xdisk/rgutenk/sgibbon/dadi_msprime_pipeline/msprime_tree_sequences/allo_2epoch/params5/allo_2epoch_T3_nu0.75_H0.02_master42_rep5.trees
Computing LRT for: /xdisk/rgutenk/sgibbon/dadi_msprime_pipeline/msprime_tree_sequences/allo_2epoch/params5/allo_2epoch_T3_nu0.75_H0.02_master42_rep6.trees
Computing LRT for: /xdisk/rgutenk/sgibbon/dadi_msprime_pipeline/msprime_tree_sequences/allo_2epoch/params5/allo_2epoch_T3_nu0.75_H0.02_master42_rep7.trees
Computing LRT for: /xdisk/rgutenk/sgibbon/dadi_msprime_pipeline/msprime_tree_sequences/allo_2epoch/params5/allo_2epoch_T3_nu0.75_H0.02_master42_rep8.trees
Computing LRT for: /xdisk/rgutenk/sgibbon/dadi_msprime_pipeline/msprime_tree_sequences/allo_2epoch/params5/allo_2epoch_T3_nu0.75_H0.02_master42_rep9.trees
LRT results saved to: results_folded/LRT.csv
==========================================
Job completed at: Thu Apr  2 20:33:40 MST 2026
==========================================
