==========================================
Start: Thu Apr  2 18:51:34 MST 2026
==========================================
Running nested uncertainties:
Using nested model for GIM: two_epoch_noHE
Processing: /xdisk/rgutenk/sgibbon/dadi_msprime_pipeline/dadi_inference_results/allo_2epoch/params7/Collapsed_nested/optimization_allo_2epoch_T0.3_nu0.75_H0.2_master42_rep0.txt
gim_param_names:
['T_WGD', 'nu']
gim_best_params:
[0.07180515000434, 0.5202883727199673]
['T_WGD', 'nu']
uncerts:
[5.43894633e-02 1.52984907e-01 8.51436798e+01]
uncerts:
[3.64771756e-02 1.00572227e-01 7.15147452e+01]
uncerts:
[3.33331946e-02 9.17548328e-02 6.98265519e+01]
gim_uncerts:
[array([5.43894633e-02, 1.52984907e-01, 8.51436798e+01]), array([3.64771756e-02, 1.00572227e-01, 7.15147452e+01]), array([3.33331946e-02, 9.17548328e-02, 6.98265519e+01])]
Processing: /xdisk/rgutenk/sgibbon/dadi_msprime_pipeline/dadi_inference_results/allo_2epoch/params7/Collapsed_nested/optimization_allo_2epoch_T0.3_nu0.75_H0.2_master42_rep1.txt
gim_param_names:
['T_WGD', 'nu']
gim_best_params:
[0.0059252632374552, 0.1645865820111329]
['T_WGD', 'nu']
uncerts:
[1.53442330e-04 5.77357583e-03 5.30502916e+01]
uncerts:
[2.45916459e-05 1.17126014e-03 4.94627231e+01]
uncerts:
[8.82201437e-04 1.90428604e-04 6.27201954e+01]
gim_uncerts:
[array([1.53442330e-04, 5.77357583e-03, 5.30502916e+01]), array([2.45916459e-05, 1.17126014e-03, 4.94627231e+01]), array([8.82201437e-04, 1.90428604e-04, 6.27201954e+01])]
Processing: /xdisk/rgutenk/sgibbon/dadi_msprime_pipeline/dadi_inference_results/allo_2epoch/params7/Collapsed_nested/optimization_allo_2epoch_T0.3_nu0.75_H0.2_master42_rep10.txt
gim_param_names:
['T_WGD', 'nu']
gim_best_params:
[0.0424657052656971, 0.4530762420637144]
['T_WGD', 'nu']
uncerts:
[4.70997764e-02 1.87020979e-01 6.97378555e+01]
uncerts:
[3.95237027e-02 1.52084005e-01 7.05932967e+01]
uncerts:
[4.61429528e-02 1.83877817e-01 6.93682107e+01]
gim_uncerts:
[array([4.70997764e-02, 1.87020979e-01, 6.97378555e+01]), array([3.95237027e-02, 1.52084005e-01, 7.05932967e+01]), array([4.61429528e-02, 1.83877817e-01, 6.93682107e+01])]
Processing: /xdisk/rgutenk/sgibbon/dadi_msprime_pipeline/dadi_inference_results/allo_2epoch/params7/Collapsed_nested/optimization_allo_2epoch_T0.3_nu0.75_H0.2_master42_rep11.txt
gim_param_names:
['T_WGD', 'nu']
gim_best_params:
[0.0440725360744917, 0.482186396660851]
['T_WGD', 'nu']
uncerts:
[2.02510355e-02 8.73165826e-02 5.82436206e+01]
uncerts:
[2.68237625e-02 1.07904389e-01 5.95894222e+01]
uncerts:
[2.54971548e-02 1.02001449e-01 5.92443993e+01]
gim_uncerts:
[array([2.02510355e-02, 8.73165826e-02, 5.82436206e+01]), array([2.68237625e-02, 1.07904389e-01, 5.95894222e+01]), array([2.54971548e-02, 1.02001449e-01, 5.92443993e+01])]
Processing: /xdisk/rgutenk/sgibbon/dadi_msprime_pipeline/dadi_inference_results/allo_2epoch/params7/Collapsed_nested/optimization_allo_2epoch_T0.3_nu0.75_H0.2_master42_rep12.txt
gim_param_names:
['T_WGD', 'nu']
gim_best_params:
[0.0403275840785241, 0.4895986917911194]
['T_WGD', 'nu']
uncerts:
[3.28708919e-02 1.37226653e-01 4.85781417e+01]
uncerts:
[3.02204877e-02 1.24492586e-01 4.88032135e+01]
uncerts:
[1.21167166e-02 4.98939662e-02 4.76097765e+01]
gim_uncerts:
[array([3.28708919e-02, 1.37226653e-01, 4.85781417e+01]), array([3.02204877e-02, 1.24492586e-01, 4.88032135e+01]), array([1.21167166e-02, 4.98939662e-02, 4.76097765e+01])]
Processing: /xdisk/rgutenk/sgibbon/dadi_msprime_pipeline/dadi_inference_results/allo_2epoch/params7/Collapsed_nested/optimization_allo_2epoch_T0.3_nu0.75_H0.2_master42_rep13.txt
gim_param_names:
['T_WGD', 'nu']
gim_best_params:
[0.0567560016727136, 0.591210816336363]
['T_WGD', 'nu']
uncerts:
[9.19150208e-03 3.55965368e-02 5.08077325e+01]
uncerts:
[1.20059978e-03 1.85551215e-02 4.17593003e+01]
uncerts:
[1.41961992e-04 3.80670594e-03 3.58919380e+01]
gim_uncerts:
[array([9.19150208e-03, 3.55965368e-02, 5.08077325e+01]), array([1.20059978e-03, 1.85551215e-02, 4.17593003e+01]), array([1.41961992e-04, 3.80670594e-03, 3.58919380e+01])]
Processing: /xdisk/rgutenk/sgibbon/dadi_msprime_pipeline/dadi_inference_results/allo_2epoch/params7/Collapsed_nested/optimization_allo_2epoch_T0.3_nu0.75_H0.2_master42_rep14.txt
gim_param_names:
['T_WGD', 'nu']
gim_best_params:
[0.0351445517237708, 0.4392974356672083]
['T_WGD', 'nu']
uncerts:
[4.25697071e-03 2.81109773e-02 5.94271434e+01]
uncerts:
[4.43022135e-04 1.18100721e-02 4.78021648e+01]
uncerts:
[5.74444898e-05 2.25090596e-03 4.63527268e+01]
gim_uncerts:
[array([4.25697071e-03, 2.81109773e-02, 5.94271434e+01]), array([4.43022135e-04, 1.18100721e-02, 4.78021648e+01]), array([5.74444898e-05, 2.25090596e-03, 4.63527268e+01])]
Processing: /xdisk/rgutenk/sgibbon/dadi_msprime_pipeline/dadi_inference_results/allo_2epoch/params7/Collapsed_nested/optimization_allo_2epoch_T0.3_nu0.75_H0.2_master42_rep15.txt
gim_param_names:
['T_WGD', 'nu']
gim_best_params:
[0.0049305746608987, 0.1540794048088703]
['T_WGD', 'nu']
uncerts:
[1.21301789e-04 6.16428990e-03 5.39758659e+01]
uncerts:
[1.81587649e-05 1.02679474e-03 4.71714841e+01]
uncerts:
[9.63763291e-04 1.78961575e-04 7.39258741e+01]
gim_uncerts:
[array([1.21301789e-04, 6.16428990e-03, 5.39758659e+01]), array([1.81587649e-05, 1.02679474e-03, 4.71714841e+01]), array([9.63763291e-04, 1.78961575e-04, 7.39258741e+01])]
Processing: /xdisk/rgutenk/sgibbon/dadi_msprime_pipeline/dadi_inference_results/allo_2epoch/params7/Collapsed_nested/optimization_allo_2epoch_T0.3_nu0.75_H0.2_master42_rep16.txt
gim_param_names:
['T_WGD', 'nu']
gim_best_params:
[0.0302133038997684, 0.3975446390681755]
['T_WGD', 'nu']
uncerts:
[2.74420779e-03 2.33589717e-02 6.63953489e+01]
uncerts:
[2.91166856e-04 9.03569002e-03 5.74720698e+01]
uncerts:
[2.97397603e-05 1.31078954e-03 5.60630056e+01]
gim_uncerts:
[array([2.74420779e-03, 2.33589717e-02, 6.63953489e+01]), array([2.91166856e-04, 9.03569002e-03, 5.74720698e+01]), array([2.97397603e-05, 1.31078954e-03, 5.60630056e+01])]
Processing: /xdisk/rgutenk/sgibbon/dadi_msprime_pipeline/dadi_inference_results/allo_2epoch/params7/Collapsed_nested/optimization_allo_2epoch_T0.3_nu0.75_H0.2_master42_rep17.txt
gim_param_names:
['T_WGD', 'nu']
gim_best_params:
[0.0346273009474331, 0.4214357268602643]
['T_WGD', 'nu']
uncerts:
[2.25300124e-02 1.18630788e-01 6.63047260e+01]
uncerts:
[2.29718395e-02 1.20996331e-01 6.63041577e+01]
uncerts:
[ 0.2437926   1.36435168 68.33804285]
gim_uncerts:
[array([2.25300124e-02, 1.18630788e-01, 6.63047260e+01]), array([2.29718395e-02, 1.20996331e-01, 6.63041577e+01]), array([ 0.2437926 ,  1.36435168, 68.33804285])]
Processing: /xdisk/rgutenk/sgibbon/dadi_msprime_pipeline/dadi_inference_results/allo_2epoch/params7/Collapsed_nested/optimization_allo_2epoch_T0.3_nu0.75_H0.2_master42_rep18.txt
gim_param_names:
['T_WGD', 'nu']
gim_best_params:
[0.001, 0.0474907757344965]
['T_WGD', 'nu']
uncerts:
[1.41710084e-02 6.32600845e-01 5.19233649e+01]
uncerts:
[2.19072825e-02 9.65997658e-01 7.26934373e+01]
uncerts:
[6.32713373e-04 3.04542484e-02 4.51279374e+01]
gim_uncerts:
[array([1.41710084e-02, 6.32600845e-01, 5.19233649e+01]), array([2.19072825e-02, 9.65997658e-01, 7.26934373e+01]), array([6.32713373e-04, 3.04542484e-02, 4.51279374e+01])]
Processing: /xdisk/rgutenk/sgibbon/dadi_msprime_pipeline/dadi_inference_results/allo_2epoch/params7/Collapsed_nested/optimization_allo_2epoch_T0.3_nu0.75_H0.2_master42_rep19.txt
gim_param_names:
['T_WGD', 'nu']
gim_best_params:
[0.0311579754112033, 0.4934291508509726]
['T_WGD', 'nu']
uncerts:
[1.04752296e-02 8.56491977e-02 6.58140127e+01]
uncerts:
[4.06369461e-02 2.21937603e-01 7.20416992e+01]
uncerts:
[ 0.14962061  0.86640141 93.50058389]
gim_uncerts:
[array([1.04752296e-02, 8.56491977e-02, 6.58140127e+01]), array([4.06369461e-02, 2.21937603e-01, 7.20416992e+01]), array([ 0.14962061,  0.86640141, 93.50058389])]
Processing: /xdisk/rgutenk/sgibbon/dadi_msprime_pipeline/dadi_inference_results/allo_2epoch/params7/Collapsed_nested/optimization_allo_2epoch_T0.3_nu0.75_H0.2_master42_rep2.txt
gim_param_names:
['T_WGD', 'nu']
gim_best_params:
[0.001, 0.0374003869285806]
['T_WGD', 'nu']
uncerts:
[1.46407818e-02 5.21847575e-01 5.75022616e+01]
uncerts:
[1.26611546e-03 4.11457184e-02 6.61277162e+01]
uncerts:
[5.50696417e-04 1.80840575e-02 5.48228579e+01]
gim_uncerts:
[array([1.46407818e-02, 5.21847575e-01, 5.75022616e+01]), array([1.26611546e-03, 4.11457184e-02, 6.61277162e+01]), array([5.50696417e-04, 1.80840575e-02, 5.48228579e+01])]
Processing: /xdisk/rgutenk/sgibbon/dadi_msprime_pipeline/dadi_inference_results/allo_2epoch/params7/Collapsed_nested/optimization_allo_2epoch_T0.3_nu0.75_H0.2_master42_rep20.txt
gim_param_names:
['T_WGD', 'nu']
gim_best_params:
[0.050083015049996, 0.534091440676923]
['T_WGD', 'nu']
uncerts:
[3.46620158e-02 1.20609496e-01 5.14541416e+01]
uncerts:
[3.29427719e-02 1.13650104e-01 5.13441398e+01]
uncerts:
[1.46067474e-02 4.83022131e-02 5.09147066e+01]
gim_uncerts:
[array([3.46620158e-02, 1.20609496e-01, 5.14541416e+01]), array([3.29427719e-02, 1.13650104e-01, 5.13441398e+01]), array([1.46067474e-02, 4.83022131e-02, 5.09147066e+01])]
Processing: /xdisk/rgutenk/sgibbon/dadi_msprime_pipeline/dadi_inference_results/allo_2epoch/params7/Collapsed_nested/optimization_allo_2epoch_T0.3_nu0.75_H0.2_master42_rep21.txt
gim_param_names:
['T_WGD', 'nu']
gim_best_params:
[0.0290743679264481, 0.4275583786405147]
['T_WGD', 'nu']
uncerts:
[2.14080418e-03 2.29383710e-02 5.31117441e+01]
uncerts:
[2.14675895e-04 8.08557299e-03 4.49439856e+01]
uncerts:
[2.48970595e-05 1.25307507e-03 4.39634860e+01]
gim_uncerts:
[array([2.14080418e-03, 2.29383710e-02, 5.31117441e+01]), array([2.14675895e-04, 8.08557299e-03, 4.49439856e+01]), array([2.48970595e-05, 1.25307507e-03, 4.39634860e+01])]
Processing: /xdisk/rgutenk/sgibbon/dadi_msprime_pipeline/dadi_inference_results/allo_2epoch/params7/Collapsed_nested/optimization_allo_2epoch_T0.3_nu0.75_H0.2_master42_rep22.txt
gim_param_names:
['T_WGD', 'nu']
gim_best_params:
[0.0425027040362329, 0.5673206548285852]
['T_WGD', 'nu']
uncerts:
[  0.20151536   0.9355564  100.16502274]
uncerts:
[ 0.0539395   0.20597486 48.37149472]
uncerts:
[2.98022000e-02 1.03222158e-01 4.79917478e+01]
gim_uncerts:
[array([  0.20151536,   0.9355564 , 100.16502274]), array([ 0.0539395 ,  0.20597486, 48.37149472]), array([2.98022000e-02, 1.03222158e-01, 4.79917478e+01])]
Processing: /xdisk/rgutenk/sgibbon/dadi_msprime_pipeline/dadi_inference_results/allo_2epoch/params7/Collapsed_nested/optimization_allo_2epoch_T0.3_nu0.75_H0.2_master42_rep23.txt
gim_param_names:
['T_WGD', 'nu']
gim_best_params:
[0.0049167865874158, 0.1229202271034294]
['T_WGD', 'nu']
uncerts:
[1.30229931e-04 4.78792745e-03 5.00178455e+01]
uncerts:
[1.99177262e-05 8.06923612e-04 4.22187031e+01]
uncerts:
[9.70306349e-04 1.52254653e-04 7.63864024e+01]
gim_uncerts:
[array([1.30229931e-04, 4.78792745e-03, 5.00178455e+01]), array([1.99177262e-05, 8.06923612e-04, 4.22187031e+01]), array([9.70306349e-04, 1.52254653e-04, 7.63864024e+01])]
Processing: /xdisk/rgutenk/sgibbon/dadi_msprime_pipeline/dadi_inference_results/allo_2epoch/params7/Collapsed_nested/optimization_allo_2epoch_T0.3_nu0.75_H0.2_master42_rep24.txt
gim_param_names:
['T_WGD', 'nu']
gim_best_params:
[0.0527161646723961, 0.5068823149228294]
['T_WGD', 'nu']
uncerts:
[1.07388039e-02 4.09805422e-02 4.58993331e+01]
uncerts:
[1.47626366e-03 1.88620714e-02 4.26680288e+01]
uncerts:
[1.70918638e-04 4.21728081e-03 4.77386597e+01]
gim_uncerts:
[array([1.07388039e-02, 4.09805422e-02, 4.58993331e+01]), array([1.47626366e-03, 1.88620714e-02, 4.26680288e+01]), array([1.70918638e-04, 4.21728081e-03, 4.77386597e+01])]
Processing: /xdisk/rgutenk/sgibbon/dadi_msprime_pipeline/dadi_inference_results/allo_2epoch/params7/Collapsed_nested/optimization_allo_2epoch_T0.3_nu0.75_H0.2_master42_rep3.txt
gim_param_names:
['T_WGD', 'nu']
gim_best_params:
[0.005856583410915, 0.133106370963261]
['T_WGD', 'nu']
uncerts:
[1.70235464e-04 5.18718731e-03 5.43584649e+01]
uncerts:
[2.83905958e-05 1.03389793e-03 4.57403910e+01]
uncerts:
[9.62307517e-04 1.90183482e-04 7.34669538e+01]
gim_uncerts:
[array([1.70235464e-04, 5.18718731e-03, 5.43584649e+01]), array([2.83905958e-05, 1.03389793e-03, 4.57403910e+01]), array([9.62307517e-04, 1.90183482e-04, 7.34669538e+01])]
Processing: /xdisk/rgutenk/sgibbon/dadi_msprime_pipeline/dadi_inference_results/allo_2epoch/params7/Collapsed_nested/optimization_allo_2epoch_T0.3_nu0.75_H0.2_master42_rep4.txt
gim_param_names:
['T_WGD', 'nu']
gim_best_params:
[0.0324596906350475, 0.3748467441966799]
['T_WGD', 'nu']
uncerts:
[ 0.1018034   0.62376908 69.68374433]
uncerts:
[3.05938764e-02 1.73755599e-01 5.32672279e+01]
uncerts:
[1.23456401e-02 6.57691606e-02 5.32596223e+01]
gim_uncerts:
[array([ 0.1018034 ,  0.62376908, 69.68374433]), array([3.05938764e-02, 1.73755599e-01, 5.32672279e+01]), array([1.23456401e-02, 6.57691606e-02, 5.32596223e+01])]
Processing: /xdisk/rgutenk/sgibbon/dadi_msprime_pipeline/dadi_inference_results/allo_2epoch/params7/Collapsed_nested/optimization_allo_2epoch_T0.3_nu0.75_H0.2_master42_rep5.txt
gim_param_names:
['T_WGD', 'nu']
gim_best_params:
[0.0816732619951362, 0.5589074360132149]
['T_WGD', 'nu']
uncerts:
[4.34532099e-02 8.96824516e-02 4.84735665e+01]
uncerts:
[3.19747577e-02 5.98825526e-02 4.83605039e+01]
uncerts:
[2.60146874e-02 4.88874522e-02 4.91761106e+01]
gim_uncerts:
[array([4.34532099e-02, 8.96824516e-02, 4.84735665e+01]), array([3.19747577e-02, 5.98825526e-02, 4.83605039e+01]), array([2.60146874e-02, 4.88874522e-02, 4.91761106e+01])]
Processing: /xdisk/rgutenk/sgibbon/dadi_msprime_pipeline/dadi_inference_results/allo_2epoch/params7/Collapsed_nested/optimization_allo_2epoch_T0.3_nu0.75_H0.2_master42_rep6.txt
gim_param_names:
['T_WGD', 'nu']
gim_best_params:
[0.0223879648548506, 0.3998578689621795]
['T_WGD', 'nu']
uncerts:
[1.20869850e-03 2.46427805e-02 6.00287168e+01]
uncerts:
[1.32468878e-04 9.43647249e-03 4.54137095e+01]
uncerts:
[7.97874641e-04 9.06101310e-03 4.90686214e+01]
gim_uncerts:
[array([1.20869850e-03, 2.46427805e-02, 6.00287168e+01]), array([1.32468878e-04, 9.43647249e-03, 4.54137095e+01]), array([7.97874641e-04, 9.06101310e-03, 4.90686214e+01])]
Processing: /xdisk/rgutenk/sgibbon/dadi_msprime_pipeline/dadi_inference_results/allo_2epoch/params7/Collapsed_nested/optimization_allo_2epoch_T0.3_nu0.75_H0.2_master42_rep7.txt
gim_param_names:
['T_WGD', 'nu']
gim_best_params:
[0.0265578592944658, 0.3848239713556293]
['T_WGD', 'nu']
uncerts:
[3.22538450e-02 2.52389664e-01 5.80244985e+01]
uncerts:
[4.32366388e-02 3.08378184e-01 5.85257613e+01]
uncerts:
[1.79340710e-02 1.28632464e-01 5.67866841e+01]
gim_uncerts:
[array([3.22538450e-02, 2.52389664e-01, 5.80244985e+01]), array([4.32366388e-02, 3.08378184e-01, 5.85257613e+01]), array([1.79340710e-02, 1.28632464e-01, 5.67866841e+01])]
Processing: /xdisk/rgutenk/sgibbon/dadi_msprime_pipeline/dadi_inference_results/allo_2epoch/params7/Collapsed_nested/optimization_allo_2epoch_T0.3_nu0.75_H0.2_master42_rep8.txt
gim_param_names:
['T_WGD', 'nu']
gim_best_params:
[0.0297641462696604, 0.4650648095600433]
['T_WGD', 'nu']
uncerts:
[2.59827708e-03 2.83240675e-02 6.56899434e+01]
uncerts:
[2.50853417e-04 1.04160401e-02 5.69382028e+01]
uncerts:
[2.47246415e-05 1.39753227e-03 5.55790634e+01]
gim_uncerts:
[array([2.59827708e-03, 2.83240675e-02, 6.56899434e+01]), array([2.50853417e-04, 1.04160401e-02, 5.69382028e+01]), array([2.47246415e-05, 1.39753227e-03, 5.55790634e+01])]
Processing: /xdisk/rgutenk/sgibbon/dadi_msprime_pipeline/dadi_inference_results/allo_2epoch/params7/Collapsed_nested/optimization_allo_2epoch_T0.3_nu0.75_H0.2_master42_rep9.txt
gim_param_names:
['T_WGD', 'nu']
gim_best_params:
[0.001, 0.0416603441029072]
['T_WGD', 'nu']
uncerts:
[2.71621521e-05 1.29086493e-03 3.50100782e+01]
uncerts:
[4.19321250e-06 2.03955672e-04 3.34308782e+01]
uncerts:
[8.60351156e-04 2.52209063e-02 6.24072537e+01]
gim_uncerts:
[array([2.71621521e-05, 1.29086493e-03, 3.50100782e+01]), array([4.19321250e-06, 2.03955672e-04, 3.34308782e+01]), array([8.60351156e-04, 2.52209063e-02, 6.24072537e+01])]
Summary saved to: results_collapsed/nested_summary.csv
Running full uncertainties:
Processing: /xdisk/rgutenk/sgibbon/dadi_msprime_pipeline/dadi_inference_results/allo_2epoch/params7/Collapsed_complex/optimization_allo_2epoch_T0.3_nu0.75_H0.2_master42_rep0.txt
gim_param_names:
['T_WGD', 'nu', 'H']
gim_best_params:
[0.2590978919211766, 0.6966755771711081, 0.108942101123263]
['T_WGD', 'nu', 'H']
uncerts:
[5.55669857e-02 4.31518077e-02 2.64242534e-02 1.00049072e+02]
uncerts:
[4.74928973e-02 3.93515364e-02 2.63395883e-02 9.43467024e+01]
uncerts:
[5.93113573e-02 4.51580867e-02 2.70989296e-02 1.03333162e+02]
gim_uncerts:
[array([5.55669857e-02, 4.31518077e-02, 2.64242534e-02, 1.00049072e+02]), array([4.74928973e-02, 3.93515364e-02, 2.63395883e-02, 9.43467024e+01]), array([5.93113573e-02, 4.51580867e-02, 2.70989296e-02, 1.03333162e+02])]
Processing: /xdisk/rgutenk/sgibbon/dadi_msprime_pipeline/dadi_inference_results/allo_2epoch/params7/Collapsed_complex/optimization_allo_2epoch_T0.3_nu0.75_H0.2_master42_rep1.txt
gim_param_names:
['T_WGD', 'nu', 'H']
gim_best_params:
[0.2150988827386686, 0.7331503993998598, 0.2391117652793311]
['T_WGD', 'nu', 'H']
uncerts:
[5.34316411e-02 3.58356739e-02 5.05014627e-02 8.84949385e+01]
uncerts:
[4.68563379e-02 3.32002143e-02 4.91677273e-02 8.51833255e+01]
uncerts:
[4.68369160e-02 3.32218804e-02 4.92922839e-02 8.52394002e+01]
gim_uncerts:
[array([5.34316411e-02, 3.58356739e-02, 5.05014627e-02, 8.84949385e+01]), array([4.68563379e-02, 3.32002143e-02, 4.91677273e-02, 8.51833255e+01]), array([4.68369160e-02, 3.32218804e-02, 4.92922839e-02, 8.52394002e+01])]
Processing: /xdisk/rgutenk/sgibbon/dadi_msprime_pipeline/dadi_inference_results/allo_2epoch/params7/Collapsed_complex/optimization_allo_2epoch_T0.3_nu0.75_H0.2_master42_rep10.txt
gim_param_names:
['T_WGD', 'nu', 'H']
gim_best_params:
[0.3161889989448351, 0.7121394213584615, 0.1800162427760383]
['T_WGD', 'nu', 'H']
uncerts:
[5.85496484e-02 3.74522937e-02 3.39041749e-02 1.01916303e+02]
uncerts:
[1.85363167e-02 2.27930329e-02 3.33966885e-02 7.27905435e+01]
uncerts:
[3.07735641e-03 1.18480860e-02 3.40523909e-02 5.61404220e+01]
gim_uncerts:
[array([5.85496484e-02, 3.74522937e-02, 3.39041749e-02, 1.01916303e+02]), array([1.85363167e-02, 2.27930329e-02, 3.33966885e-02, 7.27905435e+01]), array([3.07735641e-03, 1.18480860e-02, 3.40523909e-02, 5.61404220e+01])]
Processing: /xdisk/rgutenk/sgibbon/dadi_msprime_pipeline/dadi_inference_results/allo_2epoch/params7/Collapsed_complex/optimization_allo_2epoch_T0.3_nu0.75_H0.2_master42_rep11.txt
gim_param_names:
['T_WGD', 'nu', 'H']
gim_best_params:
[0.2504167361790657, 0.7180242675028048, 0.1681331193401424]
['T_WGD', 'nu', 'H']
uncerts:
[5.08831146e-02 3.99689053e-02 3.63545798e-02 8.14604627e+01]
uncerts:
[4.87278475e-02 3.91417688e-02 3.62447644e-02 8.02831557e+01]
uncerts:
[4.96888649e-02 3.97463588e-02 3.65422791e-02 8.10818675e+01]
gim_uncerts:
[array([5.08831146e-02, 3.99689053e-02, 3.63545798e-02, 8.14604627e+01]), array([4.87278475e-02, 3.91417688e-02, 3.62447644e-02, 8.02831557e+01]), array([4.96888649e-02, 3.97463588e-02, 3.65422791e-02, 8.10818675e+01])]
Processing: /xdisk/rgutenk/sgibbon/dadi_msprime_pipeline/dadi_inference_results/allo_2epoch/params7/Collapsed_complex/optimization_allo_2epoch_T0.3_nu0.75_H0.2_master42_rep12.txt
gim_param_names:
['T_WGD', 'nu', 'H']
gim_best_params:
[0.3129311025790768, 0.747278319516259, 0.1826109196617911]
['T_WGD', 'nu', 'H']
uncerts:
[6.50824912e-02 3.60745468e-02 2.79854331e-02 8.14479934e+01]
uncerts:
[7.64622980e-02 3.97481352e-02 2.80420624e-02 8.93264561e+01]
uncerts:
[7.63262629e-02 3.97225727e-02 2.80637770e-02 8.92667735e+01]
gim_uncerts:
[array([6.50824912e-02, 3.60745468e-02, 2.79854331e-02, 8.14479934e+01]), array([7.64622980e-02, 3.97481352e-02, 2.80420624e-02, 8.93264561e+01]), array([7.63262629e-02, 3.97225727e-02, 2.80637770e-02, 8.92667735e+01])]
Processing: /xdisk/rgutenk/sgibbon/dadi_msprime_pipeline/dadi_inference_results/allo_2epoch/params7/Collapsed_complex/optimization_allo_2epoch_T0.3_nu0.75_H0.2_master42_rep13.txt
gim_param_names:
['T_WGD', 'nu', 'H']
gim_best_params:
[0.3879953088274668, 0.81762968824351, 0.1393533745500845]
['T_WGD', 'nu', 'H']
uncerts:
[8.58373878e-02 4.49272188e-02 1.98612609e-02 1.18897212e+02]
uncerts:
[8.51707879e-02 4.46748213e-02 1.98580024e-02 1.18261866e+02]
uncerts:
[8.44477645e-02 4.44065142e-02 1.98809651e-02 1.17551170e+02]
gim_uncerts:
[array([8.58373878e-02, 4.49272188e-02, 1.98612609e-02, 1.18897212e+02]), array([8.51707879e-02, 4.46748213e-02, 1.98580024e-02, 1.18261866e+02]), array([8.44477645e-02, 4.44065142e-02, 1.98809651e-02, 1.17551170e+02])]
Processing: /xdisk/rgutenk/sgibbon/dadi_msprime_pipeline/dadi_inference_results/allo_2epoch/params7/Collapsed_complex/optimization_allo_2epoch_T0.3_nu0.75_H0.2_master42_rep14.txt
gim_param_names:
['T_WGD', 'nu', 'H']
gim_best_params:
[0.311309626898098, 0.7359464688205873, 0.1847462165273924]
['T_WGD', 'nu', 'H']
uncerts:
[5.17869890e-02 3.84982940e-02 3.91572479e-02 9.11751477e+01]
uncerts:
[4.70032265e-02 3.72440354e-02 3.91784008e-02 8.85159749e+01]
uncerts:
[4.73414650e-02 3.73992406e-02 3.93334621e-02 8.88093783e+01]
gim_uncerts:
[array([5.17869890e-02, 3.84982940e-02, 3.91572479e-02, 9.11751477e+01]), array([4.70032265e-02, 3.72440354e-02, 3.91784008e-02, 8.85159749e+01]), array([4.73414650e-02, 3.73992406e-02, 3.93334621e-02, 8.88093783e+01])]
Processing: /xdisk/rgutenk/sgibbon/dadi_msprime_pipeline/dadi_inference_results/allo_2epoch/params7/Collapsed_complex/optimization_allo_2epoch_T0.3_nu0.75_H0.2_master42_rep15.txt
gim_param_names:
['T_WGD', 'nu', 'H']
gim_best_params:
[0.2552413491484355, 0.7519471132442411, 0.2285670935548079]
['T_WGD', 'nu', 'H']
uncerts:
[4.23381240e-02 3.35047459e-02 4.09787800e-02 8.59383976e+01]
uncerts:
[4.64515853e-02 3.56930004e-02 4.11290132e-02 8.93640637e+01]
uncerts:
[4.55768592e-02 3.47652924e-02 4.12995274e-02 8.79323702e+01]
gim_uncerts:
[array([4.23381240e-02, 3.35047459e-02, 4.09787800e-02, 8.59383976e+01]), array([4.64515853e-02, 3.56930004e-02, 4.11290132e-02, 8.93640637e+01]), array([4.55768592e-02, 3.47652924e-02, 4.12995274e-02, 8.79323702e+01])]
Processing: /xdisk/rgutenk/sgibbon/dadi_msprime_pipeline/dadi_inference_results/allo_2epoch/params7/Collapsed_complex/optimization_allo_2epoch_T0.3_nu0.75_H0.2_master42_rep16.txt
gim_param_names:
['T_WGD', 'nu', 'H']
gim_best_params:
[0.2277411614515511, 0.682292536512412, 0.2158313942666316]
['T_WGD', 'nu', 'H']
uncerts:
[4.74265306e-02 3.63921688e-02 4.68140379e-02 8.53444392e+01]
uncerts:
[5.05629276e-02 3.76083341e-02 4.69779344e-02 8.64790550e+01]
uncerts:
[5.05420768e-02 3.76222233e-02 4.68666323e-02 8.64923629e+01]
gim_uncerts:
[array([4.74265306e-02, 3.63921688e-02, 4.68140379e-02, 8.53444392e+01]), array([5.05629276e-02, 3.76083341e-02, 4.69779344e-02, 8.64790550e+01]), array([5.05420768e-02, 3.76222233e-02, 4.68666323e-02, 8.64923629e+01])]
Processing: /xdisk/rgutenk/sgibbon/dadi_msprime_pipeline/dadi_inference_results/allo_2epoch/params7/Collapsed_complex/optimization_allo_2epoch_T0.3_nu0.75_H0.2_master42_rep17.txt
gim_param_names:
['T_WGD', 'nu', 'H']
gim_best_params:
[0.2753213899283924, 0.6923704252217938, 0.2145706007280647]
['T_WGD', 'nu', 'H']
uncerts:
[6.43763618e-02 3.72806115e-02 4.05038319e-02 9.20461016e+01]
uncerts:
[1.05425253e-01 5.29245131e-02 4.18366193e-02 1.14645323e+02]
uncerts:
[1.07031959e-01 5.36636390e-02 4.17344127e-02 1.15773054e+02]
gim_uncerts:
[array([6.43763618e-02, 3.72806115e-02, 4.05038319e-02, 9.20461016e+01]), array([1.05425253e-01, 5.29245131e-02, 4.18366193e-02, 1.14645323e+02]), array([1.07031959e-01, 5.36636390e-02, 4.17344127e-02, 1.15773054e+02])]
Processing: /xdisk/rgutenk/sgibbon/dadi_msprime_pipeline/dadi_inference_results/allo_2epoch/params7/Collapsed_complex/optimization_allo_2epoch_T0.3_nu0.75_H0.2_master42_rep18.txt
gim_param_names:
['T_WGD', 'nu', 'H']
gim_best_params:
[0.2236117930729276, 0.7532719369062777, 0.3585991225541405]
['T_WGD', 'nu', 'H']
uncerts:
[4.66127119e-02 3.20592216e-02 6.21014350e-02 5.99583361e+01]
uncerts:
[4.50027276e-02 3.15350358e-02 6.29945988e-02 5.93088273e+01]
uncerts:
[4.50568087e-02 3.15499101e-02 6.29866233e-02 5.93291286e+01]
gim_uncerts:
[array([4.66127119e-02, 3.20592216e-02, 6.21014350e-02, 5.99583361e+01]), array([4.50027276e-02, 3.15350358e-02, 6.29945988e-02, 5.93088273e+01]), array([4.50568087e-02, 3.15499101e-02, 6.29866233e-02, 5.93291286e+01])]
Processing: /xdisk/rgutenk/sgibbon/dadi_msprime_pipeline/dadi_inference_results/allo_2epoch/params7/Collapsed_complex/optimization_allo_2epoch_T0.3_nu0.75_H0.2_master42_rep19.txt
gim_param_names:
['T_WGD', 'nu', 'H']
gim_best_params:
[0.3056685558318255, 0.7794433182541596, 0.1900126464650641]
['T_WGD', 'nu', 'H']
uncerts:
[6.17176151e-02 4.23678327e-02 2.78759971e-02 9.75897354e+01]
uncerts:
[2.87832475e-02 3.21586361e-02 2.65878154e-02 7.51476812e+01]
uncerts:
[8.03621673e-02 4.73658221e-02 2.85999495e-02 1.09088232e+02]
gim_uncerts:
[array([6.17176151e-02, 4.23678327e-02, 2.78759971e-02, 9.75897354e+01]), array([2.87832475e-02, 3.21586361e-02, 2.65878154e-02, 7.51476812e+01]), array([8.03621673e-02, 4.73658221e-02, 2.85999495e-02, 1.09088232e+02])]
Processing: /xdisk/rgutenk/sgibbon/dadi_msprime_pipeline/dadi_inference_results/allo_2epoch/params7/Collapsed_complex/optimization_allo_2epoch_T0.3_nu0.75_H0.2_master42_rep2.txt
gim_param_names:
['T_WGD', 'nu', 'H']
gim_best_params:
[0.1827572856088163, 0.7112717340919881, 0.3651119552596261]
['T_WGD', 'nu', 'H']
uncerts:
[5.40314588e-02 4.95763784e-02 6.91294811e-02 8.45001470e+01]
uncerts:
[5.57413748e-02 5.04330421e-02 6.95370538e-02 8.53739398e+01]
uncerts:
[5.68432267e-02 5.12875005e-02 6.98216556e-02 8.62300637e+01]
gim_uncerts:
[array([5.40314588e-02, 4.95763784e-02, 6.91294811e-02, 8.45001470e+01]), array([5.57413748e-02, 5.04330421e-02, 6.95370538e-02, 8.53739398e+01]), array([5.68432267e-02, 5.12875005e-02, 6.98216556e-02, 8.62300637e+01])]
Processing: /xdisk/rgutenk/sgibbon/dadi_msprime_pipeline/dadi_inference_results/allo_2epoch/params7/Collapsed_complex/optimization_allo_2epoch_T0.3_nu0.75_H0.2_master42_rep20.txt
gim_param_names:
['T_WGD', 'nu', 'H']
gim_best_params:
[0.2912526961281761, 0.7664555310598609, 0.1362040548701113]
['T_WGD', 'nu', 'H']
uncerts:
[5.92127544e-02 3.31634723e-02 2.50031832e-02 7.90306746e+01]
uncerts:
[3.56619289e-02 2.52195598e-02 2.46593255e-02 6.09434905e+01]
uncerts:
[9.06565906e-03 1.96771792e-02 2.43897672e-02 4.63218253e+01]
gim_uncerts:
[array([5.92127544e-02, 3.31634723e-02, 2.50031832e-02, 7.90306746e+01]), array([3.56619289e-02, 2.52195598e-02, 2.46593255e-02, 6.09434905e+01]), array([9.06565906e-03, 1.96771792e-02, 2.43897672e-02, 4.63218253e+01])]
Processing: /xdisk/rgutenk/sgibbon/dadi_msprime_pipeline/dadi_inference_results/allo_2epoch/params7/Collapsed_complex/optimization_allo_2epoch_T0.3_nu0.75_H0.2_master42_rep21.txt
gim_param_names:
['T_WGD', 'nu', 'H']
gim_best_params:
[0.2573528521865185, 0.7291297830206611, 0.1920151377074007]
['T_WGD', 'nu', 'H']
uncerts:
[4.03693394e-02 2.52766443e-02 4.06608403e-02 5.92837701e+01]
uncerts:
[4.26154036e-02 2.56906357e-02 4.07126058e-02 5.98540564e+01]
uncerts:
[4.30037161e-02 2.59467487e-02 4.09634217e-02 6.00933896e+01]
gim_uncerts:
[array([4.03693394e-02, 2.52766443e-02, 4.06608403e-02, 5.92837701e+01]), array([4.26154036e-02, 2.56906357e-02, 4.07126058e-02, 5.98540564e+01]), array([4.30037161e-02, 2.59467487e-02, 4.09634217e-02, 6.00933896e+01])]
Processing: /xdisk/rgutenk/sgibbon/dadi_msprime_pipeline/dadi_inference_results/allo_2epoch/params7/Collapsed_complex/optimization_allo_2epoch_T0.3_nu0.75_H0.2_master42_rep22.txt
gim_param_names:
['T_WGD', 'nu', 'H']
gim_best_params:
[0.3471621305393337, 0.8188315032012895, 0.1474256070467117]
['T_WGD', 'nu', 'H']
uncerts:
[6.55814285e-02 2.83507739e-02 2.63723774e-02 7.53384866e+01]
uncerts:
[3.88411868e-02 2.22203974e-02 2.63356177e-02 5.73698344e+01]
uncerts:
[2.11566418e-02 2.34461858e-02 2.64844609e-02 5.37150274e+01]
gim_uncerts:
[array([6.55814285e-02, 2.83507739e-02, 2.63723774e-02, 7.53384866e+01]), array([3.88411868e-02, 2.22203974e-02, 2.63356177e-02, 5.73698344e+01]), array([2.11566418e-02, 2.34461858e-02, 2.64844609e-02, 5.37150274e+01])]
Processing: /xdisk/rgutenk/sgibbon/dadi_msprime_pipeline/dadi_inference_results/allo_2epoch/params7/Collapsed_complex/optimization_allo_2epoch_T0.3_nu0.75_H0.2_master42_rep23.txt
gim_param_names:
['T_WGD', 'nu', 'H']
gim_best_params:
[0.2540358566333655, 0.6930474557010018, 0.3060625134715027]
['T_WGD', 'nu', 'H']
uncerts:
[5.00241200e-02 3.46631057e-02 5.53041129e-02 7.49557778e+01]
uncerts:
[5.02226839e-02 3.46587509e-02 5.52952788e-02 7.50044776e+01]
uncerts:
[4.93656955e-02 3.42599681e-02 5.48384759e-02 7.46026680e+01]
gim_uncerts:
[array([5.00241200e-02, 3.46631057e-02, 5.53041129e-02, 7.49557778e+01]), array([5.02226839e-02, 3.46587509e-02, 5.52952788e-02, 7.50044776e+01]), array([4.93656955e-02, 3.42599681e-02, 5.48384759e-02, 7.46026680e+01])]
Processing: /xdisk/rgutenk/sgibbon/dadi_msprime_pipeline/dadi_inference_results/allo_2epoch/params7/Collapsed_complex/optimization_allo_2epoch_T0.3_nu0.75_H0.2_master42_rep24.txt
gim_param_names:
['T_WGD', 'nu', 'H']
gim_best_params:
[0.2964211992240479, 0.7375943312184225, 0.1494493803852824]
['T_WGD', 'nu', 'H']
uncerts:
[6.14310667e-02 4.30308935e-02 2.88693330e-02 8.86031002e+01]
uncerts:
[4.98930829e-02 3.88960890e-02 2.86599335e-02 7.97903813e+01]
uncerts:
[5.11927928e-02 3.96447602e-02 2.88486639e-02 8.12717151e+01]
gim_uncerts:
[array([6.14310667e-02, 4.30308935e-02, 2.88693330e-02, 8.86031002e+01]), array([4.98930829e-02, 3.88960890e-02, 2.86599335e-02, 7.97903813e+01]), array([5.11927928e-02, 3.96447602e-02, 2.88486639e-02, 8.12717151e+01])]
Processing: /xdisk/rgutenk/sgibbon/dadi_msprime_pipeline/dadi_inference_results/allo_2epoch/params7/Collapsed_complex/optimization_allo_2epoch_T0.3_nu0.75_H0.2_master42_rep3.txt
gim_param_names:
['T_WGD', 'nu', 'H']
gim_best_params:
[0.1414879201379433, 0.6193589792472299, 0.3113070234233963]
['T_WGD', 'nu', 'H']
uncerts:
[2.79196770e-02 3.72199644e-02 8.04111170e-02 7.39273138e+01]
uncerts:
[4.05977531e-02 4.78936007e-02 8.59627667e-02 7.72009020e+01]
uncerts:
[3.85254495e-02 4.53762088e-02 8.45962852e-02 7.59893722e+01]
gim_uncerts:
[array([2.79196770e-02, 3.72199644e-02, 8.04111170e-02, 7.39273138e+01]), array([4.05977531e-02, 4.78936007e-02, 8.59627667e-02, 7.72009020e+01]), array([3.85254495e-02, 4.53762088e-02, 8.45962852e-02, 7.59893722e+01])]
Processing: /xdisk/rgutenk/sgibbon/dadi_msprime_pipeline/dadi_inference_results/allo_2epoch/params7/Collapsed_complex/optimization_allo_2epoch_T0.3_nu0.75_H0.2_master42_rep4.txt
gim_param_names:
['T_WGD', 'nu', 'H']
gim_best_params:
[0.2592395539896536, 0.7007478285797324, 0.1459088944370662]
['T_WGD', 'nu', 'H']
uncerts:
[5.55706020e-02 3.62952387e-02 2.65163041e-02 8.45599275e+01]
uncerts:
[4.27607830e-02 3.08948744e-02 2.63403986e-02 7.60117133e+01]
uncerts:
[4.24057393e-02 3.06572560e-02 2.62646916e-02 7.56325371e+01]
gim_uncerts:
[array([5.55706020e-02, 3.62952387e-02, 2.65163041e-02, 8.45599275e+01]), array([4.27607830e-02, 3.08948744e-02, 2.63403986e-02, 7.60117133e+01]), array([4.24057393e-02, 3.06572560e-02, 2.62646916e-02, 7.56325371e+01])]
Processing: /xdisk/rgutenk/sgibbon/dadi_msprime_pipeline/dadi_inference_results/allo_2epoch/params7/Collapsed_complex/optimization_allo_2epoch_T0.3_nu0.75_H0.2_master42_rep5.txt
gim_param_names:
['T_WGD', 'nu', 'H']
gim_best_params:
[0.4257167476510491, 0.7523705368228433, 0.1344142254481014]
['T_WGD', 'nu', 'H']
uncerts:
[7.90121866e-02 3.19397757e-02 2.04751320e-02 8.22932154e+01]
uncerts:
[8.04034472e-02 3.22504598e-02 2.04748427e-02 8.32156939e+01]
uncerts:
[7.88658077e-02 3.17000720e-02 2.04361413e-02 8.17443576e+01]
gim_uncerts:
[array([7.90121866e-02, 3.19397757e-02, 2.04751320e-02, 8.22932154e+01]), array([8.04034472e-02, 3.22504598e-02, 2.04748427e-02, 8.32156939e+01]), array([7.88658077e-02, 3.17000720e-02, 2.04361413e-02, 8.17443576e+01])]
Processing: /xdisk/rgutenk/sgibbon/dadi_msprime_pipeline/dadi_inference_results/allo_2epoch/params7/Collapsed_complex/optimization_allo_2epoch_T0.3_nu0.75_H0.2_master42_rep6.txt
gim_param_names:
['T_WGD', 'nu', 'H']
gim_best_params:
[0.2544068313716715, 0.7492537388016808, 0.1919560441207443]
['T_WGD', 'nu', 'H']
uncerts:
[6.37081025e-02 4.84883410e-02 3.38068494e-02 1.04580313e+02]
uncerts:
[8.63834479e-02 6.28801203e-02 3.42116827e-02 1.28470267e+02]
uncerts:
[7.46510796e-02 5.32259188e-02 3.42313487e-02 1.12444058e+02]
gim_uncerts:
[array([6.37081025e-02, 4.84883410e-02, 3.38068494e-02, 1.04580313e+02]), array([8.63834479e-02, 6.28801203e-02, 3.42116827e-02, 1.28470267e+02]), array([7.46510796e-02, 5.32259188e-02, 3.42313487e-02, 1.12444058e+02])]
Processing: /xdisk/rgutenk/sgibbon/dadi_msprime_pipeline/dadi_inference_results/allo_2epoch/params7/Collapsed_complex/optimization_allo_2epoch_T0.3_nu0.75_H0.2_master42_rep7.txt
gim_param_names:
['T_WGD', 'nu', 'H']
gim_best_params:
[0.2137418928102608, 0.7070618944916542, 0.1716864650095562]
['T_WGD', 'nu', 'H']
uncerts:
[6.73374414e-02 5.54583231e-02 4.25162642e-02 9.25250401e+01]
uncerts:
[5.93075885e-02 5.11459964e-02 4.22372645e-02 8.77583288e+01]
uncerts:
[6.06322656e-02 5.21031532e-02 4.24999648e-02 8.89604328e+01]
gim_uncerts:
[array([6.73374414e-02, 5.54583231e-02, 4.25162642e-02, 9.25250401e+01]), array([5.93075885e-02, 5.11459964e-02, 4.22372645e-02, 8.77583288e+01]), array([6.06322656e-02, 5.21031532e-02, 4.24999648e-02, 8.89604328e+01])]
Processing: /xdisk/rgutenk/sgibbon/dadi_msprime_pipeline/dadi_inference_results/allo_2epoch/params7/Collapsed_complex/optimization_allo_2epoch_T0.3_nu0.75_H0.2_master42_rep8.txt
gim_param_names:
['T_WGD', 'nu', 'H']
gim_best_params:
[0.3303236598044365, 0.7827381497924428, 0.1765388677064157]
['T_WGD', 'nu', 'H']
uncerts:
[6.70287099e-02 3.77799236e-02 3.49606335e-02 1.11654644e+02]
uncerts:
[7.85773374e-02 4.03809631e-02 3.50883278e-02 1.18683039e+02]
uncerts:
[7.90140909e-02 4.05697455e-02 3.51188153e-02 1.19135652e+02]
gim_uncerts:
[array([6.70287099e-02, 3.77799236e-02, 3.49606335e-02, 1.11654644e+02]), array([7.85773374e-02, 4.03809631e-02, 3.50883278e-02, 1.18683039e+02]), array([7.90140909e-02, 4.05697455e-02, 3.51188153e-02, 1.19135652e+02])]
Processing: /xdisk/rgutenk/sgibbon/dadi_msprime_pipeline/dadi_inference_results/allo_2epoch/params7/Collapsed_complex/optimization_allo_2epoch_T0.3_nu0.75_H0.2_master42_rep9.txt
gim_param_names:
['T_WGD', 'nu', 'H']
gim_best_params:
[0.4248946216108891, 0.7944332324149623, 0.2903113447175983]
['T_WGD', 'nu', 'H']
uncerts:
[7.40199291e-02 3.54281819e-02 3.64104474e-02 9.69262135e+01]
uncerts:
[8.36749864e-02 3.70066590e-02 3.75649364e-02 1.02813219e+02]
uncerts:
[8.22062765e-02 3.65647522e-02 3.72722198e-02 1.01488812e+02]
gim_uncerts:
[array([7.40199291e-02, 3.54281819e-02, 3.64104474e-02, 9.69262135e+01]), array([8.36749864e-02, 3.70066590e-02, 3.75649364e-02, 1.02813219e+02]), array([8.22062765e-02, 3.65647522e-02, 3.72722198e-02, 1.01488812e+02])]
Summary saved to: results_collapsed/full_summary.csv
Running LRT:
Computing LRT for: /xdisk/rgutenk/sgibbon/dadi_msprime_pipeline/msprime_tree_sequences/allo_2epoch/params7/allo_2epoch_T0.3_nu0.75_H0.2_master42_rep0.trees
Computing LRT for: /xdisk/rgutenk/sgibbon/dadi_msprime_pipeline/msprime_tree_sequences/allo_2epoch/params7/allo_2epoch_T0.3_nu0.75_H0.2_master42_rep1.trees
Computing LRT for: /xdisk/rgutenk/sgibbon/dadi_msprime_pipeline/msprime_tree_sequences/allo_2epoch/params7/allo_2epoch_T0.3_nu0.75_H0.2_master42_rep10.trees
Computing LRT for: /xdisk/rgutenk/sgibbon/dadi_msprime_pipeline/msprime_tree_sequences/allo_2epoch/params7/allo_2epoch_T0.3_nu0.75_H0.2_master42_rep11.trees
Computing LRT for: /xdisk/rgutenk/sgibbon/dadi_msprime_pipeline/msprime_tree_sequences/allo_2epoch/params7/allo_2epoch_T0.3_nu0.75_H0.2_master42_rep12.trees
Computing LRT for: /xdisk/rgutenk/sgibbon/dadi_msprime_pipeline/msprime_tree_sequences/allo_2epoch/params7/allo_2epoch_T0.3_nu0.75_H0.2_master42_rep13.trees
Computing LRT for: /xdisk/rgutenk/sgibbon/dadi_msprime_pipeline/msprime_tree_sequences/allo_2epoch/params7/allo_2epoch_T0.3_nu0.75_H0.2_master42_rep14.trees
Computing LRT for: /xdisk/rgutenk/sgibbon/dadi_msprime_pipeline/msprime_tree_sequences/allo_2epoch/params7/allo_2epoch_T0.3_nu0.75_H0.2_master42_rep15.trees
Computing LRT for: /xdisk/rgutenk/sgibbon/dadi_msprime_pipeline/msprime_tree_sequences/allo_2epoch/params7/allo_2epoch_T0.3_nu0.75_H0.2_master42_rep16.trees
Computing LRT for: /xdisk/rgutenk/sgibbon/dadi_msprime_pipeline/msprime_tree_sequences/allo_2epoch/params7/allo_2epoch_T0.3_nu0.75_H0.2_master42_rep17.trees
Computing LRT for: /xdisk/rgutenk/sgibbon/dadi_msprime_pipeline/msprime_tree_sequences/allo_2epoch/params7/allo_2epoch_T0.3_nu0.75_H0.2_master42_rep18.trees
Computing LRT for: /xdisk/rgutenk/sgibbon/dadi_msprime_pipeline/msprime_tree_sequences/allo_2epoch/params7/allo_2epoch_T0.3_nu0.75_H0.2_master42_rep19.trees
Computing LRT for: /xdisk/rgutenk/sgibbon/dadi_msprime_pipeline/msprime_tree_sequences/allo_2epoch/params7/allo_2epoch_T0.3_nu0.75_H0.2_master42_rep2.trees
Computing LRT for: /xdisk/rgutenk/sgibbon/dadi_msprime_pipeline/msprime_tree_sequences/allo_2epoch/params7/allo_2epoch_T0.3_nu0.75_H0.2_master42_rep20.trees
Computing LRT for: /xdisk/rgutenk/sgibbon/dadi_msprime_pipeline/msprime_tree_sequences/allo_2epoch/params7/allo_2epoch_T0.3_nu0.75_H0.2_master42_rep21.trees
Computing LRT for: /xdisk/rgutenk/sgibbon/dadi_msprime_pipeline/msprime_tree_sequences/allo_2epoch/params7/allo_2epoch_T0.3_nu0.75_H0.2_master42_rep22.trees
Computing LRT for: /xdisk/rgutenk/sgibbon/dadi_msprime_pipeline/msprime_tree_sequences/allo_2epoch/params7/allo_2epoch_T0.3_nu0.75_H0.2_master42_rep23.trees
Computing LRT for: /xdisk/rgutenk/sgibbon/dadi_msprime_pipeline/msprime_tree_sequences/allo_2epoch/params7/allo_2epoch_T0.3_nu0.75_H0.2_master42_rep24.trees
Computing LRT for: /xdisk/rgutenk/sgibbon/dadi_msprime_pipeline/msprime_tree_sequences/allo_2epoch/params7/allo_2epoch_T0.3_nu0.75_H0.2_master42_rep3.trees
Computing LRT for: /xdisk/rgutenk/sgibbon/dadi_msprime_pipeline/msprime_tree_sequences/allo_2epoch/params7/allo_2epoch_T0.3_nu0.75_H0.2_master42_rep4.trees
Computing LRT for: /xdisk/rgutenk/sgibbon/dadi_msprime_pipeline/msprime_tree_sequences/allo_2epoch/params7/allo_2epoch_T0.3_nu0.75_H0.2_master42_rep5.trees
Computing LRT for: /xdisk/rgutenk/sgibbon/dadi_msprime_pipeline/msprime_tree_sequences/allo_2epoch/params7/allo_2epoch_T0.3_nu0.75_H0.2_master42_rep6.trees
Computing LRT for: /xdisk/rgutenk/sgibbon/dadi_msprime_pipeline/msprime_tree_sequences/allo_2epoch/params7/allo_2epoch_T0.3_nu0.75_H0.2_master42_rep7.trees
Computing LRT for: /xdisk/rgutenk/sgibbon/dadi_msprime_pipeline/msprime_tree_sequences/allo_2epoch/params7/allo_2epoch_T0.3_nu0.75_H0.2_master42_rep8.trees
Computing LRT for: /xdisk/rgutenk/sgibbon/dadi_msprime_pipeline/msprime_tree_sequences/allo_2epoch/params7/allo_2epoch_T0.3_nu0.75_H0.2_master42_rep9.trees
LRT results saved to: results_collapsed/LRT.csv
==========================================
Job completed at: Thu Apr  2 19:30:20 MST 2026
==========================================
