==========================================
Start: Thu Apr  2 18:51:34 MST 2026
==========================================
Running nested uncertainties:
Using nested model for GIM: two_epoch_noHE
Processing: /xdisk/rgutenk/sgibbon/dadi_msprime_pipeline/dadi_inference_results/allo_2epoch/params8/Collapsed_folded_nested/optimization_allo_2epoch_T3_nu0.75_H0.2_master42_rep0.txt
gim_param_names:
['T_WGD', 'nu']
gim_best_params:
[0.1451822014136998, 0.3792966936552222]
['T_WGD', 'nu']
uncerts:
[2.02832715e-02 1.85349340e-02 1.00658725e+02]
uncerts:
[1.79606230e-02 1.82024040e-02 9.95828576e+01]
uncerts:
[1.60649294e-02 1.65007802e-02 9.92014278e+01]
gim_uncerts:
[array([2.02832715e-02, 1.85349340e-02, 1.00658725e+02]), array([1.79606230e-02, 1.82024040e-02, 9.95828576e+01]), array([1.60649294e-02, 1.65007802e-02, 9.92014278e+01])]
Processing: /xdisk/rgutenk/sgibbon/dadi_msprime_pipeline/dadi_inference_results/allo_2epoch/params8/Collapsed_folded_nested/optimization_allo_2epoch_T3_nu0.75_H0.2_master42_rep1.txt
gim_param_names:
['T_WGD', 'nu']
gim_best_params:
[0.1254848197443697, 0.3387215980753472]
['T_WGD', 'nu']
uncerts:
[1.70704786e-02 1.24499883e-02 1.36138236e+02]
uncerts:
[1.40308911e-02 1.16160057e-02 1.32419310e+02]
uncerts:
[1.35125993e-02 1.07036343e-02 1.31889136e+02]
gim_uncerts:
[array([1.70704786e-02, 1.24499883e-02, 1.36138236e+02]), array([1.40308911e-02, 1.16160057e-02, 1.32419310e+02]), array([1.35125993e-02, 1.07036343e-02, 1.31889136e+02])]
Processing: /xdisk/rgutenk/sgibbon/dadi_msprime_pipeline/dadi_inference_results/allo_2epoch/params8/Collapsed_folded_nested/optimization_allo_2epoch_T3_nu0.75_H0.2_master42_rep10.txt
gim_param_names:
['T_WGD', 'nu']
gim_best_params:
[0.1460855481190921, 0.3619950896067155]
['T_WGD', 'nu']
uncerts:
[1.93827807e-02 1.46421123e-02 9.93559332e+01]
uncerts:
[1.08721021e-02 8.62130616e-03 1.14782511e+02]
uncerts:
[1.44995272e-02 1.20357217e-02 9.77150253e+01]
gim_uncerts:
[array([1.93827807e-02, 1.46421123e-02, 9.93559332e+01]), array([1.08721021e-02, 8.62130616e-03, 1.14782511e+02]), array([1.44995272e-02, 1.20357217e-02, 9.77150253e+01])]
Processing: /xdisk/rgutenk/sgibbon/dadi_msprime_pipeline/dadi_inference_results/allo_2epoch/params8/Collapsed_folded_nested/optimization_allo_2epoch_T3_nu0.75_H0.2_master42_rep11.txt
gim_param_names:
['T_WGD', 'nu']
gim_best_params:
[0.1506749356350293, 0.3594480624492776]
['T_WGD', 'nu']
uncerts:
[2.67656546e-02 2.00099571e-02 1.03945549e+02]
uncerts:
[2.20792194e-02 1.69483011e-02 1.02868594e+02]
uncerts:
[3.04222255e-02 2.80790351e-02 1.01709804e+02]
gim_uncerts:
[array([2.67656546e-02, 2.00099571e-02, 1.03945549e+02]), array([2.20792194e-02, 1.69483011e-02, 1.02868594e+02]), array([3.04222255e-02, 2.80790351e-02, 1.01709804e+02])]
Processing: /xdisk/rgutenk/sgibbon/dadi_msprime_pipeline/dadi_inference_results/allo_2epoch/params8/Collapsed_folded_nested/optimization_allo_2epoch_T3_nu0.75_H0.2_master42_rep12.txt
gim_param_names:
['T_WGD', 'nu']
gim_best_params:
[0.1277542932598102, 0.3827205216387768]
['T_WGD', 'nu']
uncerts:
[1.72644141e-02 2.09863015e-02 1.09881179e+02]
uncerts:
[1.51660082e-02 2.07030674e-02 1.08039118e+02]
uncerts:
[1.99968656e-02 2.57358779e-02 1.06219612e+02]
gim_uncerts:
[array([1.72644141e-02, 2.09863015e-02, 1.09881179e+02]), array([1.51660082e-02, 2.07030674e-02, 1.08039118e+02]), array([1.99968656e-02, 2.57358779e-02, 1.06219612e+02])]
Processing: /xdisk/rgutenk/sgibbon/dadi_msprime_pipeline/dadi_inference_results/allo_2epoch/params8/Collapsed_folded_nested/optimization_allo_2epoch_T3_nu0.75_H0.2_master42_rep13.txt
gim_param_names:
['T_WGD', 'nu']
gim_best_params:
[0.1291163788232553, 0.4207147327256708]
['T_WGD', 'nu']
uncerts:
[1.72802178e-02 2.12887209e-02 1.16194718e+02]
uncerts:
[1.55828508e-02 2.15919011e-02 1.15311736e+02]
uncerts:
[2.04070695e-02 2.68700342e-02 1.16966336e+02]
gim_uncerts:
[array([1.72802178e-02, 2.12887209e-02, 1.16194718e+02]), array([1.55828508e-02, 2.15919011e-02, 1.15311736e+02]), array([2.04070695e-02, 2.68700342e-02, 1.16966336e+02])]
Processing: /xdisk/rgutenk/sgibbon/dadi_msprime_pipeline/dadi_inference_results/allo_2epoch/params8/Collapsed_folded_nested/optimization_allo_2epoch_T3_nu0.75_H0.2_master42_rep14.txt
gim_param_names:
['T_WGD', 'nu']
gim_best_params:
[0.1414106685809699, 0.3654547266008937]
['T_WGD', 'nu']
uncerts:
[2.22728959e-02 1.90417744e-02 1.25164105e+02]
uncerts:
[1.89490096e-02 1.80699753e-02 1.23128774e+02]
uncerts:
[1.91701272e-02 1.87698684e-02 1.23634588e+02]
gim_uncerts:
[array([2.22728959e-02, 1.90417744e-02, 1.25164105e+02]), array([1.89490096e-02, 1.80699753e-02, 1.23128774e+02]), array([1.91701272e-02, 1.87698684e-02, 1.23634588e+02])]
Processing: /xdisk/rgutenk/sgibbon/dadi_msprime_pipeline/dadi_inference_results/allo_2epoch/params8/Collapsed_folded_nested/optimization_allo_2epoch_T3_nu0.75_H0.2_master42_rep15.txt
gim_param_names:
['T_WGD', 'nu']
gim_best_params:
[0.1240555910137998, 0.3611979290815577]
['T_WGD', 'nu']
uncerts:
[1.70560184e-02 2.02129570e-02 1.05254177e+02]
uncerts:
[1.11494343e-02 1.39694998e-02 1.03362175e+02]
uncerts:
[1.30870229e-02 1.85901461e-02 1.02806600e+02]
gim_uncerts:
[array([1.70560184e-02, 2.02129570e-02, 1.05254177e+02]), array([1.11494343e-02, 1.39694998e-02, 1.03362175e+02]), array([1.30870229e-02, 1.85901461e-02, 1.02806600e+02])]
Processing: /xdisk/rgutenk/sgibbon/dadi_msprime_pipeline/dadi_inference_results/allo_2epoch/params8/Collapsed_folded_nested/optimization_allo_2epoch_T3_nu0.75_H0.2_master42_rep16.txt
gim_param_names:
['T_WGD', 'nu']
gim_best_params:
[0.1100036329067254, 0.3342857781088725]
['T_WGD', 'nu']
uncerts:
[1.83952840e-02 1.99903400e-02 1.25949462e+02]
uncerts:
[1.67489853e-02 1.95866683e-02 1.23190637e+02]
uncerts:
[1.36718342e-02 1.70014577e-02 1.25408523e+02]
gim_uncerts:
[array([1.83952840e-02, 1.99903400e-02, 1.25949462e+02]), array([1.67489853e-02, 1.95866683e-02, 1.23190637e+02]), array([1.36718342e-02, 1.70014577e-02, 1.25408523e+02])]
Processing: /xdisk/rgutenk/sgibbon/dadi_msprime_pipeline/dadi_inference_results/allo_2epoch/params8/Collapsed_folded_nested/optimization_allo_2epoch_T3_nu0.75_H0.2_master42_rep17.txt
gim_param_names:
['T_WGD', 'nu']
gim_best_params:
[0.1278520733726915, 0.3324635595277568]
['T_WGD', 'nu']
uncerts:
[1.78233429e-02 1.79500225e-02 1.20395496e+02]
uncerts:
[9.88964188e-03 1.02556370e-02 1.28426185e+02]
uncerts:
[1.18170531e-02 1.41505192e-02 1.18385880e+02]
gim_uncerts:
[array([1.78233429e-02, 1.79500225e-02, 1.20395496e+02]), array([9.88964188e-03, 1.02556370e-02, 1.28426185e+02]), array([1.18170531e-02, 1.41505192e-02, 1.18385880e+02])]
Processing: /xdisk/rgutenk/sgibbon/dadi_msprime_pipeline/dadi_inference_results/allo_2epoch/params8/Collapsed_folded_nested/optimization_allo_2epoch_T3_nu0.75_H0.2_master42_rep18.txt
gim_param_names:
['T_WGD', 'nu']
gim_best_params:
[0.1022738364656377, 0.3699042263200526]
['T_WGD', 'nu']
uncerts:
[1.97279783e-02 2.06901887e-02 1.06590728e+02]
uncerts:
[1.60334531e-02 1.60596738e-02 1.08163464e+02]
uncerts:
[2.00380845e-02 2.23341263e-02 1.03563578e+02]
gim_uncerts:
[array([1.97279783e-02, 2.06901887e-02, 1.06590728e+02]), array([1.60334531e-02, 1.60596738e-02, 1.08163464e+02]), array([2.00380845e-02, 2.23341263e-02, 1.03563578e+02])]
Processing: /xdisk/rgutenk/sgibbon/dadi_msprime_pipeline/dadi_inference_results/allo_2epoch/params8/Collapsed_folded_nested/optimization_allo_2epoch_T3_nu0.75_H0.2_master42_rep19.txt
gim_param_names:
['T_WGD', 'nu']
gim_best_params:
[0.1512230202111633, 0.4059181450007395]
['T_WGD', 'nu']
uncerts:
[1.95734738e-02 1.82065991e-02 1.06499244e+02]
uncerts:
[1.27719348e-02 1.28205951e-02 1.13863500e+02]
uncerts:
[1.53903399e-02 1.70251133e-02 1.06216682e+02]
gim_uncerts:
[array([1.95734738e-02, 1.82065991e-02, 1.06499244e+02]), array([1.27719348e-02, 1.28205951e-02, 1.13863500e+02]), array([1.53903399e-02, 1.70251133e-02, 1.06216682e+02])]
Processing: /xdisk/rgutenk/sgibbon/dadi_msprime_pipeline/dadi_inference_results/allo_2epoch/params8/Collapsed_folded_nested/optimization_allo_2epoch_T3_nu0.75_H0.2_master42_rep2.txt
gim_param_names:
['T_WGD', 'nu']
gim_best_params:
[0.0795595790006002, 0.3523610130387221]
['T_WGD', 'nu']
uncerts:
[1.67572995e-02 3.22606245e-02 8.48236424e+01]
uncerts:
[1.60302517e-02 3.02823768e-02 8.43824563e+01]
uncerts:
[7.59072754e-03 1.35431593e-02 8.04378236e+01]
gim_uncerts:
[array([1.67572995e-02, 3.22606245e-02, 8.48236424e+01]), array([1.60302517e-02, 3.02823768e-02, 8.43824563e+01]), array([7.59072754e-03, 1.35431593e-02, 8.04378236e+01])]
Processing: /xdisk/rgutenk/sgibbon/dadi_msprime_pipeline/dadi_inference_results/allo_2epoch/params8/Collapsed_folded_nested/optimization_allo_2epoch_T3_nu0.75_H0.2_master42_rep20.txt
gim_param_names:
['T_WGD', 'nu']
gim_best_params:
[0.1385056311852255, 0.4014818620333354]
['T_WGD', 'nu']
uncerts:
[2.31265995e-02 1.81552768e-02 1.02862175e+02]
uncerts:
[2.04108772e-02 1.74266353e-02 1.01111573e+02]
uncerts:
[1.94956423e-02 1.71861143e-02 1.02810834e+02]
gim_uncerts:
[array([2.31265995e-02, 1.81552768e-02, 1.02862175e+02]), array([2.04108772e-02, 1.74266353e-02, 1.01111573e+02]), array([1.94956423e-02, 1.71861143e-02, 1.02810834e+02])]
Processing: /xdisk/rgutenk/sgibbon/dadi_msprime_pipeline/dadi_inference_results/allo_2epoch/params8/Collapsed_folded_nested/optimization_allo_2epoch_T3_nu0.75_H0.2_master42_rep21.txt
gim_param_names:
['T_WGD', 'nu']
gim_best_params:
[0.1557165380782375, 0.3759375349349126]
['T_WGD', 'nu']
uncerts:
[1.97819920e-02 1.79667792e-02 8.97726823e+01]
uncerts:
[1.66597084e-02 1.72104041e-02 8.83626393e+01]
uncerts:
[1.48810176e-02 1.57874259e-02 8.90111453e+01]
gim_uncerts:
[array([1.97819920e-02, 1.79667792e-02, 8.97726823e+01]), array([1.66597084e-02, 1.72104041e-02, 8.83626393e+01]), array([1.48810176e-02, 1.57874259e-02, 8.90111453e+01])]
Processing: /xdisk/rgutenk/sgibbon/dadi_msprime_pipeline/dadi_inference_results/allo_2epoch/params8/Collapsed_folded_nested/optimization_allo_2epoch_T3_nu0.75_H0.2_master42_rep22.txt
gim_param_names:
['T_WGD', 'nu']
gim_best_params:
[0.1645658752851894, 0.3874181682673203]
['T_WGD', 'nu']
uncerts:
[2.68023246e-02 1.92470252e-02 1.28949184e+02]
uncerts:
[1.98599247e-02 1.55462960e-02 1.31235322e+02]
uncerts:
[2.12632073e-02 1.81611078e-02 1.28008199e+02]
gim_uncerts:
[array([2.68023246e-02, 1.92470252e-02, 1.28949184e+02]), array([1.98599247e-02, 1.55462960e-02, 1.31235322e+02]), array([2.12632073e-02, 1.81611078e-02, 1.28008199e+02])]
Processing: /xdisk/rgutenk/sgibbon/dadi_msprime_pipeline/dadi_inference_results/allo_2epoch/params8/Collapsed_folded_nested/optimization_allo_2epoch_T3_nu0.75_H0.2_master42_rep23.txt
gim_param_names:
['T_WGD', 'nu']
gim_best_params:
[0.0914924914770048, 0.3028568626912263]
['T_WGD', 'nu']
uncerts:
[1.50457770e-02 2.23818247e-02 1.22199435e+02]
uncerts:
[1.37579446e-02 2.17150480e-02 1.19706350e+02]
uncerts:
[1.11236891e-02 1.74772065e-02 1.20920534e+02]
gim_uncerts:
[array([1.50457770e-02, 2.23818247e-02, 1.22199435e+02]), array([1.37579446e-02, 2.17150480e-02, 1.19706350e+02]), array([1.11236891e-02, 1.74772065e-02, 1.20920534e+02])]
Processing: /xdisk/rgutenk/sgibbon/dadi_msprime_pipeline/dadi_inference_results/allo_2epoch/params8/Collapsed_folded_nested/optimization_allo_2epoch_T3_nu0.75_H0.2_master42_rep24.txt
gim_param_names:
['T_WGD', 'nu']
gim_best_params:
[0.1519282617183052, 0.3600644981996327]
['T_WGD', 'nu']
uncerts:
[2.23568048e-02 2.15508647e-02 1.25082205e+02]
uncerts:
[1.90162633e-02 2.10952957e-02 1.24056592e+02]
uncerts:
[2.11731058e-02 2.35314967e-02 1.27158263e+02]
gim_uncerts:
[array([2.23568048e-02, 2.15508647e-02, 1.25082205e+02]), array([1.90162633e-02, 2.10952957e-02, 1.24056592e+02]), array([2.11731058e-02, 2.35314967e-02, 1.27158263e+02])]
Processing: /xdisk/rgutenk/sgibbon/dadi_msprime_pipeline/dadi_inference_results/allo_2epoch/params8/Collapsed_folded_nested/optimization_allo_2epoch_T3_nu0.75_H0.2_master42_rep3.txt
gim_param_names:
['T_WGD', 'nu']
gim_best_params:
[0.0967218975574512, 0.2938199547837724]
['T_WGD', 'nu']
uncerts:
[1.80778275e-02 2.05134493e-02 8.88807379e+01]
uncerts:
[1.54350539e-02 1.86229219e-02 8.60777859e+01]
uncerts:
[1.59938991e-02 2.01569870e-02 8.70469998e+01]
gim_uncerts:
[array([1.80778275e-02, 2.05134493e-02, 8.88807379e+01]), array([1.54350539e-02, 1.86229219e-02, 8.60777859e+01]), array([1.59938991e-02, 2.01569870e-02, 8.70469998e+01])]
Processing: /xdisk/rgutenk/sgibbon/dadi_msprime_pipeline/dadi_inference_results/allo_2epoch/params8/Collapsed_folded_nested/optimization_allo_2epoch_T3_nu0.75_H0.2_master42_rep4.txt
gim_param_names:
['T_WGD', 'nu']
gim_best_params:
[0.1254185625277105, 0.3460525424308737]
['T_WGD', 'nu']
uncerts:
[2.21063120e-02 2.32566230e-02 1.11032624e+02]
uncerts:
[2.01198136e-02 2.20915662e-02 1.09954733e+02]
uncerts:
[2.09216953e-02 2.28895743e-02 1.08812149e+02]
gim_uncerts:
[array([2.21063120e-02, 2.32566230e-02, 1.11032624e+02]), array([2.01198136e-02, 2.20915662e-02, 1.09954733e+02]), array([2.09216953e-02, 2.28895743e-02, 1.08812149e+02])]
Processing: /xdisk/rgutenk/sgibbon/dadi_msprime_pipeline/dadi_inference_results/allo_2epoch/params8/Collapsed_folded_nested/optimization_allo_2epoch_T3_nu0.75_H0.2_master42_rep5.txt
gim_param_names:
['T_WGD', 'nu']
gim_best_params:
[0.143793256028111, 0.3613368486278804]
['T_WGD', 'nu']
uncerts:
[2.12117064e-02 1.14520748e-02 1.07505000e+02]
uncerts:
[1.76318571e-02 1.07903563e-02 1.04193387e+02]
uncerts:
[1.42809740e-02 9.48090058e-03 1.09111835e+02]
gim_uncerts:
[array([2.12117064e-02, 1.14520748e-02, 1.07505000e+02]), array([1.76318571e-02, 1.07903563e-02, 1.04193387e+02]), array([1.42809740e-02, 9.48090058e-03, 1.09111835e+02])]
Processing: /xdisk/rgutenk/sgibbon/dadi_msprime_pipeline/dadi_inference_results/allo_2epoch/params8/Collapsed_folded_nested/optimization_allo_2epoch_T3_nu0.75_H0.2_master42_rep6.txt
gim_param_names:
['T_WGD', 'nu']
gim_best_params:
[0.1260486019498257, 0.4006108076646774]
['T_WGD', 'nu']
uncerts:
[2.17814616e-02 2.13006358e-02 9.98029451e+01]
uncerts:
[2.03197849e-02 2.08046326e-02 9.89767648e+01]
uncerts:
[1.94675760e-02 2.02440841e-02 9.88725368e+01]
gim_uncerts:
[array([2.17814616e-02, 2.13006358e-02, 9.98029451e+01]), array([2.03197849e-02, 2.08046326e-02, 9.89767648e+01]), array([1.94675760e-02, 2.02440841e-02, 9.88725368e+01])]
Processing: /xdisk/rgutenk/sgibbon/dadi_msprime_pipeline/dadi_inference_results/allo_2epoch/params8/Collapsed_folded_nested/optimization_allo_2epoch_T3_nu0.75_H0.2_master42_rep7.txt
gim_param_names:
['T_WGD', 'nu']
gim_best_params:
[0.1427871774923817, 0.3662493636857803]
['T_WGD', 'nu']
uncerts:
[2.15380458e-02 2.29706126e-02 1.32256267e+02]
uncerts:
[1.89200886e-02 2.25670089e-02 1.30830911e+02]
uncerts:
[2.22989762e-02 2.58443100e-02 1.31288555e+02]
gim_uncerts:
[array([2.15380458e-02, 2.29706126e-02, 1.32256267e+02]), array([1.89200886e-02, 2.25670089e-02, 1.30830911e+02]), array([2.22989762e-02, 2.58443100e-02, 1.31288555e+02])]
Processing: /xdisk/rgutenk/sgibbon/dadi_msprime_pipeline/dadi_inference_results/allo_2epoch/params8/Collapsed_folded_nested/optimization_allo_2epoch_T3_nu0.75_H0.2_master42_rep8.txt
gim_param_names:
['T_WGD', 'nu']
gim_best_params:
[0.1437523911022952, 0.3962144584563995]
['T_WGD', 'nu']
uncerts:
[1.95045535e-02 2.29910866e-02 1.10910861e+02]
uncerts:
[1.71659743e-02 2.24878419e-02 1.09726983e+02]
uncerts:
[1.36035203e-02 1.84405856e-02 1.06329996e+02]
gim_uncerts:
[array([1.95045535e-02, 2.29910866e-02, 1.10910861e+02]), array([1.71659743e-02, 2.24878419e-02, 1.09726983e+02]), array([1.36035203e-02, 1.84405856e-02, 1.06329996e+02])]
Processing: /xdisk/rgutenk/sgibbon/dadi_msprime_pipeline/dadi_inference_results/allo_2epoch/params8/Collapsed_folded_nested/optimization_allo_2epoch_T3_nu0.75_H0.2_master42_rep9.txt
gim_param_names:
['T_WGD', 'nu']
gim_best_params:
[0.0774419112081538, 0.3354517548077317]
['T_WGD', 'nu']
uncerts:
[1.35245843e-02 2.59821614e-02 1.20199472e+02]
uncerts:
[1.35405430e-02 2.61974958e-02 1.20129065e+02]
uncerts:
[8.88290832e-03 1.70441503e-02 1.17307019e+02]
gim_uncerts:
[array([1.35245843e-02, 2.59821614e-02, 1.20199472e+02]), array([1.35405430e-02, 2.61974958e-02, 1.20129065e+02]), array([8.88290832e-03, 1.70441503e-02, 1.17307019e+02])]
Summary saved to: results_collapsed_folded/nested_summary.csv
Running full uncertainties:
Processing: /xdisk/rgutenk/sgibbon/dadi_msprime_pipeline/dadi_inference_results/allo_2epoch/params8/Collapsed_folded_complex/optimization_allo_2epoch_T3_nu0.75_H0.2_master42_rep0.txt
gim_param_names:
['T_WGD', 'nu', 'H']
gim_best_params:
[0.5558464247808995, 0.5202917817470066, 0.1947116168422188]
['T_WGD', 'nu', 'H']
uncerts:
[1.48753994e-01 2.83571762e-02 2.61168274e-02 1.60383003e+02]
uncerts:
[5.69070531e-01 1.32553208e-01 2.52447270e-02 6.67944414e+02]
uncerts:
[1.02499402e-01 2.33397263e-02 2.61624855e-02 1.36479379e+02]
gim_uncerts:
[array([1.48753994e-01, 2.83571762e-02, 2.61168274e-02, 1.60383003e+02]), array([5.69070531e-01, 1.32553208e-01, 2.52447270e-02, 6.67944414e+02]), array([1.02499402e-01, 2.33397263e-02, 2.61624855e-02, 1.36479379e+02])]
Processing: /xdisk/rgutenk/sgibbon/dadi_msprime_pipeline/dadi_inference_results/allo_2epoch/params8/Collapsed_folded_complex/optimization_allo_2epoch_T3_nu0.75_H0.2_master42_rep1.txt
gim_param_names:
['T_WGD', 'nu', 'H']
gim_best_params:
[6.121469948540391, 1.0396512799142816, 0.1376145311663473]
['T_WGD', 'nu', 'H']
uncerts:
[5.93353596e-01 5.74545232e-02 1.96588552e-02 1.25602611e+02]
uncerts:
[2.52892880e-01 6.57404579e-02 2.12229878e-02 1.45978888e+02]
uncerts:
[2.03276385e-02 8.87997076e-03 1.28722458e-02 5.47819995e+01]
gim_uncerts:
[array([5.93353596e-01, 5.74545232e-02, 1.96588552e-02, 1.25602611e+02]), array([2.52892880e-01, 6.57404579e-02, 2.12229878e-02, 1.45978888e+02]), array([2.03276385e-02, 8.87997076e-03, 1.28722458e-02, 5.47819995e+01])]
Processing: /xdisk/rgutenk/sgibbon/dadi_msprime_pipeline/dadi_inference_results/allo_2epoch/params8/Collapsed_folded_complex/optimization_allo_2epoch_T3_nu0.75_H0.2_master42_rep10.txt
gim_param_names:
['T_WGD', 'nu', 'H']
gim_best_params:
[0.658552302814701, 0.503480534122341, 0.2244046172426756]
['T_WGD', 'nu', 'H']
uncerts:
[2.11095670e-01 2.73039581e-02 3.62769139e-02 1.61449626e+02]
uncerts:
[3.77330853e-02 1.46119699e-02 3.72830024e-02 1.13771037e+02]
uncerts:
[2.28097580e-03 7.81750850e-03 3.33437194e-02 8.09077746e+01]
gim_uncerts:
[array([2.11095670e-01, 2.73039581e-02, 3.62769139e-02, 1.61449626e+02]), array([3.77330853e-02, 1.46119699e-02, 3.72830024e-02, 1.13771037e+02]), array([2.28097580e-03, 7.81750850e-03, 3.33437194e-02, 8.09077746e+01])]
Processing: /xdisk/rgutenk/sgibbon/dadi_msprime_pipeline/dadi_inference_results/allo_2epoch/params8/Collapsed_folded_complex/optimization_allo_2epoch_T3_nu0.75_H0.2_master42_rep11.txt
gim_param_names:
['T_WGD', 'nu', 'H']
gim_best_params:
[4.544554785988054, 1.002286481422862, 0.1183553802919301]
['T_WGD', 'nu', 'H']
uncerts:
[3.35397770e-01 5.09496817e-02 2.21539185e-02 8.88932620e+01]
uncerts:
[1.12587671e+00 2.51234567e-01 4.48892576e-02 6.70565990e+02]
uncerts:
[1.11609223e+00 2.46648746e-01 4.41649354e-02 6.59900538e+02]
gim_uncerts:
[array([3.35397770e-01, 5.09496817e-02, 2.21539185e-02, 8.88932620e+01]), array([1.12587671e+00, 2.51234567e-01, 4.48892576e-02, 6.70565990e+02]), array([1.11609223e+00, 2.46648746e-01, 4.41649354e-02, 6.59900538e+02])]
Processing: /xdisk/rgutenk/sgibbon/dadi_msprime_pipeline/dadi_inference_results/allo_2epoch/params8/Collapsed_folded_complex/optimization_allo_2epoch_T3_nu0.75_H0.2_master42_rep12.txt
gim_param_names:
['T_WGD', 'nu', 'H']
gim_best_params:
[9.707103594118744, 1.8116483413070932, 0.0790269969841188]
['T_WGD', 'nu', 'H']
uncerts:
[5.22894515e-01 9.25883613e-02 1.06809616e-02 5.45036457e+01]
uncerts:
[3.65840009e-01 9.65884466e-02 1.07907407e-02 6.35056109e+01]
uncerts:
[7.08115640e+00 1.29846553e+00 6.29333646e-02 1.17060001e+03]
gim_uncerts:
[array([5.22894515e-01, 9.25883613e-02, 1.06809616e-02, 5.45036457e+01]), array([3.65840009e-01, 9.65884466e-02, 1.07907407e-02, 6.35056109e+01]), array([7.08115640e+00, 1.29846553e+00, 6.29333646e-02, 1.17060001e+03])]
Processing: /xdisk/rgutenk/sgibbon/dadi_msprime_pipeline/dadi_inference_results/allo_2epoch/params8/Collapsed_folded_complex/optimization_allo_2epoch_T3_nu0.75_H0.2_master42_rep13.txt
gim_param_names:
['T_WGD', 'nu', 'H']
gim_best_params:
[9.999405183438384, 2.055756666936404, 0.0722334078236506]
['T_WGD', 'nu', 'H']
uncerts:
[1.54267355e-01 1.50176919e-01 1.13781725e-02 8.56553416e+01]
uncerts:
[2.26537079e-01 7.40694915e-02 8.46337502e-03 4.30877662e+01]
uncerts:
[1.11140425e-02 4.12705947e-03 6.07157871e-03 2.37759033e+01]
gim_uncerts:
[array([1.54267355e-01, 1.50176919e-01, 1.13781725e-02, 8.56553416e+01]), array([2.26537079e-01, 7.40694915e-02, 8.46337502e-03, 4.30877662e+01]), array([1.11140425e-02, 4.12705947e-03, 6.07157871e-03, 2.37759033e+01])]
Processing: /xdisk/rgutenk/sgibbon/dadi_msprime_pipeline/dadi_inference_results/allo_2epoch/params8/Collapsed_folded_complex/optimization_allo_2epoch_T3_nu0.75_H0.2_master42_rep14.txt
gim_param_names:
['T_WGD', 'nu', 'H']
gim_best_params:
[3.981095796138376, 0.9332339838749528, 0.1389676912500272]
['T_WGD', 'nu', 'H']
uncerts:
[4.44116069e-01 3.83439279e-02 1.88221833e-02 1.22980712e+02]
uncerts:
[6.75581628e-01 1.51217263e-01 3.53822578e-02 4.78129313e+02]
uncerts:
[7.14722334e-01 1.67140865e-01 3.94135844e-02 5.26684415e+02]
gim_uncerts:
[array([4.44116069e-01, 3.83439279e-02, 1.88221833e-02, 1.22980712e+02]), array([6.75581628e-01, 1.51217263e-01, 3.53822578e-02, 4.78129313e+02]), array([7.14722334e-01, 1.67140865e-01, 3.94135844e-02, 5.26684415e+02])]
Processing: /xdisk/rgutenk/sgibbon/dadi_msprime_pipeline/dadi_inference_results/allo_2epoch/params8/Collapsed_folded_complex/optimization_allo_2epoch_T3_nu0.75_H0.2_master42_rep15.txt
gim_param_names:
['T_WGD', 'nu', 'H']
gim_best_params:
[8.14661767747503, 1.2857496824507837, 0.1188425697240422]
['T_WGD', 'nu', 'H']
uncerts:
[5.68503853e-01 9.97780485e-02 1.81970572e-02 1.35477665e+02]
uncerts:
[2.97357129e-01 6.75209416e-02 1.47621440e-02 9.70618377e+01]
uncerts:
[1.06178712e-02 3.46389061e-03 9.50524416e-03 2.95680789e+01]
gim_uncerts:
[array([5.68503853e-01, 9.97780485e-02, 1.81970572e-02, 1.35477665e+02]), array([2.97357129e-01, 6.75209416e-02, 1.47621440e-02, 9.70618377e+01]), array([1.06178712e-02, 3.46389061e-03, 9.50524416e-03, 2.95680789e+01])]
Processing: /xdisk/rgutenk/sgibbon/dadi_msprime_pipeline/dadi_inference_results/allo_2epoch/params8/Collapsed_folded_complex/optimization_allo_2epoch_T3_nu0.75_H0.2_master42_rep16.txt
gim_param_names:
['T_WGD', 'nu', 'H']
gim_best_params:
[9.8735709075556, 1.4116728086110726, 0.110545064244479]
['T_WGD', 'nu', 'H']
uncerts:
[5.73861466e-01 1.22655826e-01 1.81640128e-02 1.40211838e+02]
uncerts:
[1.57068122e-01 1.20848598e-01 1.79861513e-02 1.46931974e+02]
uncerts:
[5.38003454e+00 7.70737288e-01 6.74237947e-02 1.09264643e+03]
gim_uncerts:
[array([5.73861466e-01, 1.22655826e-01, 1.81640128e-02, 1.40211838e+02]), array([1.57068122e-01, 1.20848598e-01, 1.79861513e-02, 1.46931974e+02]), array([5.38003454e+00, 7.70737288e-01, 6.74237947e-02, 1.09264643e+03])]
Processing: /xdisk/rgutenk/sgibbon/dadi_msprime_pipeline/dadi_inference_results/allo_2epoch/params8/Collapsed_folded_complex/optimization_allo_2epoch_T3_nu0.75_H0.2_master42_rep17.txt
gim_param_names:
['T_WGD', 'nu', 'H']
gim_best_params:
[4.279756016496172, 0.8129378888309399, 0.1764898227021299]
['T_WGD', 'nu', 'H']
uncerts:
[1.86391583e+00 1.56635898e-01 3.44015595e-02 7.30133026e+02]
uncerts:
[8.38378563e-02 4.96813780e-02 2.37331813e-02 1.64538716e+02]
uncerts:
[8.44434264e-02 1.88480482e-02 1.47177942e-02 7.28505176e+01]
gim_uncerts:
[array([1.86391583e+00, 1.56635898e-01, 3.44015595e-02, 7.30133026e+02]), array([8.38378563e-02, 4.96813780e-02, 2.37331813e-02, 1.64538716e+02]), array([8.44434264e-02, 1.88480482e-02, 1.47177942e-02, 7.28505176e+01])]
Processing: /xdisk/rgutenk/sgibbon/dadi_msprime_pipeline/dadi_inference_results/allo_2epoch/params8/Collapsed_folded_complex/optimization_allo_2epoch_T3_nu0.75_H0.2_master42_rep18.txt
gim_param_names:
['T_WGD', 'nu', 'H']
gim_best_params:
[8.009188471366375, 1.1757538318768914, 0.1463946593398521]
['T_WGD', 'nu', 'H']
uncerts:
[1.52313886e+00 9.06037469e-02 1.50345991e-02 1.97694694e+02]
uncerts:
[2.77682290e-01 6.94700365e-02 1.98638399e-02 1.23470338e+02]
uncerts:
[1.53814457e-02 4.40948204e-03 1.28461802e-02 4.02825996e+01]
gim_uncerts:
[array([1.52313886e+00, 9.06037469e-02, 1.50345991e-02, 1.97694694e+02]), array([2.77682290e-01, 6.94700365e-02, 1.98638399e-02, 1.23470338e+02]), array([1.53814457e-02, 4.40948204e-03, 1.28461802e-02, 4.02825996e+01])]
Processing: /xdisk/rgutenk/sgibbon/dadi_msprime_pipeline/dadi_inference_results/allo_2epoch/params8/Collapsed_folded_complex/optimization_allo_2epoch_T3_nu0.75_H0.2_master42_rep19.txt
gim_param_names:
['T_WGD', 'nu', 'H']
gim_best_params:
[0.6014873821543656, 0.5428576937680236, 0.2033299458161299]
['T_WGD', 'nu', 'H']
uncerts:
[1.44564281e-01 2.76338603e-02 3.37162018e-02 1.54488487e+02]
uncerts:
[2.52072454e-02 1.71561359e-02 3.39403992e-02 1.02176544e+02]
uncerts:
[2.08711400e-03 7.75282700e-03 3.11228921e-02 8.65127642e+01]
gim_uncerts:
[array([1.44564281e-01, 2.76338603e-02, 3.37162018e-02, 1.54488487e+02]), array([2.52072454e-02, 1.71561359e-02, 3.39403992e-02, 1.02176544e+02]), array([2.08711400e-03, 7.75282700e-03, 3.11228921e-02, 8.65127642e+01])]
Processing: /xdisk/rgutenk/sgibbon/dadi_msprime_pipeline/dadi_inference_results/allo_2epoch/params8/Collapsed_folded_complex/optimization_allo_2epoch_T3_nu0.75_H0.2_master42_rep2.txt
gim_param_names:
['T_WGD', 'nu', 'H']
gim_best_params:
[8.329012618134216, 1.4659220091801242, 0.1285022563386468]
['T_WGD', 'nu', 'H']
uncerts:
[7.93458301e-01 6.36389254e-02 1.32039124e-02 7.86550076e+01]
uncerts:
[2.83613673e-01 6.55386411e-02 1.45366831e-02 7.57428046e+01]
uncerts:
[2.32643286e+00 4.15194577e-01 4.37195019e-02 5.76646281e+02]
gim_uncerts:
[array([7.93458301e-01, 6.36389254e-02, 1.32039124e-02, 7.86550076e+01]), array([2.83613673e-01, 6.55386411e-02, 1.45366831e-02, 7.57428046e+01]), array([2.32643286e+00, 4.15194577e-01, 4.37195019e-02, 5.76646281e+02])]
Processing: /xdisk/rgutenk/sgibbon/dadi_msprime_pipeline/dadi_inference_results/allo_2epoch/params8/Collapsed_folded_complex/optimization_allo_2epoch_T3_nu0.75_H0.2_master42_rep20.txt
gim_param_names:
['T_WGD', 'nu', 'H']
gim_best_params:
[3.4911682959428743, 0.9289164871308848, 0.1493676199597165]
['T_WGD', 'nu', 'H']
uncerts:
[1.06826956e+00 1.27989313e-01 2.75793101e-02 4.77522837e+02]
uncerts:
[3.86207586e+00 5.44053772e-01 9.21982889e-02 1.96159413e+03]
uncerts:
[4.70919260e-01 1.22615968e-01 3.15660459e-02 3.92716699e+02]
gim_uncerts:
[array([1.06826956e+00, 1.27989313e-01, 2.75793101e-02, 4.77522837e+02]), array([3.86207586e+00, 5.44053772e-01, 9.21982889e-02, 1.96159413e+03]), array([4.70919260e-01, 1.22615968e-01, 3.15660459e-02, 3.92716699e+02])]
Processing: /xdisk/rgutenk/sgibbon/dadi_msprime_pipeline/dadi_inference_results/allo_2epoch/params8/Collapsed_folded_complex/optimization_allo_2epoch_T3_nu0.75_H0.2_master42_rep21.txt
gim_param_names:
['T_WGD', 'nu', 'H']
gim_best_params:
[9.94271479046343, 1.683123569938516, 0.075334715749582]
['T_WGD', 'nu', 'H']
uncerts:
[7.51110177e-01 4.23377503e-02 7.73976459e-03 3.46380809e+01]
uncerts:
[3.48794382e-01 7.41388234e-02 9.54444893e-03 5.59108150e+01]
uncerts:
[3.98575966e-01 6.28740067e-02 9.11926352e-03 4.62499492e+01]
gim_uncerts:
[array([7.51110177e-01, 4.23377503e-02, 7.73976459e-03, 3.46380809e+01]), array([3.48794382e-01, 7.41388234e-02, 9.54444893e-03, 5.59108150e+01]), array([3.98575966e-01, 6.28740067e-02, 9.11926352e-03, 4.62499492e+01])]
Processing: /xdisk/rgutenk/sgibbon/dadi_msprime_pipeline/dadi_inference_results/allo_2epoch/params8/Collapsed_folded_complex/optimization_allo_2epoch_T3_nu0.75_H0.2_master42_rep22.txt
gim_param_names:
['T_WGD', 'nu', 'H']
gim_best_params:
[5.674746309626086, 1.187724939191383, 0.1009193564546264]
['T_WGD', 'nu', 'H']
uncerts:
[5.94774150e-01 3.05845725e-02 1.18634331e-02 7.88886353e+01]
uncerts:
[1.42194443e+00 2.91372481e-01 3.23464617e-02 5.70540965e+02]
uncerts:
[1.61049735e+00 3.30034686e-01 3.59144566e-02 6.45726574e+02]
gim_uncerts:
[array([5.94774150e-01, 3.05845725e-02, 1.18634331e-02, 7.88886353e+01]), array([1.42194443e+00, 2.91372481e-01, 3.23464617e-02, 5.70540965e+02]), array([1.61049735e+00, 3.30034686e-01, 3.59144566e-02, 6.45726574e+02])]
Processing: /xdisk/rgutenk/sgibbon/dadi_msprime_pipeline/dadi_inference_results/allo_2epoch/params8/Collapsed_folded_complex/optimization_allo_2epoch_T3_nu0.75_H0.2_master42_rep23.txt
gim_param_names:
['T_WGD', 'nu', 'H']
gim_best_params:
[9.990401607977166, 1.1350134099789149, 0.1556365612198602]
['T_WGD', 'nu', 'H']
uncerts:
[7.83378429e+00 4.83531992e-01 5.96959025e-02 1.11271610e+03]
uncerts:
[9.92693752e+00 1.15025031e+00 1.69935420e-01 2.49886631e+03]
uncerts:
[3.09468395e+00 3.54454613e-01 5.70496364e-02 7.79346357e+02]
gim_uncerts:
[array([7.83378429e+00, 4.83531992e-01, 5.96959025e-02, 1.11271610e+03]), array([9.92693752e+00, 1.15025031e+00, 1.69935420e-01, 2.49886631e+03]), array([3.09468395e+00, 3.54454613e-01, 5.70496364e-02, 7.79346357e+02])]
Processing: /xdisk/rgutenk/sgibbon/dadi_msprime_pipeline/dadi_inference_results/allo_2epoch/params8/Collapsed_folded_complex/optimization_allo_2epoch_T3_nu0.75_H0.2_master42_rep24.txt
gim_param_names:
['T_WGD', 'nu', 'H']
gim_best_params:
[1.1100697408880331, 0.5500353123477029, 0.2170973884870904]
['T_WGD', 'nu', 'H']
uncerts:
[7.20207530e-01 8.39613565e-02 3.24196049e-02 6.50502177e+02]
uncerts:
[3.84164796e-02 2.48329334e-02 3.08125963e-02 1.72415516e+02]
uncerts:
[8.07335269e-02 3.67863329e-02 3.27458509e-02 2.55225881e+02]
gim_uncerts:
[array([7.20207530e-01, 8.39613565e-02, 3.24196049e-02, 6.50502177e+02]), array([3.84164796e-02, 2.48329334e-02, 3.08125963e-02, 1.72415516e+02]), array([8.07335269e-02, 3.67863329e-02, 3.27458509e-02, 2.55225881e+02])]
Processing: /xdisk/rgutenk/sgibbon/dadi_msprime_pipeline/dadi_inference_results/allo_2epoch/params8/Collapsed_folded_complex/optimization_allo_2epoch_T3_nu0.75_H0.2_master42_rep3.txt
gim_param_names:
['T_WGD', 'nu', 'H']
gim_best_params:
[0.3253592120280641, 0.4080291093092092, 0.3080116886820658]
['T_WGD', 'nu', 'H']
uncerts:
[5.96152691e-02 1.97906076e-02 6.49286559e-02 9.77417484e+01]
uncerts:
[1.20984043e-01 4.05132755e-02 6.45284579e-02 1.22301600e+02]
uncerts:
[9.90773632e-02 3.04423579e-02 6.50703280e-02 1.02828861e+02]
gim_uncerts:
[array([5.96152691e-02, 1.97906076e-02, 6.49286559e-02, 9.77417484e+01]), array([1.20984043e-01, 4.05132755e-02, 6.45284579e-02, 1.22301600e+02]), array([9.90773632e-02, 3.04423579e-02, 6.50703280e-02, 1.02828861e+02])]
Processing: /xdisk/rgutenk/sgibbon/dadi_msprime_pipeline/dadi_inference_results/allo_2epoch/params8/Collapsed_folded_complex/optimization_allo_2epoch_T3_nu0.75_H0.2_master42_rep4.txt
gim_param_names:
['T_WGD', 'nu', 'H']
gim_best_params:
[0.4347659992107633, 0.473398535465294, 0.2186683550301093]
['T_WGD', 'nu', 'H']
uncerts:
[7.68577882e-02 2.30140636e-02 4.16961146e-02 1.30524793e+02]
uncerts:
[5.59519182e-02 1.90527592e-02 4.16335593e-02 1.19454693e+02]
uncerts:
[5.83925899e-02 2.02410759e-02 4.13773931e-02 1.23480851e+02]
gim_uncerts:
[array([7.68577882e-02, 2.30140636e-02, 4.16961146e-02, 1.30524793e+02]), array([5.59519182e-02, 1.90527592e-02, 4.16335593e-02, 1.19454693e+02]), array([5.83925899e-02, 2.02410759e-02, 4.13773931e-02, 1.23480851e+02])]
Processing: /xdisk/rgutenk/sgibbon/dadi_msprime_pipeline/dadi_inference_results/allo_2epoch/params8/Collapsed_folded_complex/optimization_allo_2epoch_T3_nu0.75_H0.2_master42_rep5.txt
gim_param_names:
['T_WGD', 'nu', 'H']
gim_best_params:
[6.445379100269408, 1.253460508042869, 0.0991093637833028]
['T_WGD', 'nu', 'H']
uncerts:
[3.99356467e-01 5.49452536e-02 1.42204413e-02 7.92167726e+01]
uncerts:
[6.54866654e-02 4.96041883e-02 1.41047184e-02 7.36019810e+01]
uncerts:
[2.08228833e+00 4.02197708e-01 4.10715441e-02 7.06497852e+02]
gim_uncerts:
[array([3.99356467e-01, 5.49452536e-02, 1.42204413e-02, 7.92167726e+01]), array([6.54866654e-02, 4.96041883e-02, 1.41047184e-02, 7.36019810e+01]), array([2.08228833e+00, 4.02197708e-01, 4.10715441e-02, 7.06497852e+02])]
Processing: /xdisk/rgutenk/sgibbon/dadi_msprime_pipeline/dadi_inference_results/allo_2epoch/params8/Collapsed_folded_complex/optimization_allo_2epoch_T3_nu0.75_H0.2_master42_rep6.txt
gim_param_names:
['T_WGD', 'nu', 'H']
gim_best_params:
[5.231498657890275, 1.1777618935204155, 0.1230605747279855]
['T_WGD', 'nu', 'H']
uncerts:
[6.10285342e-01 3.05627771e-02 1.13746166e-02 6.96330378e+01]
uncerts:
[5.80793473e-01 1.69653277e-01 2.80599118e-02 3.43248139e+02]
uncerts:
[1.12013583e+00 2.51986615e-01 3.66886588e-02 5.24462847e+02]
gim_uncerts:
[array([6.10285342e-01, 3.05627771e-02, 1.13746166e-02, 6.96330378e+01]), array([5.80793473e-01, 1.69653277e-01, 2.80599118e-02, 3.43248139e+02]), array([1.12013583e+00, 2.51986615e-01, 3.66886588e-02, 5.24462847e+02])]
Processing: /xdisk/rgutenk/sgibbon/dadi_msprime_pipeline/dadi_inference_results/allo_2epoch/params8/Collapsed_folded_complex/optimization_allo_2epoch_T3_nu0.75_H0.2_master42_rep7.txt
gim_param_names:
['T_WGD', 'nu', 'H']
gim_best_params:
[0.6358253403349746, 0.5167448753234904, 0.2096186516223773]
['T_WGD', 'nu', 'H']
uncerts:
[1.99410798e-01 4.15987705e-02 3.09684937e-02 2.52267435e+02]
uncerts:
[8.58406945e-02 2.50384939e-02 3.15935426e-02 1.69170789e+02]
uncerts:
[1.05665116e-01 3.08018743e-02 3.11966998e-02 1.99046177e+02]
gim_uncerts:
[array([1.99410798e-01, 4.15987705e-02, 3.09684937e-02, 2.52267435e+02]), array([8.58406945e-02, 2.50384939e-02, 3.15935426e-02, 1.69170789e+02]), array([1.05665116e-01, 3.08018743e-02, 3.11966998e-02, 1.99046177e+02])]
Processing: /xdisk/rgutenk/sgibbon/dadi_msprime_pipeline/dadi_inference_results/allo_2epoch/params8/Collapsed_folded_complex/optimization_allo_2epoch_T3_nu0.75_H0.2_master42_rep8.txt
gim_param_names:
['T_WGD', 'nu', 'H']
gim_best_params:
[7.53951192700434, 1.40664094078166, 0.0982985246040246]
['T_WGD', 'nu', 'H']
uncerts:
[7.21901884e-01 6.05322664e-02 1.19850562e-02 5.20156305e+01]
uncerts:
[3.30899892e-01 9.75901803e-02 1.43418600e-02 1.08653812e+02]
uncerts:
[5.49124138e-02 2.13062144e-02 8.08823368e-03 4.13682759e+01]
gim_uncerts:
[array([7.21901884e-01, 6.05322664e-02, 1.19850562e-02, 5.20156305e+01]), array([3.30899892e-01, 9.75901803e-02, 1.43418600e-02, 1.08653812e+02]), array([5.49124138e-02, 2.13062144e-02, 8.08823368e-03, 4.13682759e+01])]
Processing: /xdisk/rgutenk/sgibbon/dadi_msprime_pipeline/dadi_inference_results/allo_2epoch/params8/Collapsed_folded_complex/optimization_allo_2epoch_T3_nu0.75_H0.2_master42_rep9.txt
gim_param_names:
['T_WGD', 'nu', 'H']
gim_best_params:
[9.999815851603609, 1.2418930879072518, 0.1614408968131558]
['T_WGD', 'nu', 'H']
uncerts:
[1.43713579e+00 8.47957615e-02 2.21595957e-02 1.33277025e+02]
uncerts:
[5.31574178e-02 2.16554211e-01 3.95039749e-02 3.79888576e+02]
uncerts:
[4.03251140e-03 8.78895020e-04 1.08750072e-02 4.07321707e+01]
gim_uncerts:
[array([1.43713579e+00, 8.47957615e-02, 2.21595957e-02, 1.33277025e+02]), array([5.31574178e-02, 2.16554211e-01, 3.95039749e-02, 3.79888576e+02]), array([4.03251140e-03, 8.78895020e-04, 1.08750072e-02, 4.07321707e+01])]
Summary saved to: results_collapsed_folded/full_summary.csv
Running LRT:
Computing LRT for: /xdisk/rgutenk/sgibbon/dadi_msprime_pipeline/msprime_tree_sequences/allo_2epoch/params8/allo_2epoch_T3_nu0.75_H0.2_master42_rep0.trees
Computing LRT for: /xdisk/rgutenk/sgibbon/dadi_msprime_pipeline/msprime_tree_sequences/allo_2epoch/params8/allo_2epoch_T3_nu0.75_H0.2_master42_rep1.trees
Computing LRT for: /xdisk/rgutenk/sgibbon/dadi_msprime_pipeline/msprime_tree_sequences/allo_2epoch/params8/allo_2epoch_T3_nu0.75_H0.2_master42_rep10.trees
Computing LRT for: /xdisk/rgutenk/sgibbon/dadi_msprime_pipeline/msprime_tree_sequences/allo_2epoch/params8/allo_2epoch_T3_nu0.75_H0.2_master42_rep11.trees
Computing LRT for: /xdisk/rgutenk/sgibbon/dadi_msprime_pipeline/msprime_tree_sequences/allo_2epoch/params8/allo_2epoch_T3_nu0.75_H0.2_master42_rep12.trees
Computing LRT for: /xdisk/rgutenk/sgibbon/dadi_msprime_pipeline/msprime_tree_sequences/allo_2epoch/params8/allo_2epoch_T3_nu0.75_H0.2_master42_rep13.trees
Computing LRT for: /xdisk/rgutenk/sgibbon/dadi_msprime_pipeline/msprime_tree_sequences/allo_2epoch/params8/allo_2epoch_T3_nu0.75_H0.2_master42_rep14.trees
Computing LRT for: /xdisk/rgutenk/sgibbon/dadi_msprime_pipeline/msprime_tree_sequences/allo_2epoch/params8/allo_2epoch_T3_nu0.75_H0.2_master42_rep15.trees
Computing LRT for: /xdisk/rgutenk/sgibbon/dadi_msprime_pipeline/msprime_tree_sequences/allo_2epoch/params8/allo_2epoch_T3_nu0.75_H0.2_master42_rep16.trees
Computing LRT for: /xdisk/rgutenk/sgibbon/dadi_msprime_pipeline/msprime_tree_sequences/allo_2epoch/params8/allo_2epoch_T3_nu0.75_H0.2_master42_rep17.trees
Computing LRT for: /xdisk/rgutenk/sgibbon/dadi_msprime_pipeline/msprime_tree_sequences/allo_2epoch/params8/allo_2epoch_T3_nu0.75_H0.2_master42_rep18.trees
Computing LRT for: /xdisk/rgutenk/sgibbon/dadi_msprime_pipeline/msprime_tree_sequences/allo_2epoch/params8/allo_2epoch_T3_nu0.75_H0.2_master42_rep19.trees
Computing LRT for: /xdisk/rgutenk/sgibbon/dadi_msprime_pipeline/msprime_tree_sequences/allo_2epoch/params8/allo_2epoch_T3_nu0.75_H0.2_master42_rep2.trees
Computing LRT for: /xdisk/rgutenk/sgibbon/dadi_msprime_pipeline/msprime_tree_sequences/allo_2epoch/params8/allo_2epoch_T3_nu0.75_H0.2_master42_rep20.trees
Computing LRT for: /xdisk/rgutenk/sgibbon/dadi_msprime_pipeline/msprime_tree_sequences/allo_2epoch/params8/allo_2epoch_T3_nu0.75_H0.2_master42_rep21.trees
Computing LRT for: /xdisk/rgutenk/sgibbon/dadi_msprime_pipeline/msprime_tree_sequences/allo_2epoch/params8/allo_2epoch_T3_nu0.75_H0.2_master42_rep22.trees
Computing LRT for: /xdisk/rgutenk/sgibbon/dadi_msprime_pipeline/msprime_tree_sequences/allo_2epoch/params8/allo_2epoch_T3_nu0.75_H0.2_master42_rep23.trees
Computing LRT for: /xdisk/rgutenk/sgibbon/dadi_msprime_pipeline/msprime_tree_sequences/allo_2epoch/params8/allo_2epoch_T3_nu0.75_H0.2_master42_rep24.trees
Computing LRT for: /xdisk/rgutenk/sgibbon/dadi_msprime_pipeline/msprime_tree_sequences/allo_2epoch/params8/allo_2epoch_T3_nu0.75_H0.2_master42_rep3.trees
Computing LRT for: /xdisk/rgutenk/sgibbon/dadi_msprime_pipeline/msprime_tree_sequences/allo_2epoch/params8/allo_2epoch_T3_nu0.75_H0.2_master42_rep4.trees
Computing LRT for: /xdisk/rgutenk/sgibbon/dadi_msprime_pipeline/msprime_tree_sequences/allo_2epoch/params8/allo_2epoch_T3_nu0.75_H0.2_master42_rep5.trees
Computing LRT for: /xdisk/rgutenk/sgibbon/dadi_msprime_pipeline/msprime_tree_sequences/allo_2epoch/params8/allo_2epoch_T3_nu0.75_H0.2_master42_rep6.trees
Computing LRT for: /xdisk/rgutenk/sgibbon/dadi_msprime_pipeline/msprime_tree_sequences/allo_2epoch/params8/allo_2epoch_T3_nu0.75_H0.2_master42_rep7.trees
Computing LRT for: /xdisk/rgutenk/sgibbon/dadi_msprime_pipeline/msprime_tree_sequences/allo_2epoch/params8/allo_2epoch_T3_nu0.75_H0.2_master42_rep8.trees
Computing LRT for: /xdisk/rgutenk/sgibbon/dadi_msprime_pipeline/msprime_tree_sequences/allo_2epoch/params8/allo_2epoch_T3_nu0.75_H0.2_master42_rep9.trees
LRT results saved to: results_collapsed_folded/LRT.csv
==========================================
Job completed at: Thu Apr  2 20:32:14 MST 2026
==========================================
