==========================================
Start: Thu Apr  2 18:46:28 MST 2026
==========================================
Running nested uncertainties:
Using nested model for GIM: two_epoch_noHE
Processing: /xdisk/rgutenk/sgibbon/dadi_msprime_pipeline/dadi_inference_results/allo_2epoch/params6/Full_nested/optimization_allo_2epoch_T30_nu0.75_H0.02_master42_rep0.txt
gim_param_names:
['T_WGD', 'nu']
gim_best_params:
[0.0638244477181916, 0.0367551944377493]
['T_WGD', 'nu']
uncerts:
[1.54888347e-02 5.98083304e-03 9.61759842e+02]
uncerts:
[1.54639205e-02 5.96837060e-03 9.62195598e+02]
uncerts:
[1.70494863e-02 6.83717372e-03 9.65083606e+02]
gim_uncerts:
[array([1.54888347e-02, 5.98083304e-03, 9.61759842e+02]), array([1.54639205e-02, 5.96837060e-03, 9.62195598e+02]), array([1.70494863e-02, 6.83717372e-03, 9.65083606e+02])]
Processing: /xdisk/rgutenk/sgibbon/dadi_msprime_pipeline/dadi_inference_results/allo_2epoch/params6/Full_nested/optimization_allo_2epoch_T30_nu0.75_H0.02_master42_rep1.txt
gim_param_names:
['T_WGD', 'nu']
gim_best_params:
[0.0988941715797706, 0.0488721608145194]
['T_WGD', 'nu']
uncerts:
[1.74370245e-02 4.74863938e-03 1.21200403e+03]
uncerts:
[1.63124366e-02 4.25199886e-03 1.22231979e+03]
uncerts:
[1.51863006e-02 3.71215489e-03 1.23138056e+03]
gim_uncerts:
[array([1.74370245e-02, 4.74863938e-03, 1.21200403e+03]), array([1.63124366e-02, 4.25199886e-03, 1.22231979e+03]), array([1.51863006e-02, 3.71215489e-03, 1.23138056e+03])]
Processing: /xdisk/rgutenk/sgibbon/dadi_msprime_pipeline/dadi_inference_results/allo_2epoch/params6/Full_nested/optimization_allo_2epoch_T30_nu0.75_H0.02_master42_rep10.txt
gim_param_names:
['T_WGD', 'nu']
gim_best_params:
[0.0963438291811688, 0.0449920531533444]
['T_WGD', 'nu']
uncerts:
[1.97643531e-02 5.35579965e-03 1.02748278e+03]
uncerts:
[2.01729295e-02 5.53384180e-03 1.02942120e+03]
uncerts:
[1.86995923e-02 4.92395662e-03 1.03152550e+03]
gim_uncerts:
[array([1.97643531e-02, 5.35579965e-03, 1.02748278e+03]), array([2.01729295e-02, 5.53384180e-03, 1.02942120e+03]), array([1.86995923e-02, 4.92395662e-03, 1.03152550e+03])]
Processing: /xdisk/rgutenk/sgibbon/dadi_msprime_pipeline/dadi_inference_results/allo_2epoch/params6/Full_nested/optimization_allo_2epoch_T30_nu0.75_H0.02_master42_rep11.txt
gim_param_names:
['T_WGD', 'nu']
gim_best_params:
[0.1149477879209373, 0.0542309927885197]
['T_WGD', 'nu']
uncerts:
[1.58318924e-02 4.67103738e-03 1.18742126e+03]
uncerts:
[1.34767245e-02 3.69991574e-03 1.16298674e+03]
uncerts:
[1.84601666e-02 5.73805750e-03 1.21701256e+03]
gim_uncerts:
[array([1.58318924e-02, 4.67103738e-03, 1.18742126e+03]), array([1.34767245e-02, 3.69991574e-03, 1.16298674e+03]), array([1.84601666e-02, 5.73805750e-03, 1.21701256e+03])]
Processing: /xdisk/rgutenk/sgibbon/dadi_msprime_pipeline/dadi_inference_results/allo_2epoch/params6/Full_nested/optimization_allo_2epoch_T30_nu0.75_H0.02_master42_rep12.txt
gim_param_names:
['T_WGD', 'nu']
gim_best_params:
[0.0767775453031199, 0.0430291084464278]
['T_WGD', 'nu']
uncerts:
[1.53075697e-02 5.66936378e-03 1.07549702e+03]
uncerts:
[1.14448243e-02 3.68245429e-03 1.04555709e+03]
uncerts:
[3.70563834e-02 1.69685087e-02 1.46068967e+03]
gim_uncerts:
[array([1.53075697e-02, 5.66936378e-03, 1.07549702e+03]), array([1.14448243e-02, 3.68245429e-03, 1.04555709e+03]), array([3.70563834e-02, 1.69685087e-02, 1.46068967e+03])]
Processing: /xdisk/rgutenk/sgibbon/dadi_msprime_pipeline/dadi_inference_results/allo_2epoch/params6/Full_nested/optimization_allo_2epoch_T30_nu0.75_H0.02_master42_rep13.txt
gim_param_names:
['T_WGD', 'nu']
gim_best_params:
[0.0735991330280896, 0.043579320943137]
['T_WGD', 'nu']
uncerts:
[1.48556400e-02 5.42682366e-03 1.23524783e+03]
uncerts:
[1.21349642e-02 3.96839046e-03 1.24433214e+03]
uncerts:
[1.42522287e-02 5.03317996e-03 1.24547122e+03]
gim_uncerts:
[array([1.48556400e-02, 5.42682366e-03, 1.23524783e+03]), array([1.21349642e-02, 3.96839046e-03, 1.24433214e+03]), array([1.42522287e-02, 5.03317996e-03, 1.24547122e+03])]
Processing: /xdisk/rgutenk/sgibbon/dadi_msprime_pipeline/dadi_inference_results/allo_2epoch/params6/Full_nested/optimization_allo_2epoch_T30_nu0.75_H0.02_master42_rep14.txt
gim_param_names:
['T_WGD', 'nu']
gim_best_params:
[0.1141693810856852, 0.0526915517523508]
['T_WGD', 'nu']
uncerts:
[2.59479083e-02 6.30898030e-03 1.28960899e+03]
uncerts:
[2.63615486e-02 6.47463615e-03 1.29135732e+03]
uncerts:
[2.49248097e-02 5.84744509e-03 1.28311629e+03]
gim_uncerts:
[array([2.59479083e-02, 6.30898030e-03, 1.28960899e+03]), array([2.63615486e-02, 6.47463615e-03, 1.29135732e+03]), array([2.49248097e-02, 5.84744509e-03, 1.28311629e+03])]
Processing: /xdisk/rgutenk/sgibbon/dadi_msprime_pipeline/dadi_inference_results/allo_2epoch/params6/Full_nested/optimization_allo_2epoch_T30_nu0.75_H0.02_master42_rep15.txt
gim_param_names:
['T_WGD', 'nu']
gim_best_params:
[0.1395980990169295, 0.059926733560356]
['T_WGD', 'nu']
uncerts:
[1.84434595e-02 4.80220924e-03 1.16757048e+03]
uncerts:
[1.98276721e-02 5.31178339e-03 1.18644315e+03]
uncerts:
[1.86693268e-02 4.86432309e-03 1.16930297e+03]
gim_uncerts:
[array([1.84434595e-02, 4.80220924e-03, 1.16757048e+03]), array([1.98276721e-02, 5.31178339e-03, 1.18644315e+03]), array([1.86693268e-02, 4.86432309e-03, 1.16930297e+03])]
Processing: /xdisk/rgutenk/sgibbon/dadi_msprime_pipeline/dadi_inference_results/allo_2epoch/params6/Full_nested/optimization_allo_2epoch_T30_nu0.75_H0.02_master42_rep16.txt
gim_param_names:
['T_WGD', 'nu']
gim_best_params:
[0.1214473255122967, 0.0513945174917097]
['T_WGD', 'nu']
uncerts:
[1.60361795e-02 3.32644034e-03 8.89245444e+02]
uncerts:
[1.57551447e-02 3.22270364e-03 8.92083934e+02]
uncerts:
[1.43549032e-02 2.70638532e-03 9.07128985e+02]
gim_uncerts:
[array([1.60361795e-02, 3.32644034e-03, 8.89245444e+02]), array([1.57551447e-02, 3.22270364e-03, 8.92083934e+02]), array([1.43549032e-02, 2.70638532e-03, 9.07128985e+02])]
Processing: /xdisk/rgutenk/sgibbon/dadi_msprime_pipeline/dadi_inference_results/allo_2epoch/params6/Full_nested/optimization_allo_2epoch_T30_nu0.75_H0.02_master42_rep17.txt
gim_param_names:
['T_WGD', 'nu']
gim_best_params:
[0.1621209950983773, 0.0661546792919765]
['T_WGD', 'nu']
uncerts:
[1.99211448e-02 3.86938151e-03 1.01416630e+03]
uncerts:
[2.04412230e-02 4.03798356e-03 1.01396079e+03]
uncerts:
[1.98043361e-02 3.79717997e-03 1.01314686e+03]
gim_uncerts:
[array([1.99211448e-02, 3.86938151e-03, 1.01416630e+03]), array([2.04412230e-02, 4.03798356e-03, 1.01396079e+03]), array([1.98043361e-02, 3.79717997e-03, 1.01314686e+03])]
Processing: /xdisk/rgutenk/sgibbon/dadi_msprime_pipeline/dadi_inference_results/allo_2epoch/params6/Full_nested/optimization_allo_2epoch_T30_nu0.75_H0.02_master42_rep18.txt
gim_param_names:
['T_WGD', 'nu']
gim_best_params:
[0.0940953194668626, 0.0476527564647414]
['T_WGD', 'nu']
uncerts:
[1.49408167e-02 4.39271638e-03 1.01915800e+03]
uncerts:
[1.79561325e-02 5.76721125e-03 1.03638542e+03]
uncerts:
[1.48970005e-02 4.31995255e-03 1.01565669e+03]
gim_uncerts:
[array([1.49408167e-02, 4.39271638e-03, 1.01915800e+03]), array([1.79561325e-02, 5.76721125e-03, 1.03638542e+03]), array([1.48970005e-02, 4.31995255e-03, 1.01565669e+03])]
Processing: /xdisk/rgutenk/sgibbon/dadi_msprime_pipeline/dadi_inference_results/allo_2epoch/params6/Full_nested/optimization_allo_2epoch_T30_nu0.75_H0.02_master42_rep19.txt
gim_param_names:
['T_WGD', 'nu']
gim_best_params:
[0.1002251277963219, 0.0461633747391463]
['T_WGD', 'nu']
uncerts:
[1.79381284e-02 4.77631888e-03 1.23166341e+03]
uncerts:
[1.77885748e-02 4.71608601e-03 1.23200949e+03]
uncerts:
[1.69837196e-02 4.40205511e-03 1.23422131e+03]
gim_uncerts:
[array([1.79381284e-02, 4.77631888e-03, 1.23166341e+03]), array([1.77885748e-02, 4.71608601e-03, 1.23200949e+03]), array([1.69837196e-02, 4.40205511e-03, 1.23422131e+03])]
Processing: /xdisk/rgutenk/sgibbon/dadi_msprime_pipeline/dadi_inference_results/allo_2epoch/params6/Full_nested/optimization_allo_2epoch_T30_nu0.75_H0.02_master42_rep2.txt
gim_param_names:
['T_WGD', 'nu']
gim_best_params:
[0.0613465129393265, 0.0375334405745622]
['T_WGD', 'nu']
uncerts:
[1.52802499e-02 6.08870488e-03 1.04254812e+03]
uncerts:
[1.67393917e-02 6.92357367e-03 1.04132077e+03]
uncerts:
[1.10382243e-02 3.69549457e-03 1.05916956e+03]
gim_uncerts:
[array([1.52802499e-02, 6.08870488e-03, 1.04254812e+03]), array([1.67393917e-02, 6.92357367e-03, 1.04132077e+03]), array([1.10382243e-02, 3.69549457e-03, 1.05916956e+03])]
Processing: /xdisk/rgutenk/sgibbon/dadi_msprime_pipeline/dadi_inference_results/allo_2epoch/params6/Full_nested/optimization_allo_2epoch_T30_nu0.75_H0.02_master42_rep20.txt
gim_param_names:
['T_WGD', 'nu']
gim_best_params:
[0.127391834937823, 0.0537680823356138]
['T_WGD', 'nu']
uncerts:
[1.34270122e-02 2.70778515e-03 9.04223258e+02]
uncerts:
[1.41827558e-02 2.97434078e-03 8.99167252e+02]
uncerts:
[1.34428616e-02 2.68704026e-03 9.04578055e+02]
gim_uncerts:
[array([1.34270122e-02, 2.70778515e-03, 9.04223258e+02]), array([1.41827558e-02, 2.97434078e-03, 8.99167252e+02]), array([1.34428616e-02, 2.68704026e-03, 9.04578055e+02])]
Processing: /xdisk/rgutenk/sgibbon/dadi_msprime_pipeline/dadi_inference_results/allo_2epoch/params6/Full_nested/optimization_allo_2epoch_T30_nu0.75_H0.02_master42_rep21.txt
gim_param_names:
['T_WGD', 'nu']
gim_best_params:
[0.1139878766100475, 0.0506806167606021]
['T_WGD', 'nu']
uncerts:
[1.50258124e-02 3.70301478e-03 1.29043456e+03]
uncerts:
[1.57903661e-02 4.00227893e-03 1.29159919e+03]
uncerts:
[1.66885856e-02 4.32117475e-03 1.29228924e+03]
gim_uncerts:
[array([1.50258124e-02, 3.70301478e-03, 1.29043456e+03]), array([1.57903661e-02, 4.00227893e-03, 1.29159919e+03]), array([1.66885856e-02, 4.32117475e-03, 1.29228924e+03])]
Processing: /xdisk/rgutenk/sgibbon/dadi_msprime_pipeline/dadi_inference_results/allo_2epoch/params6/Full_nested/optimization_allo_2epoch_T30_nu0.75_H0.02_master42_rep22.txt
gim_param_names:
['T_WGD', 'nu']
gim_best_params:
[0.1042913860786883, 0.0469757783806077]
['T_WGD', 'nu']
uncerts:
[2.02954375e-02 5.43735561e-03 1.07721851e+03]
uncerts:
[1.81370043e-02 4.57137904e-03 1.06450820e+03]
uncerts:
[1.33633711e-02 2.76624873e-03 1.04715860e+03]
gim_uncerts:
[array([2.02954375e-02, 5.43735561e-03, 1.07721851e+03]), array([1.81370043e-02, 4.57137904e-03, 1.06450820e+03]), array([1.33633711e-02, 2.76624873e-03, 1.04715860e+03])]
Processing: /xdisk/rgutenk/sgibbon/dadi_msprime_pipeline/dadi_inference_results/allo_2epoch/params6/Full_nested/optimization_allo_2epoch_T30_nu0.75_H0.02_master42_rep23.txt
gim_param_names:
['T_WGD', 'nu']
gim_best_params:
[0.1040793827124478, 0.0542328852295033]
['T_WGD', 'nu']
uncerts:
[1.59909808e-02 4.80064168e-03 9.67323214e+02]
uncerts:
[1.51842884e-02 4.43137082e-03 9.66393178e+02]
uncerts:
[1.58134146e-02 4.68160660e-03 9.71410118e+02]
gim_uncerts:
[array([1.59909808e-02, 4.80064168e-03, 9.67323214e+02]), array([1.51842884e-02, 4.43137082e-03, 9.66393178e+02]), array([1.58134146e-02, 4.68160660e-03, 9.71410118e+02])]
Processing: /xdisk/rgutenk/sgibbon/dadi_msprime_pipeline/dadi_inference_results/allo_2epoch/params6/Full_nested/optimization_allo_2epoch_T30_nu0.75_H0.02_master42_rep24.txt
gim_param_names:
['T_WGD', 'nu']
gim_best_params:
[0.0771837341727017, 0.0385974053527376]
['T_WGD', 'nu']
uncerts:
[1.50698420e-02 4.48632133e-03 1.29273567e+03]
uncerts:
[1.34765133e-02 3.75887004e-03 1.31259977e+03]
uncerts:
[7.14389610e-02 3.55561411e-02 3.76058438e+03]
gim_uncerts:
[array([1.50698420e-02, 4.48632133e-03, 1.29273567e+03]), array([1.34765133e-02, 3.75887004e-03, 1.31259977e+03]), array([7.14389610e-02, 3.55561411e-02, 3.76058438e+03])]
Processing: /xdisk/rgutenk/sgibbon/dadi_msprime_pipeline/dadi_inference_results/allo_2epoch/params6/Full_nested/optimization_allo_2epoch_T30_nu0.75_H0.02_master42_rep3.txt
gim_param_names:
['T_WGD', 'nu']
gim_best_params:
[0.0814476968602697, 0.0411406085172787]
['T_WGD', 'nu']
uncerts:
[1.39265663e-02 4.25705935e-03 1.07024313e+03]
uncerts:
[1.22893294e-02 3.50792257e-03 1.07596922e+03]
uncerts:
[7.34696125e-02 3.19928208e-02 2.26473358e+03]
gim_uncerts:
[array([1.39265663e-02, 4.25705935e-03, 1.07024313e+03]), array([1.22893294e-02, 3.50792257e-03, 1.07596922e+03]), array([7.34696125e-02, 3.19928208e-02, 2.26473358e+03])]
Processing: /xdisk/rgutenk/sgibbon/dadi_msprime_pipeline/dadi_inference_results/allo_2epoch/params6/Full_nested/optimization_allo_2epoch_T30_nu0.75_H0.02_master42_rep4.txt
gim_param_names:
['T_WGD', 'nu']
gim_best_params:
[0.0874386069286639, 0.0467750404897161]
['T_WGD', 'nu']
uncerts:
[1.69064940e-02 5.73256614e-03 1.06634255e+03]
uncerts:
[1.62681535e-02 5.41840368e-03 1.06073523e+03]
uncerts:
[1.65317481e-02 5.53696292e-03 1.06055334e+03]
gim_uncerts:
[array([1.69064940e-02, 5.73256614e-03, 1.06634255e+03]), array([1.62681535e-02, 5.41840368e-03, 1.06073523e+03]), array([1.65317481e-02, 5.53696292e-03, 1.06055334e+03])]
Processing: /xdisk/rgutenk/sgibbon/dadi_msprime_pipeline/dadi_inference_results/allo_2epoch/params6/Full_nested/optimization_allo_2epoch_T30_nu0.75_H0.02_master42_rep5.txt
gim_param_names:
['T_WGD', 'nu']
gim_best_params:
[0.0967862722440519, 0.0468917675770599]
['T_WGD', 'nu']
uncerts:
[1.82725003e-02 5.27182177e-03 1.02936420e+03]
uncerts:
[1.54903355e-02 4.06149438e-03 1.01523158e+03]
uncerts:
[7.43678585e-03 9.13401932e-04 1.00547550e+03]
gim_uncerts:
[array([1.82725003e-02, 5.27182177e-03, 1.02936420e+03]), array([1.54903355e-02, 4.06149438e-03, 1.01523158e+03]), array([7.43678585e-03, 9.13401932e-04, 1.00547550e+03])]
Processing: /xdisk/rgutenk/sgibbon/dadi_msprime_pipeline/dadi_inference_results/allo_2epoch/params6/Full_nested/optimization_allo_2epoch_T30_nu0.75_H0.02_master42_rep6.txt
gim_param_names:
['T_WGD', 'nu']
gim_best_params:
[0.1088041474770372, 0.0482873564095964]
['T_WGD', 'nu']
uncerts:
[1.39307731e-02 3.77722333e-03 1.47266292e+03]
uncerts:
[1.51006507e-02 4.22178971e-03 1.48157486e+03]
uncerts:
[1.38219219e-02 3.70669072e-03 1.47200114e+03]
gim_uncerts:
[array([1.39307731e-02, 3.77722333e-03, 1.47266292e+03]), array([1.51006507e-02, 4.22178971e-03, 1.48157486e+03]), array([1.38219219e-02, 3.70669072e-03, 1.47200114e+03])]
Processing: /xdisk/rgutenk/sgibbon/dadi_msprime_pipeline/dadi_inference_results/allo_2epoch/params6/Full_nested/optimization_allo_2epoch_T30_nu0.75_H0.02_master42_rep7.txt
gim_param_names:
['T_WGD', 'nu']
gim_best_params:
[0.10381349648322, 0.0476527670957993]
['T_WGD', 'nu']
uncerts:
[9.80148957e-03 2.78355764e-03 1.06954371e+03]
uncerts:
[1.10425582e-02 3.27800264e-03 1.07290138e+03]
uncerts:
[9.72330642e-03 2.70504596e-03 1.06777510e+03]
gim_uncerts:
[array([9.80148957e-03, 2.78355764e-03, 1.06954371e+03]), array([1.10425582e-02, 3.27800264e-03, 1.07290138e+03]), array([9.72330642e-03, 2.70504596e-03, 1.06777510e+03])]
Processing: /xdisk/rgutenk/sgibbon/dadi_msprime_pipeline/dadi_inference_results/allo_2epoch/params6/Full_nested/optimization_allo_2epoch_T30_nu0.75_H0.02_master42_rep8.txt
gim_param_names:
['T_WGD', 'nu']
gim_best_params:
[0.1076895378945562, 0.0506644336398563]
['T_WGD', 'nu']
uncerts:
[1.91637084e-02 5.24545383e-03 9.73376275e+02]
uncerts:
[1.97425237e-02 5.48962866e-03 9.79194846e+02]
uncerts:
[1.84122179e-02 4.91738152e-03 9.65869933e+02]
gim_uncerts:
[array([1.91637084e-02, 5.24545383e-03, 9.73376275e+02]), array([1.97425237e-02, 5.48962866e-03, 9.79194846e+02]), array([1.84122179e-02, 4.91738152e-03, 9.65869933e+02])]
Processing: /xdisk/rgutenk/sgibbon/dadi_msprime_pipeline/dadi_inference_results/allo_2epoch/params6/Full_nested/optimization_allo_2epoch_T30_nu0.75_H0.02_master42_rep9.txt
gim_param_names:
['T_WGD', 'nu']
gim_best_params:
[0.0845066132395945, 0.0423882709645448]
['T_WGD', 'nu']
uncerts:
[1.89717420e-02 5.64666989e-03 1.31929893e+03]
uncerts:
[3.15235418e-02 1.14242085e-02 1.30702961e+03]
uncerts:
[2.22332425e-02 7.09765897e-03 1.30730340e+03]
gim_uncerts:
[array([1.89717420e-02, 5.64666989e-03, 1.31929893e+03]), array([3.15235418e-02, 1.14242085e-02, 1.30702961e+03]), array([2.22332425e-02, 7.09765897e-03, 1.30730340e+03])]
Summary saved to: results_base/nested_summary.csv
Running full uncertainties:
Processing: /xdisk/rgutenk/sgibbon/dadi_msprime_pipeline/dadi_inference_results/allo_2epoch/params6/Full_complex/optimization_allo_2epoch_T30_nu0.75_H0.02_master42_rep0.txt
gim_param_names:
['T_WGD', 'nu', 'H']
gim_best_params:
[49.99966869155862, 0.3183270075422343, 0.068208603820419]
['T_WGD', 'nu', 'H']
uncerts:
[6.81257350e+01 3.51537059e-01 7.87230489e-02 1.03377666e+04]
uncerts:
[3.11680852e+00 1.96256982e-02 1.12578957e-02 1.27444911e+03]
uncerts:
[2.39662646e+00 1.15271808e-02 4.77003425e-03 4.31527209e+02]
gim_uncerts:
[array([6.81257350e+01, 3.51537059e-01, 7.87230489e-02, 1.03377666e+04]), array([3.11680852e+00, 1.96256982e-02, 1.12578957e-02, 1.27444911e+03]), array([2.39662646e+00, 1.15271808e-02, 4.77003425e-03, 4.31527209e+02])]
Processing: /xdisk/rgutenk/sgibbon/dadi_msprime_pipeline/dadi_inference_results/allo_2epoch/params6/Full_complex/optimization_allo_2epoch_T30_nu0.75_H0.02_master42_rep1.txt
gim_param_names:
['T_WGD', 'nu', 'H']
gim_best_params:
[30.97892674383316, 0.8289809413215132, 0.0179881715510875]
['T_WGD', 'nu', 'H']
uncerts:
[5.31995497e+00 8.66618988e-02 5.37450925e-03 3.47947834e+02]
uncerts:
[2.78688188e+00 8.46669238e-02 5.90664315e-03 3.03621840e+02]
uncerts:
[1.28815795e+00 1.04600659e-01 6.19504674e-03 4.13404829e+02]
gim_uncerts:
[array([5.31995497e+00, 8.66618988e-02, 5.37450925e-03, 3.47947834e+02]), array([2.78688188e+00, 8.46669238e-02, 5.90664315e-03, 3.03621840e+02]), array([1.28815795e+00, 1.04600659e-01, 6.19504674e-03, 4.13404829e+02])]
Processing: /xdisk/rgutenk/sgibbon/dadi_msprime_pipeline/dadi_inference_results/allo_2epoch/params6/Full_complex/optimization_allo_2epoch_T30_nu0.75_H0.02_master42_rep10.txt
gim_param_names:
['T_WGD', 'nu', 'H']
gim_best_params:
[40.56551718928092, 0.9405428068134136, 0.0143400734458331]
['T_WGD', 'nu', 'H']
uncerts:
[1.06695257e+01 1.41972322e-01 4.76742691e-03 4.41374048e+02]
uncerts:
[9.85576546e+01 2.40704002e+00 4.02684039e-02 7.83559550e+03]
uncerts:
[1.09503328e+01 1.14475628e-01 1.54929637e-03 3.20952772e+02]
gim_uncerts:
[array([1.06695257e+01, 1.41972322e-01, 4.76742691e-03, 4.41374048e+02]), array([9.85576546e+01, 2.40704002e+00, 4.02684039e-02, 7.83559550e+03]), array([1.09503328e+01, 1.14475628e-01, 1.54929637e-03, 3.20952772e+02])]
Processing: /xdisk/rgutenk/sgibbon/dadi_msprime_pipeline/dadi_inference_results/allo_2epoch/params6/Full_complex/optimization_allo_2epoch_T30_nu0.75_H0.02_master42_rep11.txt
gim_param_names:
['T_WGD', 'nu', 'H']
gim_best_params:
[33.87167315628307, 1.1133227972766642, 0.0112468597305083]
['T_WGD', 'nu', 'H']
uncerts:
[2.61752244e+00 5.34335881e-02 2.37732870e-03 1.29076157e+02]
uncerts:
[1.40719525e+00 5.03754700e-02 2.41652989e-03 1.32494768e+02]
uncerts:
[1.45333987e-01 5.22146228e-03 1.78802360e-03 1.16676546e+02]
gim_uncerts:
[array([2.61752244e+00, 5.34335881e-02, 2.37732870e-03, 1.29076157e+02]), array([1.40719525e+00, 5.03754700e-02, 2.41652989e-03, 1.32494768e+02]), array([1.45333987e-01, 5.22146228e-03, 1.78802360e-03, 1.16676546e+02])]
Processing: /xdisk/rgutenk/sgibbon/dadi_msprime_pipeline/dadi_inference_results/allo_2epoch/params6/Full_complex/optimization_allo_2epoch_T30_nu0.75_H0.02_master42_rep12.txt
gim_param_names:
['T_WGD', 'nu', 'H']
gim_best_params:
[50.0, 1.008065433629519, 0.0198143417346257]
['T_WGD', 'nu', 'H']
uncerts:
[2.58543482e+01 2.02652366e-01 3.89229356e-03 6.24939182e+02]
uncerts:
[4.87475373e+00 1.03674464e-01 4.89030019e-03 3.89142630e+02]
uncerts:
[1.17504255e-01 2.46215535e-03 2.40676145e-03 2.02862859e+02]
gim_uncerts:
[array([2.58543482e+01, 2.02652366e-01, 3.89229356e-03, 6.24939182e+02]), array([4.87475373e+00, 1.03674464e-01, 4.89030019e-03, 3.89142630e+02]), array([1.17504255e-01, 2.46215535e-03, 2.40676145e-03, 2.02862859e+02])]
Processing: /xdisk/rgutenk/sgibbon/dadi_msprime_pipeline/dadi_inference_results/allo_2epoch/params6/Full_complex/optimization_allo_2epoch_T30_nu0.75_H0.02_master42_rep13.txt
gim_param_names:
['T_WGD', 'nu', 'H']
gim_best_params:
[48.74196597281979, 0.6890687017448759, 0.0332673732062444]
['T_WGD', 'nu', 'H']
uncerts:
[3.11128854e+01 3.33432534e-01 2.23572767e-02 2.15799851e+03]
uncerts:
[2.15412625e+00 3.30252778e-02 6.24354696e-03 5.42121382e+02]
uncerts:
[2.67869649e-02 3.93955305e-04 4.64132705e-03 3.67632717e+02]
gim_uncerts:
[array([3.11128854e+01, 3.33432534e-01, 2.23572767e-02, 2.15799851e+03]), array([2.15412625e+00, 3.30252778e-02, 6.24354696e-03, 5.42121382e+02]), array([2.67869649e-02, 3.93955305e-04, 4.64132705e-03, 3.67632717e+02])]
Processing: /xdisk/rgutenk/sgibbon/dadi_msprime_pipeline/dadi_inference_results/allo_2epoch/params6/Full_complex/optimization_allo_2epoch_T30_nu0.75_H0.02_master42_rep14.txt
gim_param_names:
['T_WGD', 'nu', 'H']
gim_best_params:
[46.92133585409468, 1.44178501177674, 0.0083834029744993]
['T_WGD', 'nu', 'H']
uncerts:
[2.87288828e+00 1.30971233e-01 3.54333167e-03 1.99832472e+02]
uncerts:
[2.85666611e+00 1.00458977e-01 3.31477478e-03 1.75044663e+02]
uncerts:
[1.39571266e-01 6.20359895e-03 2.49199203e-03 1.53997731e+02]
gim_uncerts:
[array([2.87288828e+00, 1.30971233e-01, 3.54333167e-03, 1.99832472e+02]), array([2.85666611e+00, 1.00458977e-01, 3.31477478e-03, 1.75044663e+02]), array([1.39571266e-01, 6.20359895e-03, 2.49199203e-03, 1.53997731e+02])]
Processing: /xdisk/rgutenk/sgibbon/dadi_msprime_pipeline/dadi_inference_results/allo_2epoch/params6/Full_complex/optimization_allo_2epoch_T30_nu0.75_H0.02_master42_rep15.txt
gim_param_names:
['T_WGD', 'nu', 'H']
gim_best_params:
[32.08559962909551, 1.142747139788496, 0.0083978067958971]
['T_WGD', 'nu', 'H']
uncerts:
[1.74274737e+00 3.18003817e-02 1.78006891e-03 6.39718301e+01]
uncerts:
[3.85363147e+00 4.61291262e-02 1.37734811e-03 1.24395021e+02]
uncerts:
[3.69525181e-01 1.78455835e-02 1.63604544e-03 1.04702040e+02]
gim_uncerts:
[array([1.74274737e+00, 3.18003817e-02, 1.78006891e-03, 6.39718301e+01]), array([3.85363147e+00, 4.61291262e-02, 1.37734811e-03, 1.24395021e+02]), array([3.69525181e-01, 1.78455835e-02, 1.63604544e-03, 1.04702040e+02])]
Processing: /xdisk/rgutenk/sgibbon/dadi_msprime_pipeline/dadi_inference_results/allo_2epoch/params6/Full_complex/optimization_allo_2epoch_T30_nu0.75_H0.02_master42_rep16.txt
gim_param_names:
['T_WGD', 'nu', 'H']
gim_best_params:
[49.67840080960945, 1.4396992154271426, 0.0068459120373924]
['T_WGD', 'nu', 'H']
uncerts:
[3.26828582e+00 3.93760945e-02 1.66108372e-03 4.47363830e+01]
uncerts:
[1.83631437e+00 5.56392301e-02 1.76353899e-03 7.75379502e+01]
uncerts:
[1.25155773e+01 3.40689510e-01 1.41925144e-03 4.59480784e+02]
gim_uncerts:
[array([3.26828582e+00, 3.93760945e-02, 1.66108372e-03, 4.47363830e+01]), array([1.83631437e+00, 5.56392301e-02, 1.76353899e-03, 7.75379502e+01]), array([1.25155773e+01, 3.40689510e-01, 1.41925144e-03, 4.59480784e+02])]
Processing: /xdisk/rgutenk/sgibbon/dadi_msprime_pipeline/dadi_inference_results/allo_2epoch/params6/Full_complex/optimization_allo_2epoch_T30_nu0.75_H0.02_master42_rep17.txt
gim_param_names:
['T_WGD', 'nu', 'H']
gim_best_params:
[19.92670789447977, 0.8205751290667502, 0.0095016821206787]
['T_WGD', 'nu', 'H']
uncerts:
[2.93932124e-01 2.26312664e-02 2.45893986e-03 1.26960886e+02]
uncerts:
[1.16880499e-01 2.91122429e-02 2.49218230e-03 1.58454196e+02]
uncerts:
[3.03374777e-02 1.54210063e-03 2.19283256e-03 1.05844953e+02]
gim_uncerts:
[array([2.93932124e-01, 2.26312664e-02, 2.45893986e-03, 1.26960886e+02]), array([1.16880499e-01, 2.91122429e-02, 2.49218230e-03, 1.58454196e+02]), array([3.03374777e-02, 1.54210063e-03, 2.19283256e-03, 1.05844953e+02])]
Processing: /xdisk/rgutenk/sgibbon/dadi_msprime_pipeline/dadi_inference_results/allo_2epoch/params6/Full_complex/optimization_allo_2epoch_T30_nu0.75_H0.02_master42_rep18.txt
gim_param_names:
['T_WGD', 'nu', 'H']
gim_best_params:
[39.85354726850368, 1.1076645511074914, 0.0138638399082921]
['T_WGD', 'nu', 'H']
uncerts:
[8.46246514e+00 1.56886231e-01 3.43694246e-03 4.00179378e+02]
uncerts:
[2.28459577e+02 5.92538743e+00 7.18180304e-02 1.51219307e+04]
uncerts:
[2.53551307e-01 1.42373068e-02 2.47164641e-03 1.68486420e+02]
gim_uncerts:
[array([8.46246514e+00, 1.56886231e-01, 3.43694246e-03, 4.00179378e+02]), array([2.28459577e+02, 5.92538743e+00, 7.18180304e-02, 1.51219307e+04]), array([2.53551307e-01, 1.42373068e-02, 2.47164641e-03, 1.68486420e+02])]
Processing: /xdisk/rgutenk/sgibbon/dadi_msprime_pipeline/dadi_inference_results/allo_2epoch/params6/Full_complex/optimization_allo_2epoch_T30_nu0.75_H0.02_master42_rep19.txt
gim_param_names:
['T_WGD', 'nu', 'H']
gim_best_params:
[35.622485606992136, 0.8766608488666257, 0.014699738437982]
['T_WGD', 'nu', 'H']
uncerts:
[3.39800788e+00 8.87382475e-02 4.88465903e-03 2.86671595e+02]
uncerts:
[2.45591658e+02 5.58783262e+00 9.07069160e-02 2.11732764e+04]
uncerts:
[2.33140894e+01 6.75085887e-01 1.46279249e-02 2.54809177e+03]
gim_uncerts:
[array([3.39800788e+00, 8.87382475e-02, 4.88465903e-03, 2.86671595e+02]), array([2.45591658e+02, 5.58783262e+00, 9.07069160e-02, 2.11732764e+04]), array([2.33140894e+01, 6.75085887e-01, 1.46279249e-02, 2.54809177e+03])]
Processing: /xdisk/rgutenk/sgibbon/dadi_msprime_pipeline/dadi_inference_results/allo_2epoch/params6/Full_complex/optimization_allo_2epoch_T30_nu0.75_H0.02_master42_rep2.txt
gim_param_names:
['T_WGD', 'nu', 'H']
gim_best_params:
[49.99769040196232, 0.2913169444093312, 0.0818235423477903]
['T_WGD', 'nu', 'H']
uncerts:
[2.56838618e+01 1.90702867e-01 5.52916478e-02 7.05487340e+03]
uncerts:
[1.83322017e+00 2.29478214e-02 1.57971831e-02 1.72772617e+03]
uncerts:
[2.80316185e-02 1.53929759e-04 9.70229908e-03 9.25162424e+02]
gim_uncerts:
[array([2.56838618e+01, 1.90702867e-01, 5.52916478e-02, 7.05487340e+03]), array([1.83322017e+00, 2.29478214e-02, 1.57971831e-02, 1.72772617e+03]), array([2.80316185e-02, 1.53929759e-04, 9.70229908e-03, 9.25162424e+02])]
Processing: /xdisk/rgutenk/sgibbon/dadi_msprime_pipeline/dadi_inference_results/allo_2epoch/params6/Full_complex/optimization_allo_2epoch_T30_nu0.75_H0.02_master42_rep20.txt
gim_param_names:
['T_WGD', 'nu', 'H']
gim_best_params:
[16.92066542222617, 0.5849950742341938, 0.0157910766963838]
['T_WGD', 'nu', 'H']
uncerts:
[4.31929133e-01 2.51220967e-02 3.68653885e-03 2.34729669e+02]
uncerts:
[3.11169768e-01 1.76430474e-02 3.49182780e-03 1.80133872e+02]
uncerts:
[3.94182045e-02 1.74141729e-03 2.85757985e-03 1.56889107e+02]
gim_uncerts:
[array([4.31929133e-01, 2.51220967e-02, 3.68653885e-03, 2.34729669e+02]), array([3.11169768e-01, 1.76430474e-02, 3.49182780e-03, 1.80133872e+02]), array([3.94182045e-02, 1.74141729e-03, 2.85757985e-03, 1.56889107e+02])]
Processing: /xdisk/rgutenk/sgibbon/dadi_msprime_pipeline/dadi_inference_results/allo_2epoch/params6/Full_complex/optimization_allo_2epoch_T30_nu0.75_H0.02_master42_rep21.txt
gim_param_names:
['T_WGD', 'nu', 'H']
gim_best_params:
[48.84776544627407, 1.5123155080149482, 0.0070517016058979]
['T_WGD', 'nu', 'H']
uncerts:
[1.89405221e+00 6.82050390e-02 1.66580023e-03 8.70299731e+01]
uncerts:
[1.78334963e+00 6.17415534e-02 1.65482310e-03 8.43268874e+01]
uncerts:
[2.11616755e-01 8.74572289e-03 1.33905494e-03 7.87270936e+01]
gim_uncerts:
[array([1.89405221e+00, 6.82050390e-02, 1.66580023e-03, 8.70299731e+01]), array([1.78334963e+00, 6.17415534e-02, 1.65482310e-03, 8.43268874e+01]), array([2.11616755e-01, 8.74572289e-03, 1.33905494e-03, 7.87270936e+01])]
Processing: /xdisk/rgutenk/sgibbon/dadi_msprime_pipeline/dadi_inference_results/allo_2epoch/params6/Full_complex/optimization_allo_2epoch_T30_nu0.75_H0.02_master42_rep22.txt
gim_param_names:
['T_WGD', 'nu', 'H']
gim_best_params:
[31.91868561419622, 0.8576628790012336, 0.0138078388272453]
['T_WGD', 'nu', 'H']
uncerts:
[6.64777528e+00 5.72469861e-02 3.38448068e-03 2.45942593e+02]
uncerts:
[2.37488081e+00 7.04447632e-02 4.50371106e-03 2.57872823e+02]
uncerts:
[5.97774322e-01 1.99198487e-02 3.17105213e-03 2.16544518e+02]
gim_uncerts:
[array([6.64777528e+00, 5.72469861e-02, 3.38448068e-03, 2.45942593e+02]), array([2.37488081e+00, 7.04447632e-02, 4.50371106e-03, 2.57872823e+02]), array([5.97774322e-01, 1.99198487e-02, 3.17105213e-03, 2.16544518e+02])]
Processing: /xdisk/rgutenk/sgibbon/dadi_msprime_pipeline/dadi_inference_results/allo_2epoch/params6/Full_complex/optimization_allo_2epoch_T30_nu0.75_H0.02_master42_rep23.txt
gim_param_names:
['T_WGD', 'nu', 'H']
gim_best_params:
[21.4197680796674, 0.7205671623480772, 0.0221202157942737]
['T_WGD', 'nu', 'H']
uncerts:
[2.28165816e+00 4.07311871e-02 5.12589972e-03 2.41745136e+02]
uncerts:
[1.16572148e+00 4.41038478e-02 5.56933921e-03 2.75278548e+02]
uncerts:
[1.09368246e-01 1.11265506e-02 4.21351203e-03 2.36132571e+02]
gim_uncerts:
[array([2.28165816e+00, 4.07311871e-02, 5.12589972e-03, 2.41745136e+02]), array([1.16572148e+00, 4.41038478e-02, 5.56933921e-03, 2.75278548e+02]), array([1.09368246e-01, 1.11265506e-02, 4.21351203e-03, 2.36132571e+02])]
Processing: /xdisk/rgutenk/sgibbon/dadi_msprime_pipeline/dadi_inference_results/allo_2epoch/params6/Full_complex/optimization_allo_2epoch_T30_nu0.75_H0.02_master42_rep24.txt
gim_param_names:
['T_WGD', 'nu', 'H']
gim_best_params:
[17.771913492274734, 0.3483871793986348, 0.0461807440657614]
['T_WGD', 'nu', 'H']
uncerts:
[1.80641734e+00 9.11907580e-02 2.21506380e-02 2.04682290e+03]
uncerts:
[8.89213198e-01 2.28086487e-02 1.12290485e-02 8.60007196e+02]
uncerts:
[1.20772504e-02 3.33407701e-04 7.50599701e-03 5.36150806e+02]
gim_uncerts:
[array([1.80641734e+00, 9.11907580e-02, 2.21506380e-02, 2.04682290e+03]), array([8.89213198e-01, 2.28086487e-02, 1.12290485e-02, 8.60007196e+02]), array([1.20772504e-02, 3.33407701e-04, 7.50599701e-03, 5.36150806e+02])]
Processing: /xdisk/rgutenk/sgibbon/dadi_msprime_pipeline/dadi_inference_results/allo_2epoch/params6/Full_complex/optimization_allo_2epoch_T30_nu0.75_H0.02_master42_rep3.txt
gim_param_names:
['T_WGD', 'nu', 'H']
gim_best_params:
[19.475383905270427, 0.4653840554619567, 0.0339049233732041]
['T_WGD', 'nu', 'H']
uncerts:
[1.88190426e+00 5.97641830e-02 1.07231358e-02 7.82463769e+02]
uncerts:
[1.07225196e+00 2.91374958e-02 7.91049693e-03 5.40274607e+02]
uncerts:
[8.04490007e-02 3.42097878e-03 5.58891905e-03 3.88583116e+02]
gim_uncerts:
[array([1.88190426e+00, 5.97641830e-02, 1.07231358e-02, 7.82463769e+02]), array([1.07225196e+00, 2.91374958e-02, 7.91049693e-03, 5.40274607e+02]), array([8.04490007e-02, 3.42097878e-03, 5.58891905e-03, 3.88583116e+02])]
Processing: /xdisk/rgutenk/sgibbon/dadi_msprime_pipeline/dadi_inference_results/allo_2epoch/params6/Full_complex/optimization_allo_2epoch_T30_nu0.75_H0.02_master42_rep4.txt
gim_param_names:
['T_WGD', 'nu', 'H']
gim_best_params:
[40.52585054494709, 0.917621857371126, 0.0198196780386094]
['T_WGD', 'nu', 'H']
uncerts:
[6.42685581e+00 1.47227313e-01 6.94176542e-03 4.52258320e+02]
uncerts:
[4.31761342e+00 1.14894980e-01 5.93287904e-03 4.08284482e+02]
uncerts:
[6.68449340e-02 1.70862684e-03 2.71710536e-03 1.99607197e+02]
gim_uncerts:
[array([6.42685581e+00, 1.47227313e-01, 6.94176542e-03, 4.52258320e+02]), array([4.31761342e+00, 1.14894980e-01, 5.93287904e-03, 4.08284482e+02]), array([6.68449340e-02, 1.70862684e-03, 2.71710536e-03, 1.99607197e+02])]
Processing: /xdisk/rgutenk/sgibbon/dadi_msprime_pipeline/dadi_inference_results/allo_2epoch/params6/Full_complex/optimization_allo_2epoch_T30_nu0.75_H0.02_master42_rep5.txt
gim_param_names:
['T_WGD', 'nu', 'H']
gim_best_params:
[35.47114869871681, 0.9714885052172242, 0.0143346937280454]
['T_WGD', 'nu', 'H']
uncerts:
[2.78174437e+00 9.55824410e-02 4.64777538e-03 2.84906724e+02]
uncerts:
[2.17611516e+00 7.37763349e-02 4.18774606e-03 2.56523062e+02]
uncerts:
[1.51435517e-01 5.96582313e-03 2.67540927e-03 1.87956746e+02]
gim_uncerts:
[array([2.78174437e+00, 9.55824410e-02, 4.64777538e-03, 2.84906724e+02]), array([2.17611516e+00, 7.37763349e-02, 4.18774606e-03, 2.56523062e+02]), array([1.51435517e-01, 5.96582313e-03, 2.67540927e-03, 1.87956746e+02])]
Processing: /xdisk/rgutenk/sgibbon/dadi_msprime_pipeline/dadi_inference_results/allo_2epoch/params6/Full_complex/optimization_allo_2epoch_T30_nu0.75_H0.02_master42_rep6.txt
gim_param_names:
['T_WGD', 'nu', 'H']
gim_best_params:
[33.23734445423392, 0.9525737280439364, 0.0116907400501938]
['T_WGD', 'nu', 'H']
uncerts:
[1.82634877e+00 4.72854870e-02 2.86493008e-03 1.61467443e+02]
uncerts:
[1.22797617e+00 3.99553333e-02 2.76334460e-03 1.63164512e+02]
uncerts:
[1.13547811e-01 3.99530393e-03 2.22634900e-03 1.45269643e+02]
gim_uncerts:
[array([1.82634877e+00, 4.72854870e-02, 2.86493008e-03, 1.61467443e+02]), array([1.22797617e+00, 3.99553333e-02, 2.76334460e-03, 1.63164512e+02]), array([1.13547811e-01, 3.99530393e-03, 2.22634900e-03, 1.45269643e+02])]
Processing: /xdisk/rgutenk/sgibbon/dadi_msprime_pipeline/dadi_inference_results/allo_2epoch/params6/Full_complex/optimization_allo_2epoch_T30_nu0.75_H0.02_master42_rep7.txt
gim_param_names:
['T_WGD', 'nu', 'H']
gim_best_params:
[48.11407084384804, 1.3423286959910423, 0.0090232615014677]
['T_WGD', 'nu', 'H']
uncerts:
[3.40011879e+00 1.04702255e-01 1.82067100e-03 1.66096849e+02]
uncerts:
[4.54236751e+00 1.10156084e-02 1.30011058e-03 6.20195641e+01]
uncerts:
[5.95771313e+00 1.13885798e-01 1.37177281e-03 2.07690617e+02]
gim_uncerts:
[array([3.40011879e+00, 1.04702255e-01, 1.82067100e-03, 1.66096849e+02]), array([4.54236751e+00, 1.10156084e-02, 1.30011058e-03, 6.20195641e+01]), array([5.95771313e+00, 1.13885798e-01, 1.37177281e-03, 2.07690617e+02])]
Processing: /xdisk/rgutenk/sgibbon/dadi_msprime_pipeline/dadi_inference_results/allo_2epoch/params6/Full_complex/optimization_allo_2epoch_T30_nu0.75_H0.02_master42_rep8.txt
gim_param_names:
['T_WGD', 'nu', 'H']
gim_best_params:
[19.18187612328704, 0.5605408164670408, 0.0236423817289827]
['T_WGD', 'nu', 'H']
uncerts:
[2.10728972e+00 4.50386861e-02 7.16530168e-03 3.78226184e+02]
uncerts:
[1.38053680e+00 4.54647793e-02 7.11831989e-03 4.27651055e+02]
uncerts:
[1.59808165e-01 7.23123235e-03 4.60780583e-03 3.34423845e+02]
gim_uncerts:
[array([2.10728972e+00, 4.50386861e-02, 7.16530168e-03, 3.78226184e+02]), array([1.38053680e+00, 4.54647793e-02, 7.11831989e-03, 4.27651055e+02]), array([1.59808165e-01, 7.23123235e-03, 4.60780583e-03, 3.34423845e+02])]
Processing: /xdisk/rgutenk/sgibbon/dadi_msprime_pipeline/dadi_inference_results/allo_2epoch/params6/Full_complex/optimization_allo_2epoch_T30_nu0.75_H0.02_master42_rep9.txt
gim_param_names:
['T_WGD', 'nu', 'H']
gim_best_params:
[33.16309977988619, 0.7274220725850078, 0.0217020336652332]
['T_WGD', 'nu', 'H']
uncerts:
[2.35740655e+01 3.13473071e-01 7.34576137e-03 1.75395713e+03]
uncerts:
[2.17084304e+00 5.12282807e-02 6.23200183e-03 4.07605339e+02]
uncerts:
[2.19731851e+00 5.49075614e-02 5.67096040e-03 5.53762500e+02]
gim_uncerts:
[array([2.35740655e+01, 3.13473071e-01, 7.34576137e-03, 1.75395713e+03]), array([2.17084304e+00, 5.12282807e-02, 6.23200183e-03, 4.07605339e+02]), array([2.19731851e+00, 5.49075614e-02, 5.67096040e-03, 5.53762500e+02])]
Summary saved to: results_base/full_summary.csv
Running LRT:
Computing LRT for: /xdisk/rgutenk/sgibbon/dadi_msprime_pipeline/msprime_tree_sequences/allo_2epoch/params6/allo_2epoch_T30_nu0.75_H0.02_master42_rep0.trees
Computing LRT for: /xdisk/rgutenk/sgibbon/dadi_msprime_pipeline/msprime_tree_sequences/allo_2epoch/params6/allo_2epoch_T30_nu0.75_H0.02_master42_rep1.trees
Computing LRT for: /xdisk/rgutenk/sgibbon/dadi_msprime_pipeline/msprime_tree_sequences/allo_2epoch/params6/allo_2epoch_T30_nu0.75_H0.02_master42_rep10.trees
Computing LRT for: /xdisk/rgutenk/sgibbon/dadi_msprime_pipeline/msprime_tree_sequences/allo_2epoch/params6/allo_2epoch_T30_nu0.75_H0.02_master42_rep11.trees
Computing LRT for: /xdisk/rgutenk/sgibbon/dadi_msprime_pipeline/msprime_tree_sequences/allo_2epoch/params6/allo_2epoch_T30_nu0.75_H0.02_master42_rep12.trees
Computing LRT for: /xdisk/rgutenk/sgibbon/dadi_msprime_pipeline/msprime_tree_sequences/allo_2epoch/params6/allo_2epoch_T30_nu0.75_H0.02_master42_rep13.trees
Computing LRT for: /xdisk/rgutenk/sgibbon/dadi_msprime_pipeline/msprime_tree_sequences/allo_2epoch/params6/allo_2epoch_T30_nu0.75_H0.02_master42_rep14.trees
Computing LRT for: /xdisk/rgutenk/sgibbon/dadi_msprime_pipeline/msprime_tree_sequences/allo_2epoch/params6/allo_2epoch_T30_nu0.75_H0.02_master42_rep15.trees
Computing LRT for: /xdisk/rgutenk/sgibbon/dadi_msprime_pipeline/msprime_tree_sequences/allo_2epoch/params6/allo_2epoch_T30_nu0.75_H0.02_master42_rep16.trees
Computing LRT for: /xdisk/rgutenk/sgibbon/dadi_msprime_pipeline/msprime_tree_sequences/allo_2epoch/params6/allo_2epoch_T30_nu0.75_H0.02_master42_rep17.trees
Computing LRT for: /xdisk/rgutenk/sgibbon/dadi_msprime_pipeline/msprime_tree_sequences/allo_2epoch/params6/allo_2epoch_T30_nu0.75_H0.02_master42_rep18.trees
Computing LRT for: /xdisk/rgutenk/sgibbon/dadi_msprime_pipeline/msprime_tree_sequences/allo_2epoch/params6/allo_2epoch_T30_nu0.75_H0.02_master42_rep19.trees
Computing LRT for: /xdisk/rgutenk/sgibbon/dadi_msprime_pipeline/msprime_tree_sequences/allo_2epoch/params6/allo_2epoch_T30_nu0.75_H0.02_master42_rep2.trees
Computing LRT for: /xdisk/rgutenk/sgibbon/dadi_msprime_pipeline/msprime_tree_sequences/allo_2epoch/params6/allo_2epoch_T30_nu0.75_H0.02_master42_rep20.trees
Computing LRT for: /xdisk/rgutenk/sgibbon/dadi_msprime_pipeline/msprime_tree_sequences/allo_2epoch/params6/allo_2epoch_T30_nu0.75_H0.02_master42_rep21.trees
Computing LRT for: /xdisk/rgutenk/sgibbon/dadi_msprime_pipeline/msprime_tree_sequences/allo_2epoch/params6/allo_2epoch_T30_nu0.75_H0.02_master42_rep22.trees
Computing LRT for: /xdisk/rgutenk/sgibbon/dadi_msprime_pipeline/msprime_tree_sequences/allo_2epoch/params6/allo_2epoch_T30_nu0.75_H0.02_master42_rep23.trees
Computing LRT for: /xdisk/rgutenk/sgibbon/dadi_msprime_pipeline/msprime_tree_sequences/allo_2epoch/params6/allo_2epoch_T30_nu0.75_H0.02_master42_rep24.trees
Computing LRT for: /xdisk/rgutenk/sgibbon/dadi_msprime_pipeline/msprime_tree_sequences/allo_2epoch/params6/allo_2epoch_T30_nu0.75_H0.02_master42_rep3.trees
Computing LRT for: /xdisk/rgutenk/sgibbon/dadi_msprime_pipeline/msprime_tree_sequences/allo_2epoch/params6/allo_2epoch_T30_nu0.75_H0.02_master42_rep4.trees
Computing LRT for: /xdisk/rgutenk/sgibbon/dadi_msprime_pipeline/msprime_tree_sequences/allo_2epoch/params6/allo_2epoch_T30_nu0.75_H0.02_master42_rep5.trees
Computing LRT for: /xdisk/rgutenk/sgibbon/dadi_msprime_pipeline/msprime_tree_sequences/allo_2epoch/params6/allo_2epoch_T30_nu0.75_H0.02_master42_rep6.trees
Computing LRT for: /xdisk/rgutenk/sgibbon/dadi_msprime_pipeline/msprime_tree_sequences/allo_2epoch/params6/allo_2epoch_T30_nu0.75_H0.02_master42_rep7.trees
Computing LRT for: /xdisk/rgutenk/sgibbon/dadi_msprime_pipeline/msprime_tree_sequences/allo_2epoch/params6/allo_2epoch_T30_nu0.75_H0.02_master42_rep8.trees
Computing LRT for: /xdisk/rgutenk/sgibbon/dadi_msprime_pipeline/msprime_tree_sequences/allo_2epoch/params6/allo_2epoch_T30_nu0.75_H0.02_master42_rep9.trees
LRT results saved to: results_base/LRT.csv
==========================================
Job completed at: Fri Apr  3 07:44:55 MST 2026
==========================================
